Component: Arm Compiler for Embedded 6.21 Tool: armlink [5ec1fa00]

==============================================================================

Section Cross References

    startup_stm32f103xb.o(STACK) refers (Special) to heapauxi.o(.text) for __use_two_region_memory
    startup_stm32f103xb.o(HEAP) refers (Special) to heapauxi.o(.text) for __use_two_region_memory
    startup_stm32f103xb.o(RESET) refers (Special) to heapauxi.o(.text) for __use_two_region_memory
    startup_stm32f103xb.o(RESET) refers to startup_stm32f103xb.o(STACK) for __initial_sp
    startup_stm32f103xb.o(RESET) refers to startup_stm32f103xb.o(.text) for Reset_Handler
    startup_stm32f103xb.o(RESET) refers to stm32f1xx_it.o(.text.NMI_Handler) for NMI_Handler
    startup_stm32f103xb.o(RESET) refers to stm32f1xx_it.o(.text.HardFault_Handler) for HardFault_Handler
    startup_stm32f103xb.o(RESET) refers to stm32f1xx_it.o(.text.MemManage_Handler) for MemManage_Handler
    startup_stm32f103xb.o(RESET) refers to stm32f1xx_it.o(.text.BusFault_Handler) for BusFault_Handler
    startup_stm32f103xb.o(RESET) refers to stm32f1xx_it.o(.text.UsageFault_Handler) for UsageFault_Handler
    startup_stm32f103xb.o(RESET) refers to stm32f1xx_it.o(.text.SVC_Handler) for SVC_Handler
    startup_stm32f103xb.o(RESET) refers to stm32f1xx_it.o(.text.DebugMon_Handler) for DebugMon_Handler
    startup_stm32f103xb.o(RESET) refers to stm32f1xx_it.o(.text.PendSV_Handler) for PendSV_Handler
    startup_stm32f103xb.o(RESET) refers to stm32f1xx_it.o(.text.SysTick_Handler) for SysTick_Handler
    startup_stm32f103xb.o(RESET) refers to stm32f1xx_it.o(.text.DMA1_Channel1_IRQHandler) for DMA1_Channel1_IRQHandler
    startup_stm32f103xb.o(RESET) refers to stm32f1xx_it.o(.text.ADC1_2_IRQHandler) for ADC1_2_IRQHandler
    startup_stm32f103xb.o(RESET) refers to stm32f1xx_it.o(.text.TIM1_BRK_IRQHandler) for TIM1_BRK_IRQHandler
    startup_stm32f103xb.o(RESET) refers to stm32f1xx_it.o(.text.TIM1_CC_IRQHandler) for TIM1_CC_IRQHandler
    startup_stm32f103xb.o(RESET) refers to stm32f1xx_it.o(.text.TIM2_IRQHandler) for TIM2_IRQHandler
    startup_stm32f103xb.o(.text) refers (Special) to heapauxi.o(.text) for __use_two_region_memory
    startup_stm32f103xb.o(.text) refers to system_stm32f1xx.o(.text.SystemInit) for SystemInit
    startup_stm32f103xb.o(.text) refers to __main.o(!!!main) for __main
    startup_stm32f103xb.o(.text) refers to startup_stm32f103xb.o(HEAP) for Heap_Mem
    startup_stm32f103xb.o(.text) refers to startup_stm32f103xb.o(STACK) for Stack_Mem
    main.o(.text.main) refers to rt_memclr_w.o(.text) for __aeabi_memclr4
    main.o(.text.main) refers to stm32f1xx_hal.o(.text.HAL_Init) for HAL_Init
    main.o(.text.main) refers to main.o(.text.SystemClock_Config) for SystemClock_Config
    main.o(.text.main) refers to stm32f1xx_hal.o(.text.HAL_Delay) for HAL_Delay
    main.o(.text.main) refers to gpio.o(.text.MX_GPIO_Init) for MX_GPIO_Init
    main.o(.text.main) refers to dma.o(.text.MX_DMA_Init) for MX_DMA_Init
    main.o(.text.main) refers to adc.o(.text.MX_ADC1_Init) for MX_ADC1_Init
    main.o(.text.main) refers to tim.o(.text.MX_TIM1_Init) for MX_TIM1_Init
    main.o(.text.main) refers to tim.o(.text.MX_TIM2_Init) for MX_TIM2_Init
    main.o(.text.main) refers to iwdg.o(.text.MX_IWDG_Init) for MX_IWDG_Init
    main.o(.text.main) refers to tim.o(.bss.htim2) for htim2
    main.o(.text.main) refers to fsm_tick.o(.text.FSM_Tick_Attach) for FSM_Tick_Attach
    main.o(.text.main) refers to adc_utils.o(.text.ADC_AttachContext) for ADC_AttachContext
    main.o(.text.main) refers to input_capture_utils.o(.text.IC_AttachContext) for IC_AttachContext
    main.o(.text.main) refers to pwm.o(.text.PWM_AttachContext) for PWM_AttachContext
    main.o(.text.main) refers to digital_inpuet.o(.text.DI_AttachContext) for DI_AttachContext
    main.o(.text.main) refers to pwm_fsm.o(.text.PWM_FSM_Init) for PWM_FSM_Init
    main.o(.text.main) refers to main.o(.bss.h7seg) for h7seg
    main.o(.text.main) refers to sevenseg.o(.text.SevenSeg_Init) for SevenSeg_Init
    main.o(.text.main) refers to iwdg.o(.text.IWDG_Start_F1) for IWDG_Start_F1
    main.o(.text.main) refers to main.o(.bss.evt) for evt
    main.o(.text.main) refers to pwm_fsm.o(.rodata.keyAct) for keyAct
    main.o(.text.main) refers to value_to_string.o(.data.segmentMode) for segmentMode
    main.o(.text.main) refers to value_to_string.o(.rodata.sevenSegmentModeHandler) for sevenSegmentModeHandler
    main.o(.text.main) refers to main.o(.data.buffer) for buffer
    main.o(.text.main) refers to main.o(.rodata.stateFunc) for stateFunc
    main.o(.text.main) refers to pwm_fsm.o(.text.DequeueEvent) for DequeueEvent
    main.o(.text.main) refers to pwm_fsm.o(.text.PWM_FSM_HandleEvent) for PWM_FSM_HandleEvent
    main.o(.text.main) refers to sevenseg.o(.text.SevenSeg_BufferUpdate) for SevenSeg_BufferUpdate
    main.o(.text.main) refers to sevenseg.o(.text.SevenSeg_Update) for SevenSeg_Update
[...]
    BusFault_Handler                         0x08001261   Thumb Code     2  stm32f1xx_it.o(.text.BusFault_Handler)
    CC_Func_Finishing                        0x08001265   Thumb Code    10  adc_utils.o(.text.CC_Func_Finishing)
    CC_Func_GetTrig                          0x08001271   Thumb Code    34  adc_utils.o(.text.CC_Func_GetTrig)
    CC_Func_Measuringccuracy                 0x08001295   Thumb Code    88  adc_utils.o(.text.CC_Func_Measuringccuracy)
    CC_Func_Processing                       0x080012ed   Thumb Code    76  adc_utils.o(.text.CC_Func_Processing)
    CC_Func_ResetTrig                        0x08001339   Thumb Code    88  adc_utils.o(.text.CC_Func_ResetTrig)
    CC_Func_Sampling                         0x08001391   Thumb Code    52  adc_utils.o(.text.CC_Func_Sampling)
    CC_Func_SetAWD                           0x080013c5   Thumb Code    72  adc_utils.o(.text.CC_Func_SetAWD)
    CC_Func_SetTrig                          0x0800140d   Thumb Code    68  adc_utils.o(.text.CC_Func_SetTrig)
    CC_Func_Start                            0x08001451   Thumb Code    28  adc_utils.o(.text.CC_Func_Start)
    DI_AttachContext                         0x0800146d   Thumb Code     2  digital_inpuet.o(.text.DI_AttachContext)
    DMA1_Channel1_IRQHandler                 0x08001471   Thumb Code    12  stm32f1xx_it.o(.text.DMA1_Channel1_IRQHandler)
    DMA_Processing                           0x0800147d   Thumb Code   146  adc_utils.o(.text.DMA_Processing)
    DMA_Sampling                             0x08001511   Thumb Code    24  adc_utils.o(.text.DMA_Sampling)
    DebugMon_Handler                         0x08001529   Thumb Code     2  stm32f1xx_it.o(.text.DebugMon_Handler)
    DequeueEvent                             0x0800152d   Thumb Code     8  pwm_fsm.o(.text.DequeueEvent)
    DequeueEvent_ctx                         0x08001535   Thumb Code    36  event_queue.o(.text.DequeueEvent_ctx)
    Enable_ProtectionInterrupts              0x08001559   Thumb Code    40  pwm.o(.text.Enable_ProtectionInterrupts)
    EnqueueEvent_ctx                         0x08001581   Thumb Code    32  event_queue.o(.text.EnqueueEvent_ctx)
    Error_Handler                            0x080015a1   Thumb Code    10  main.o(.text.Error_Handler)
    FSM_Tick_Attach                          0x080015ad   Thumb Code    12  fsm_tick.o(.text.FSM_Tick_Attach)
    FSM_Tick_OnPeriodElapsed                 0x080015b9   Thumb Code   130  fsm_tick.o(.text.FSM_Tick_OnPeriodElapsed)
    HAL_ADCEx_Calibration_Start              0x0800163d   Thumb Code   234  stm32f1xx_hal_adc_ex.o(.text.HAL_ADCEx_Calibration_Start)
    HAL_ADCEx_InjectedConfigChannel          0x08001729   Thumb Code   452  stm32f1xx_hal_adc_ex.o(.text.HAL_ADCEx_InjectedConfigChannel)
    HAL_ADCEx_InjectedConvCpltCallback       0x080018ed   Thumb Code    76  adc_utils.o(.text.HAL_ADCEx_InjectedConvCpltCallback)
    HAL_ADCEx_InjectedGetValue               0x08001939   Thumb Code    38  stm32f1xx_hal_adc_ex.o(.text.HAL_ADCEx_InjectedGetValue)
    HAL_ADCEx_InjectedStart_IT               0x08001961   Thumb Code   180  stm32f1xx_hal_adc_ex.o(.text.HAL_ADCEx_InjectedStart_IT)
    HAL_ADCEx_InjectedStop_IT                0x08001a15   Thumb Code    84  stm32f1xx_hal_adc_ex.o(.text.HAL_ADCEx_InjectedStop_IT)
    HAL_ADC_AnalogWDGConfig                  0x08001a69   Thumb Code    84  stm32f1xx_hal_adc.o(.text.HAL_ADC_AnalogWDGConfig)
    HAL_ADC_ConfigChannel                    0x08001abd   Thumb Code   270  stm32f1xx_hal_adc.o(.text.HAL_ADC_ConfigChannel)
    HAL_ADC_ConvCpltCallback                 0x08001bcd   Thumb Code   114  adc_utils.o(.text.HAL_ADC_ConvCpltCallback)
    HAL_ADC_ConvHalfCpltCallback             0x08001c41   Thumb Code     2  stm32f1xx_hal_adc.o(.text.HAL_ADC_ConvHalfCpltCallback)
    HAL_ADC_ErrorCallback                    0x08001c45   Thumb Code     2  stm32f1xx_hal_adc.o(.text.HAL_ADC_ErrorCallback)
    HAL_ADC_IRQHandler                       0x08001c49   Thumb Code   238  stm32f1xx_hal_adc.o(.text.HAL_ADC_IRQHandler)
    HAL_ADC_Init                             0x08001d39   Thumb Code   352  stm32f1xx_hal_adc.o(.text.HAL_ADC_Init)
    HAL_ADC_LevelOutOfWindowCallback         0x08001e99   Thumb Code    92  adc_utils.o(.text.HAL_ADC_LevelOutOfWindowCallback)
    HAL_ADC_MspInit                          0x08001ef5   Thumb Code   182  adc.o(.text.HAL_ADC_MspInit)
    HAL_ADC_Start_DMA                        0x08001fad   Thumb Code   310  stm32f1xx_hal_adc.o(.text.HAL_ADC_Start_DMA)
    HAL_ADC_Stop                             0x080020e5   Thumb Code   140  stm32f1xx_hal_adc.o(.text.HAL_ADC_Stop)
    HAL_ADC_Stop_DMA                         0x08002171   Thumb Code   172  stm32f1xx_hal_adc.o(.text.HAL_ADC_Stop_DMA)
    HAL_DMA_Abort                            0x0800221d   Thumb Code    64  stm32f1xx_hal_dma.o(.text.HAL_DMA_Abort)
    HAL_DMA_IRQHandler                       0x0800225d   Thumb Code   360  stm32f1xx_hal_dma.o(.text.HAL_DMA_IRQHandler)
    HAL_DMA_Init                             0x080023c5   Thumb Code   134  stm32f1xx_hal_dma.o(.text.HAL_DMA_Init)
    HAL_DMA_Start_IT                         0x0800244d   Thumb Code   156  stm32f1xx_hal_dma.o(.text.HAL_DMA_Start_IT)
    HAL_Delay                                0x080024e9   Thumb Code    40  stm32f1xx_hal.o(.text.HAL_Delay)
    HAL_GPIO_Init                            0x08002511   Thumb Code   512  stm32f1xx_hal_gpio.o(.text.HAL_GPIO_Init)
    HAL_GPIO_WritePin                        0x08002711   Thumb Code    10  stm32f1xx_hal_gpio.o(.text.HAL_GPIO_WritePin)
    HAL_GetTick                              0x0800271d   Thumb Code    12  stm32f1xx_hal.o(.text.HAL_GetTick)
    HAL_IWDG_Init                            0x08002729   Thumb Code    96  stm32f1xx_hal_iwdg.o(.text.HAL_IWDG_Init)
    HAL_IncTick                              0x08002789   Thumb Code    26  stm32f1xx_hal.o(.text.HAL_IncTick)
    HAL_Init                                 0x080027a5   Thumb Code    38  stm32f1xx_hal.o(.text.HAL_Init)
    HAL_InitTick                             0x080027cd   Thumb Code    80  stm32f1xx_hal.o(.text.HAL_InitTick)
    HAL_MspInit                              0x0800281d   Thumb Code    66  stm32f1xx_hal_msp.o(.text.HAL_MspInit)
    HAL_NVIC_EnableIRQ                       0x08002861   Thumb Code    32  stm32f1xx_hal_cortex.o(.text.HAL_NVIC_EnableIRQ)
    HAL_NVIC_SetPriority                     0x08002881   Thumb Code    86  stm32f1xx_hal_cortex.o(.text.HAL_NVIC_SetPriority)
    HAL_NVIC_SetPriorityGrouping             0x080028d9   Thumb Code    32  stm32f1xx_hal_cortex.o(.text.HAL_NVIC_SetPriorityGrouping)
    HAL_PWM_GetARR                           0x080028f9   Thumb Code    14  pwm_hal.o(.text.HAL_PWM_GetARR)
    HAL_PWM_Init                             0x08002909   Thumb Code    38  pwm_hal.o(.text.HAL_PWM_Init)
    HAL_PWM_Reset_Counter                    0x08002931   Thumb Code    16  pwm_hal.o(.text.HAL_PWM_Reset_Counter)
    HAL_PWM_SetARR                           0x08002941   Thumb Code    16  pwm_hal.o(.text.HAL_PWM_SetARR)
    HAL_PWM_SetCompare                       0x08002951   Thumb Code    62  pwm_hal.o(.text.HAL_PWM_SetCompare)
    HAL_PWM_SetDeadTime                      0x08002991   Thumb Code    22  pwm_hal.o(.text.HAL_PWM_SetDeadTime)
    HAL_PWM_Start                            0x080029a9   Thumb Code    50  pwm_hal.o(.text.HAL_PWM_Start)
    HAL_PWM_Stop                             0x080029dd   Thumb Code    46  pwm_hal.o(.text.HAL_PWM_Stop)
    HAL_PWM_TIMER_Disable                    0x08002a0d   Thumb Code    44  pwm_hal.o(.text.HAL_PWM_TIMER_Disable)
    HAL_PWM_TIMER_Enable                     0x08002a39   Thumb Code    20  pwm_hal.o(.text.HAL_PWM_TIMER_Enable)
    HAL_RCCEx_GetPeriphCLKFreq               0x08002a4d   Thumb Code   232  stm32f1xx_hal_rcc_ex.o(.text.HAL_RCCEx_GetPeriphCLKFreq)
    HAL_RCCEx_PeriphCLKConfig                0x08002b49   Thumb Code   254  stm32f1xx_hal_rcc_ex.o(.text.HAL_RCCEx_PeriphCLKConfig)
    HAL_RCC_ClockConfig                      0x08002c49   Thumb Code   442  stm32f1xx_hal_rcc.o(.text.HAL_RCC_ClockConfig)
    HAL_RCC_GetPCLK2Freq                     0x08002e05   Thumb Code    38  stm32f1xx_hal_rcc.o(.text.HAL_RCC_GetPCLK2Freq)
    HAL_RCC_OscConfig                        0x08002e2d   Thumb Code   832  stm32f1xx_hal_rcc.o(.text.HAL_RCC_OscConfig)
    HAL_SYSTICK_Config                       0x0800316d   Thumb Code    44  stm32f1xx_hal_cortex.o(.text.HAL_SYSTICK_Config)
    HAL_TIMEx_BreakCallback                  0x08003199   Thumb Code     2  stm32f1xx_hal_tim_ex.o(.text.HAL_TIMEx_BreakCallback)
    HAL_TIMEx_CommutCallback                 0x0800319d   Thumb Code     2  stm32f1xx_hal_tim_ex.o(.text.HAL_TIMEx_CommutCallback)
    HAL_TIMEx_ConfigBreakDeadTime            0x080031a1   Thumb Code    80  stm32f1xx_hal_tim_ex.o(.text.HAL_TIMEx_ConfigBreakDeadTime)
    HAL_TIMEx_MasterConfigSynchronization    0x080031f1   Thumb Code   122  stm32f1xx_hal_tim_ex.o(.text.HAL_TIMEx_MasterConfigSynchronization)
    HAL_TIMEx_PWMN_Start                     0x0800326d   Thumb Code   176  stm32f1xx_hal_tim_ex.o(.text.HAL_TIMEx_PWMN_Start)
    HAL_TIMEx_PWMN_Stop                      0x0800331d   Thumb Code   136  stm32f1xx_hal_tim_ex.o(.text.HAL_TIMEx_PWMN_Stop)
    HAL_TIM_Base_Init                        0x080033a5   Thumb Code   230  stm32f1xx_hal_tim.o(.text.HAL_TIM_Base_Init)
    HAL_TIM_Base_MspInit                     0x0800348d   Thumb Code   214  tim.o(.text.HAL_TIM_Base_MspInit)
    HAL_TIM_Base_Start_IT                    0x08003565   Thumb Code   102  stm32f1xx_hal_tim.o(.text.HAL_TIM_Base_Start_IT)
    HAL_TIM_ConfigClockSource                0x080035cd   Thumb Code   418  stm32f1xx_hal_tim.o(.text.HAL_TIM_ConfigClockSource)
    HAL_TIM_IC_CaptureCallback               0x08003771   Thumb Code   206  input_capture_utils.o(.text.HAL_TIM_IC_CaptureCallback)
    HAL_TIM_IC_ConfigChannel                 0x08003841   Thumb Code   370  stm32f1xx_hal_tim.o(.text.HAL_TIM_IC_ConfigChannel)
    HAL_TIM_IC_Init                          0x080039b5   Thumb Code   230  stm32f1xx_hal_tim.o(.text.HAL_TIM_IC_Init)
    HAL_TIM_IC_MspInit                       0x08003a9d   Thumb Code     2  stm32f1xx_hal_tim.o(.text.HAL_TIM_IC_MspInit)
    HAL_TIM_IC_Start_IT                      0x08003aa1   Thumb Code   294  stm32f1xx_hal_tim.o(.text.HAL_TIM_IC_Start_IT)
    HAL_TIM_IRQHandler                       0x08003bc9   Thumb Code   330  stm32f1xx_hal_tim.o(.text.HAL_TIM_IRQHandler)
    HAL_TIM_OC_DelayElapsedCallback          0x08003d15   Thumb Code     2  stm32f1xx_hal_tim.o(.text.HAL_TIM_OC_DelayElapsedCallback)
    HAL_TIM_PWM_ConfigChannel                0x08003d19   Thumb Code   510  stm32f1xx_hal_tim.o(.text.HAL_TIM_PWM_ConfigChannel)
    HAL_TIM_PWM_Init                         0x08003f19   Thumb Code   230  stm32f1xx_hal_tim.o(.text.HAL_TIM_PWM_Init)
    HAL_TIM_PWM_MspInit                      0x08004001   Thumb Code     2  stm32f1xx_hal_tim.o(.text.HAL_TIM_PWM_MspInit)
    HAL_TIM_PWM_PulseFinishedCallback        0x08004005   Thumb Code     2  stm32f1xx_hal_tim.o(.text.HAL_TIM_PWM_PulseFinishedCallback)
    HAL_TIM_PWM_Start                        0x08004009   Thumb Code   190  stm32f1xx_hal_tim.o(.text.HAL_TIM_PWM_Start)
    HAL_TIM_PWM_Stop                         0x080040c9   Thumb Code   162  stm32f1xx_hal_tim.o(.text.HAL_TIM_PWM_Stop)
    HAL_TIM_PeriodElapsedCallback            0x0800416d   Thumb Code    14  main.o(.text.HAL_TIM_PeriodElapsedCallback)
    HAL_TIM_ReadCapturedValue                0x0800417d   Thumb Code    52  stm32f1xx_hal_tim.o(.text.HAL_TIM_ReadCapturedValue)
    HAL_TIM_TriggerCallback                  0x080041b1   Thumb Code     2  stm32f1xx_hal_tim.o(.text.HAL_TIM_TriggerCallback)
    HardFault_Handler                        0x080041b5   Thumb Code     2  stm32f1xx_it.o(.text.HardFault_Handler)
    IC_AttachContext                         0x080041b9   Thumb Code    12  input_capture_utils.o(.text.IC_AttachContext)
    IC_Init                                  0x080041c5   Thumb Code   112  input_capture_utils.o(.text.IC_Init)
    INJECT_Sampling                          0x08004235   Thumb Code    24  adc_utils.o(.text.INJECT_Sampling)
    IWDG_Start_F1                            0x0800424d   Thumb Code    90  iwdg.o(.text.IWDG_Start_F1)
    Key_Read                                 0x080042a9   Thumb Code    40  key.o(.text.Key_Read)
    MX_ADC1_Init                             0x080042d1   Thumb Code   274  adc.o(.text.MX_ADC1_Init)
    MX_DMA_Init                              0x080043e5   Thumb Code    52  dma.o(.text.MX_DMA_Init)
    MX_GPIO_Init                             0x08004419   Thumb Code   246  gpio.o(.text.MX_GPIO_Init)
    MX_IWDG_Init                             0x08004511   Thumb Code    46  iwdg.o(.text.MX_IWDG_Init)
    MX_TIM1_Init                             0x08004541   Thumb Code   506  tim.o(.text.MX_TIM1_Init)
    MX_TIM2_Init                             0x0800473d   Thumb Code   122  tim.o(.text.MX_TIM2_Init)
    MemManage_Handler                        0x080047b9   Thumb Code     2  stm32f1xx_it.o(.text.MemManage_Handler)
    NMI_Handler                              0x080047bd   Thumb Code     2  stm32f1xx_it.o(.text.NMI_Handler)
    PWM_AttachContext                        0x080047c1   Thumb Code     2  pwm.o(.text.PWM_AttachContext)
    PWM_FSM_HandleEvent                      0x080047c5   Thumb Code   102  pwm_fsm.o(.text.PWM_FSM_HandleEvent)
    PWM_FSM_Init                             0x0800482d   Thumb Code    48  pwm_fsm.o(.text.PWM_FSM_Init)
    PendSV_Handler                           0x0800485d   Thumb Code     2  stm32f1xx_it.o(.text.PendSV_Handler)
    SVC_Handler                              0x08004861   Thumb Code     2  stm32f1xx_it.o(.text.SVC_Handler)
    SevenSeg_BufferUpdate                    0x08004865   Thumb Code   162  sevenseg.o(.text.SevenSeg_BufferUpdate)
    SevenSeg_Init                            0x08004909   Thumb Code   108  sevenseg.o(.text.SevenSeg_Init)
    SevenSeg_InitMode                        0x08004975   Thumb Code     2  value_to_string.o(.text.SevenSeg_InitMode)
    SevenSeg_OffMode                         0x08004979   Thumb Code     2  value_to_string.o(.text.SevenSeg_OffMode)
    SevenSeg_TempertureConvertToString       0x0800497d   Thumb Code   192  value_to_string.o(.text.SevenSeg_TempertureConvertToString)
    SevenSeg_Update                          0x08004a45   Thumb Code   120  sevenseg.o(.text.SevenSeg_Update)
    Sevenseg_CurrentConvertToString          0x08004abd   Thumb Code    80  value_to_string.o(.text.Sevenseg_CurrentConvertToString)
    Sevenseg_ErrorConvertToString            0x08004b1d   Thumb Code    48  value_to_string.o(.text.Sevenseg_ErrorConvertToString)
    Sevenseg_FrequencyConvertToString        0x08004b5d   Thumb Code    52  value_to_string.o(.text.Sevenseg_FrequencyConvertToString)
    Sevenseg_PowerConvertToString            0x08004b99   Thumb Code    52  value_to_string.o(.text.Sevenseg_PowerConvertToString)
    Sevenseg_StateConvertToString            0x08004bd5   Thumb Code    12  value_to_string.o(.text.Sevenseg_StateConvertToString)
    Sevenseg_TimeConvertToString             0x08004be9   Thumb Code    28  value_to_string.o(.text.Sevenseg_TimeConvertToString)
    Sevenseg_VoltageConvertToString          0x08004c11   Thumb Code    36  value_to_string.o(.text.Sevenseg_VoltageConvertToString)
    SysTick_Handler                          0x08004c3d   Thumb Code     4  stm32f1xx_it.o(.text.SysTick_Handler)
    SystemClock_Config                       0x08004c41   Thumb Code   150  main.o(.text.SystemClock_Config)
    SystemInit                               0x08004cd9   Thumb Code     2  system_stm32f1xx.o(.text.SystemInit)
    TIM1_BRK_IRQHandler                      0x08004cdd   Thumb Code    12  stm32f1xx_it.o(.text.TIM1_BRK_IRQHandler)
    TIM1_CC_IRQHandler                       0x08004ce9   Thumb Code    12  stm32f1xx_it.o(.text.TIM1_CC_IRQHandler)
    TIM2_IRQHandler                          0x08004cf5   Thumb Code    12  stm32f1xx_it.o(.text.TIM2_IRQHandler)
    UsageFault_Handler                       0x08004d01   Thumb Code     2  stm32f1xx_it.o(.text.UsageFault_Handler)
    calibratingCurrent                       0x08004d05   Thumb Code    34  adc_utils.o(.text.calibratingCurrent)
    clear_fault_flags                        0x08004d29   Thumb Code     4  pwm.o(.text.clear_fault_flags)
    init_DMA_Processing                      0x08004d2d   Thumb Code    22  fsm_init.o(.text.init_DMA_Processing)
    init_DMA_Sampling                        0x08004d45   Thumb Code    28  fsm_init.o(.text.init_DMA_Sampling)
    init_Finishing                           0x08004d61   Thumb Code     2  fsm_init.o(.text.init_Finishing)
    init_calibratingCurrent                  0x08004d65   Thumb Code    26  fsm_init.o(.text.init_calibratingCurrent)
    init_connectPower                        0x08004d81   Thumb Code     6  fsm_init.o(.text.init_connectPower)
    init_safatyCheck                         0x08004d89   Thumb Code    22  fsm_init.o(.text.init_safatyCheck)
    main                                     0x08004da1   Thumb Code   380  main.o(.text.main)
    manual_ADC_Enable                        0x08004f1d   Thumb Code    60  adc_utils.o(.text.manual_ADC_Enable)
    manual_PWM_Disable                       0x08004f59   Thumb Code    10  pwm.o(.text.manual_PWM_Disable)
    manual_PWM_Enable                        0x08004f65   Thumb Code    10  pwm.o(.text.manual_PWM_Enable)
    manual_Timers_Enable                     0x08004f71   Thumb Code    10  pwm.o(.text.manual_Timers_Enable)
    manual_Timers_Reset                      0x08004f7d   Thumb Code    34  pwm.o(.text.manual_Timers_Reset)
    reset_PWM_control_variables              0x08004fa1   Thumb Code    40  pwm.o(.text.reset_PWM_control_variables)
    resonanceSweep_Finishing                 0x08004fc9   Thumb Code     2  fsm_resonance_sweep.o(.text.resonanceSweep_Finishing)
    resonanceSweep_processing                0x08004fcd   Thumb Code     2  fsm_resonance_sweep.o(.text.resonanceSweep_processing)
    resonanceSweep_safatyCheck               0x08004fd1   Thumb Code     2  fsm_resonance_sweep.o(.text.resonanceSweep_safatyCheck)
    resonanceSweep_sampling                  0x08004fd5   Thumb Code    72  fsm_resonance_sweep.o(.text.resonanceSweep_sampling)
    resonanceSweep_settingChanges            0x0800501d   Thumb Code     2  fsm_resonance_sweep.o(.text.resonanceSweep_settingChanges)
    safatyCheck                              0x08005021   Thumb Code   162  adc_utils.o(.text.safatyCheck)
    set_PWM_control_variables                0x080050c5   Thumb Code    38  pwm.o(.text.set_PWM_control_variables)
    set_PWM_frequency                        0x080050ed   Thumb Code    10  pwm.o(.text.set_PWM_frequency)
    ss_Processing                            0x080050f9   Thumb Code    22  fsm_soft_start.o(.text.ss_Processing)
    ss_finishing                             0x08005111   Thumb Code     2  fsm_soft_start.o(.text.ss_finishing)
    ss_safatyCheck                           0x08005115   Thumb Code    22  fsm_soft_start.o(.text.ss_safatyCheck)
    ss_sampling                              0x0800512d   Thumb Code    52  fsm_soft_start.o(.text.ss_sampling)
    ss_set_freq_ramp                         0x08005161   Thumb Code   154  fsm_soft_start.o(.text.ss_set_freq_ramp)
    ss_tun_power                             0x080051fd   Thumb Code   104  fsm_soft_start.o(.text.ss_tun_power)
    stateHardStop                            0x08005265   Thumb Code     2  pwm_fsm.o(.text.stateHardStop)
    stateHardStop_keyCallback                0x08005269   Thumb Code     2  pwm_fsm.o(.text.stateHardStop_keyCallback)
    stateInit                                0x0800526d   Thumb Code    42  pwm_fsm.o(.text.stateInit)
    stateInit_keyCallback                    0x08005299   Thumb Code    44  pwm_fsm.o(.text.stateInit_keyCallback)
    stateRecovery                            0x080052c5   Thumb Code     2  pwm_fsm.o(.text.stateRecovery)
    stateRecovery_keyCallback                0x080052c9   Thumb Code    44  pwm_fsm.o(.text.stateRecovery_keyCallback)
    stateResonanceSweep                      0x080052f5   Thumb Code    42  pwm_fsm.o(.text.stateResonanceSweep)
    stateResonanceSweep_keyCallback          0x08005321   Thumb Code    44  pwm_fsm.o(.text.stateResonanceSweep_keyCallback)
    stateRunning                             0x0800534d   Thumb Code     2  pwm_fsm.o(.text.stateRunning)
    stateRunning_keyCallback                 0x08005351   Thumb Code    44  pwm_fsm.o(.text.stateRunning_keyCallback)
    stateSoftStart                           0x0800537d   Thumb Code    42  pwm_fsm.o(.text.stateSoftStart)
    stateSoftStart_keyCallback               0x080053a9   Thumb Code    44  pwm_fsm.o(.text.stateSoftStart_keyCallback)
    stateSoftStop                            0x080053d5   Thumb Code     2  pwm_fsm.o(.text.stateSoftStop)
    stateSoftStop_keyCallback                0x080053d9   Thumb Code     2  pwm_fsm.o(.text.stateSoftStop_keyCallback)
    stateStandby                             0x080053dd   Thumb Code     2  pwm_fsm.o(.text.stateStandby)
    stateStandby_keyCallback                 0x080053e1   Thumb Code    44  pwm_fsm.o(.text.stateStandby_keyCallback)
    _btod_d2e                                0x0800540d   Thumb Code    62  btod.o(CL$$btod_d2e)
    _d2e_denorm_low                          0x0800544b   Thumb Code    70  btod.o(CL$$btod_d2e_denorm_low)
    _d2e_norm_op1                            0x08005491   Thumb Code    96  btod.o(CL$$btod_d2e_norm_op1)
    __btod_div_common                        0x080054f1   Thumb Code   696  btod.o(CL$$btod_div_common)
    _e2e                                     0x08005829   Thumb Code   220  btod.o(CL$$btod_e2e)
    _btod_ediv                               0x08005905   Thumb Code    42  btod.o(CL$$btod_ediv)
    _btod_emul                               0x0800592f   Thumb Code    42  btod.o(CL$$btod_emul)
    __btod_mult_common                       0x08005959   Thumb Code   580  btod.o(CL$$btod_mult_common)
    __ARM_fpclassify                         0x08005b9d   Thumb Code    40  fpclassify.o(i.__ARM_fpclassify)
    __mathlib_flt_divzero                    0x08005bc5   Thumb Code    10  funder.o(i.__mathlib_flt_divzero)
    __mathlib_flt_infnan                     0x08005bcf   Thumb Code     6  funder.o(i.__mathlib_flt_infnan)
    __mathlib_flt_invalid                    0x08005bd5   Thumb Code     8  funder.o(i.__mathlib_flt_invalid)
    _is_digit                                0x08005bdd   Thumb Code    14  __printf_wp.o(i._is_digit)
    __mathlib_logf                           0x08005bed   Thumb Code     0  logf.o(i.logf)
    logf                                     0x08005bed   Thumb Code   362  logf.o(i.logf)
    sqrt                                     0x08005d7d   Thumb Code    76  sqrt.o(i.sqrt)
    _get_lc_numeric                          0x08005dc9   Thumb Code    44  lc_numeric_c.o(locale$$code)
    __fpl_dcmp_Inf                           0x08005df5   Thumb Code    24  dcmpi.o(x$fpl$dcmpinf)
    __aeabi_cdcmpeq                          0x08005e0d   Thumb Code     0  deqf.o(x$fpl$deqf)
    _dcmpeq                                  0x08005e0d   Thumb Code   120  deqf.o(x$fpl$deqf)
    __aeabi_ui2d                             0x08005e85   Thumb Code     0  dflt_clz.o(x$fpl$dfltu)
    _dfltu                                   0x08005e85   Thumb Code    38  dflt_clz.o(x$fpl$dfltu)
    __aeabi_cdcmpge                          0x08005ead   Thumb Code     0  dgeqf.o(x$fpl$dgeqf)
    _dcmpge                                  0x08005ead   Thumb Code   120  dgeqf.o(x$fpl$dgeqf)
    __aeabi_cdcmple                          0x08005f25   Thumb Code     0  dleqf.o(x$fpl$dleqf)
    _dcmple                                  0x08005f25   Thumb Code   120  dleqf.o(x$fpl$dleqf)
    __fpl_dcmple_InfNaN                      0x08005f87   Thumb Code     0  dleqf.o(x$fpl$dleqf)
    __fpl_dnaninf                            0x08005f9d   Thumb Code   156  dnaninf.o(x$fpl$dnaninf)
    __fpl_dretinf                            0x08006039   Thumb Code    12  dretinf.o(x$fpl$dretinf)
    _dsqrt                                   0x08006045   Thumb Code   456  dsqrt_noumaal.o(x$fpl$dsqrt)
    __aeabi_f2d                              0x08006211   Thumb Code     0  f2d.o(x$fpl$f2d)
    _f2d                                     0x08006211   Thumb Code    86  f2d.o(x$fpl$f2d)
    __aeabi_fadd                             0x08006269   Thumb Code     0  faddsub_clz.o(x$fpl$fadd)
    _fadd                                    0x08006269   Thumb Code   196  faddsub_clz.o(x$fpl$fadd)
    __fpl_fcheck_NaN1                        0x0800632d   Thumb Code     6  fcheck1.o(x$fpl$fcheck1)
    __aeabi_dcmpeq                           0x08006339   Thumb Code     0  dcmp.o(x$fpl$fcmp)
    _deq                                     0x08006339   Thumb Code    14  dcmp.o(x$fpl$fcmp)
    _dneq                                    0x08006347   Thumb Code    14  dcmp.o(x$fpl$fcmp)
    __aeabi_dcmpgt                           0x08006355   Thumb Code     0  dcmp.o(x$fpl$fcmp)
    _dgr                                     0x08006355   Thumb Code    14  dcmp.o(x$fpl$fcmp)
    __aeabi_dcmpge                           0x08006363   Thumb Code     0  dcmp.o(x$fpl$fcmp)
    _dgeq                                    0x08006363   Thumb Code    14  dcmp.o(x$fpl$fcmp)
    __aeabi_dcmple                           0x08006371   Thumb Code     0  dcmp.o(x$fpl$fcmp)
    _dleq                                    0x08006371   Thumb Code    14  dcmp.o(x$fpl$fcmp)
    __aeabi_dcmplt                           0x0800637f   Thumb Code     0  dcmp.o(x$fpl$fcmp)
    _dls                                     0x0800637f   Thumb Code    14  dcmp.o(x$fpl$fcmp)
    __aeabi_fcmpeq                           0x0800638d   Thumb Code     0  fcmp.o(x$fpl$fcmp)
    _feq                                     0x0800638d   Thumb Code    14  fcmp.o(x$fpl$fcmp)
    _fneq                                    0x0800639b   Thumb Code    14  fcmp.o(x$fpl$fcmp)
    __aeabi_fcmpgt                           0x080063a9   Thumb Code     0  fcmp.o(x$fpl$fcmp)
    _fgr                                     0x080063a9   Thumb Code    14  fcmp.o(x$fpl$fcmp)
    __aeabi_fcmpge                           0x080063b7   Thumb Code     0  fcmp.o(x$fpl$fcmp)
    _fgeq                                    0x080063b7   Thumb Code    14  fcmp.o(x$fpl$fcmp)
    __aeabi_fcmple                           0x080063c5   Thumb Code     0  fcmp.o(x$fpl$fcmp)
    _fleq                                    0x080063c5   Thumb Code    14  fcmp.o(x$fpl$fcmp)
    __aeabi_fcmplt                           0x080063d3   Thumb Code     0  fcmp.o(x$fpl$fcmp)
    _fls                                     0x080063d3   Thumb Code    14  fcmp.o(x$fpl$fcmp)
    __fpl_fcmp_Inf                           0x080063e1   Thumb Code    24  fcmpi.o(x$fpl$fcmpinf)
    __aeabi_fdiv                             0x080063f9   Thumb Code     0  fdiv.o(x$fpl$fdiv)
    _fdiv                                    0x080063f9   Thumb Code   384  fdiv.o(x$fpl$fdiv)
    __aeabi_cfcmpeq                          0x0800657d   Thumb Code     0  feqf.o(x$fpl$feqf)
    _fcmpeq                                  0x0800657d   Thumb Code   104  feqf.o(x$fpl$feqf)
    __aeabi_f2iz                             0x080065e5   Thumb Code     0  ffix.o(x$fpl$ffix)
    _ffix                                    0x080065e5   Thumb Code    54  ffix.o(x$fpl$ffix)
    __aeabi_i2f                              0x0800661d   Thumb Code     0  fflt_clz.o(x$fpl$fflt)
    _fflt                                    0x0800661d   Thumb Code    48  fflt_clz.o(x$fpl$fflt)
    __aeabi_ui2f                             0x0800664d   Thumb Code     0  fflt_clz.o(x$fpl$ffltu)
    _ffltu                                   0x0800664d   Thumb Code    38  fflt_clz.o(x$fpl$ffltu)
    _fcmpge                                  0x08006675   Thumb Code   104  fgeqf.o(x$fpl$fgeqf)
    __aeabi_cfcmple                          0x080066dd   Thumb Code     0  fleqf.o(x$fpl$fleqf)
    _fcmple                                  0x080066dd   Thumb Code   104  fleqf.o(x$fpl$fleqf)
    __fpl_fcmple_InfNaN                      0x0800672f   Thumb Code     0  fleqf.o(x$fpl$fleqf)
    __aeabi_fmul                             0x08006745   Thumb Code     0  fmul.o(x$fpl$fmul)
    _fmul                                    0x08006745   Thumb Code   258  fmul.o(x$fpl$fmul)
    __fpl_fnaninf                            0x08006847   Thumb Code   140  fnaninf.o(x$fpl$fnaninf)
    __fpl_fretinf                            0x080068d3   Thumb Code    10  fretinf.o(x$fpl$fretinf)
    __aeabi_fsub                             0x080068dd   Thumb Code     0  faddsub_clz.o(x$fpl$fsub)
    _fsub                                    0x080068dd   Thumb Code   234  faddsub_clz.o(x$fpl$fsub)
    _printf_fp_dec                           0x080069c7   Thumb Code     4  printf1.o(x$fpl$printf1)
    __fpl_return_NaN                         0x080069cb   Thumb Code   100  retnan.o(x$fpl$retnan)
    __ARM_scalbnf                            0x08006a2f   Thumb Code    76  scalbnf.o(x$fpl$scalbnf)
    __fpl_cmpreturn                          0x08006a7b   Thumb Code    48  trapv.o(x$fpl$trapveneer)
    __I$use$fp                               0x08006aaa   Number         0  usenofp.o(x$fpl$usenofp)
    AHBPrescTable                            0x08006b90   Data          16  system_stm32f1xx.o(.rodata.AHBPrescTable)
    APBPrescTable                            0x08006ba0   Data           8  system_stm32f1xx.o(.rodata.APBPrescTable)
    initMachine                              0x08006bdc   Data          24  fsm_init.o(.rodata.initMachine)
    keyAct                                   0x08006bf4   Data          32  pwm_fsm.o(.rodata.keyAct)
    resonanceSweepMachine                    0x08006c14   Data          20  fsm_resonance_sweep.o(.rodata.resonanceSweepMachine)
    sevenSegmentModeHandler                  0x08006ca8   Data          40  value_to_string.o(.rodata.sevenSegmentModeHandler)
    softStartMachine                         0x08006cd0   Data          24  fsm_soft_start.o(.rodata.softStartMachine)
    stateFunc                                0x08006ce8   Data          32  main.o(.rodata.stateFunc)
    stateTimingTable_us                      0x08006d08   Data          32  pwm_fsm.o(.rodata.stateTimingTable_us)
    transitions                              0x08006d64   Data         324  pwm_fsm.o(.rodata.transitions)
    Region$$Table$$Base                      0x08006ea8   Number         0  anon$$obj.o(Region$$Table)
    Region$$Table$$Limit                     0x08006ec8   Number         0  anon$$obj.o(Region$$Table)
    SystemCoreClock                          0x20000000   Data           4  system_stm32f1xx.o(.data.SystemCoreClock)
    buffer                                   0x20000004   Data           6  main.o(.data.buffer)
    calibrateCurrentOffset_machine           0x2000000c   Data          36  adc_utils.o(.data.calibrateCurrentOffset_machine)
    initMode                                 0x20000030   Data           1  fsm_init.o(.data.initMode)
    segmentMode                              0x20000031   Data           1  value_to_string.o(.data.segmentMode)
    uwTickFreq                               0x20000032   Data           1  stm32f1xx_hal.o(.data.uwTickFreq)
    uwTickPrio                               0x20000034   Data           4  stm32f1xx_hal.o(.data.uwTickPrio)
    __libspace_start                         0x20000038   Data          96  libspace.o(.bss)
    InjectTrigger                            0x20000098   Data           4  adc_utils.o(.bss.InjectTrigger)
    __temporary_stack_top$libspace           0x20000098   Data           0  libspace.o(.bss)
    calibrateMode                            0x2000009c   Data           1  adc_utils.o(.bss.calibrateMode)
    errorCode                                0x2000009d   Data           1  pwm_fsm.o(.bss.errorCode)
    evt                                      0x2000009e   Data           1  main.o(.bss.evt)
    h7seg                                    0x200000a0   Data          40  main.o(.bss.h7seg)
    hadc1                                    0x200000c8   Data          48  adc.o(.bss.hadc1)
    hdma_adc1                                0x200000f8   Data          68  adc.o(.bss.hdma_adc1)
    hiwdg                                    0x2000013c   Data          12  iwdg.o(.bss.hiwdg)
    htim1                                    0x20000148   Data          72  tim.o(.bss.htim1)
    htim2                                    0x20000190   Data          72  tim.o(.bss.htim2)
    resonanceSweepMode                       0x200001d8   Data           1  fsm_resonance_sweep.o(.bss.resonanceSweepMode)
    softStartMode                            0x200001e8   Data           1  fsm_soft_start.o(.bss.softStartMode)
    uwTick                                   0x200001ec   Data           4  stm32f1xx_hal.o(.bss.uwTick)



==============================================================================

Memory Map of the image

  Image Entry point : 0x080000ed

  Load Region LR_IROM1 (Base: 0x08000000, Size: 0x00006f20, Max: 0x00010000, ABSOLUTE)

    Execution Region ER_IROM1 (Exec base: 0x08000000, Load base: 0x08000000, Size: 0x00006ee4, Max: 0x00010000, ABSOLUTE)

    Exec Addr    Load Addr    Size         Type   Attr      Idx    E Section Name        Object

    0x08000000   0x08000000   0x000000ec   Data   RO            3    RESET               startup_stm32f103xb.o
    0x080000ec   0x080000ec   0x00000008   Code   RO         1413  * !!!main             c_w.l(__main.o)
    0x080000f4   0x080000f4   0x0000005c   Code   RO         1775    !!!scatter          c_w.l(__scatter.o)
    0x08000150   0x08000150   0x0000001a   Code   RO         1779    !!handler_copy      c_w.l(__scatter_copy.o)
    0x0800016a   0x0800016a   0x00000002   PAD
    0x0800016c   0x0800016c   0x00000002   Code   RO         1776    !!handler_null      c_w.l(__scatter.o)
    0x0800016e   0x0800016e   0x00000002   PAD
    0x08000170   0x08000170   0x0000001c   Code   RO         1781    !!handler_zi        c_w.l(__scatter_zi.o)
    0x0800018c   0x0800018c   0x00000000   Code   RO         1404    .ARM.Collect$$_printf_percent$$00000000  c_w.l(_printf_percent.o)
    0x0800018c   0x0800018c   0x00000006   Code   RO         1403    .ARM.Collect$$_printf_percent$$00000003  c_w.l(_printf_f.o)
    0x08000192   0x08000192   0x00000006   Code   RO         1402    .ARM.Collect$$_printf_percent$$00000009  c_w.l(_printf_d.o)
    0x08000198   0x08000198   0x00000004   Code   RO         1497    .ARM.Collect$$_printf_percent$$00000017  c_w.l(_printf_percent_end.o)
    0x0800019c   0x0800019c   0x00000002   Code   RO         1651    .ARM.Collect$$libinit$$00000000  c_w.l(libinit.o)
    0x0800019e   0x0800019e   0x00000000   Code   RO         1653    .ARM.Collect$$libinit$$00000002  c_w.l(libinit2.o)
    0x0800019e   0x0800019e   0x00000000   Code   RO         1655    .ARM.Collect$$libinit$$00000004  c_w.l(libinit2.o)
    0x0800019e   0x0800019e   0x00000000   Code   RO         1657    .ARM.Collect$$libinit$$00000006  c_w.l(libinit2.o)
    0x0800019e   0x0800019e   0x00000000   Code   RO         1660    .ARM.Collect$$libinit$$0000000C  c_w.l(libinit2.o)
    0x0800019e   0x0800019e   0x00000000   Code   RO         1662    .ARM.Collect$$libinit$$0000000E  c_w.l(libinit2.o)
    0x0800019e   0x0800019e   0x00000000   Code   RO         1664    .ARM.Collect$$libinit$$00000010  c_w.l(libinit2.o)
    0x0800019e   0x0800019e   0x00000006   Code   RO         1665    .ARM.Collect$$libinit$$00000011  c_w.l(libinit2.o)
    0x080001a4   0x080001a4   0x00000000   Code   RO         1667    .ARM.Collect$$libinit$$00000013  c_w.l(libinit2.o)
    0x080001a4   0x080001a4   0x00000000   Code   RO         1669    .ARM.Collect$$libinit$$00000015  c_w.l(libinit2.o)
    0x080001a4   0x080001a4   0x00000000   Code   RO         1671    .ARM.Collect$$libinit$$00000017  c_w.l(libinit2.o)
    0x080001a4   0x080001a4   0x0000000a   Code   RO         1672    .ARM.Collect$$libinit$$00000018  c_w.l(libinit2.o)
    0x080001ae   0x080001ae   0x00000000   Code   RO         1673    .ARM.Collect$$libinit$$00000019  c_w.l(libinit2.o)
    0x080001ae   0x080001ae   0x00000000   Code   RO         1675    .ARM.Collect$$libinit$$0000001B  c_w.l(libinit2.o)
    0x080001ae   0x080001ae   0x00000000   Code   RO         1677    .ARM.Collect$$libinit$$0000001D  c_w.l(libinit2.o)
    0x080001ae   0x080001ae   0x00000000   Code   RO         1679    .ARM.Collect$$libinit$$0000001F  c_w.l(libinit2.o)
    0x080001ae   0x080001ae   0x00000000   Code   RO         1681    .ARM.Collect$$libinit$$00000021  c_w.l(libinit2.o)
    0x080001ae   0x080001ae   0x00000000   Code   RO         1683    .ARM.Collect$$libinit$$00000023  c_w.l(libinit2.o)
    0x080001ae   0x080001ae   0x00000000   Code   RO         1685    .ARM.Collect$$libinit$$00000025  c_w.l(libinit2.o)
    0x080001ae   0x080001ae   0x00000000   Code   RO         1687    .ARM.Collect$$libinit$$00000027  c_w.l(libinit2.o)
    0x080001ae   0x080001ae   0x00000000   Code   RO         1691    .ARM.Collect$$libinit$$0000002E  c_w.l(libinit2.o)
    0x080001ae   0x080001ae   0x00000000   Code   RO         1693    .ARM.Collect$$libinit$$00000030  c_w.l(libinit2.o)
    0x080001ae   0x080001ae   0x00000000   Code   RO         1695    .ARM.Collect$$libinit$$00000032  c_w.l(libinit2.o)
    0x080001ae   0x080001ae   0x00000000   Code   RO         1697    .ARM.Collect$$libinit$$00000034  c_w.l(libinit2.o)
    0x080001ae   0x080001ae   0x00000002   Code   RO         1698    .ARM.Collect$$libinit$$00000035  c_w.l(libinit2.o)
    0x080001b0   0x080001b0   0x00000002   Code   RO         1756    .ARM.Collect$$libshutdown$$00000000  c_w.l(libshutdown.o)
    0x080001b2   0x080001b2   0x00000000   Code   RO         1758    .ARM.Collect$$libshutdown$$00000002  c_w.l(libshutdown2.o)
    0x080001b2   0x080001b2   0x00000000   Code   RO         1760    .ARM.Collect$$libshutdown$$00000004  c_w.l(libshutdown2.o)
    0x080001b2   0x080001b2   0x00000000   Code   RO         1763    .ARM.Collect$$libshutdown$$00000007  c_w.l(libshutdown2.o)
    0x080001b2   0x080001b2   0x00000000   Code   RO         1766    .ARM.Collect$$libshutdown$$0000000A  c_w.l(libshutdown2.o)
    0x080001b2   0x080001b2   0x00000000   Code   RO         1768    .ARM.Collect$$libshutdown$$0000000C  c_w.l(libshutdown2.o)
    0x080001b2   0x080001b2   0x00000000   Code   RO         1771    .ARM.Collect$$libshutdown$$0000000F  c_w.l(libshutdown2.o)
    0x080001b2   0x080001b2   0x00000002   Code   RO         1772    .ARM.Collect$$libshutdown$$00000010  c_w.l(libshutdown2.o)
    0x080001b4   0x080001b4   0x00000000   Code   RO         1484    .ARM.Collect$$rtentry$$00000000  c_w.l(__rtentry.o)
    0x080001b4   0x080001b4   0x00000000   Code   RO         1552    .ARM.Collect$$rtentry$$00000002  c_w.l(__rtentry2.o)
    0x080001b4   0x080001b4   0x00000006   Code   RO         1564    .ARM.Collect$$rtentry$$00000004  c_w.l(__rtentry4.o)
    0x080001ba   0x080001ba   0x00000000   Code   RO         1554    .ARM.Collect$$rtentry$$00000009  c_w.l(__rtentry2.o)
    0x080001ba   0x080001ba   0x00000004   Code   RO         1555    .ARM.Collect$$rtentry$$0000000A  c_w.l(__rtentry2.o)
    0x080001be   0x080001be   0x00000000   Code   RO         1557    .ARM.Collect$$rtentry$$0000000C  c_w.l(__rtentry2.o)
    0x080001be   0x080001be   0x00000008   Code   RO         1558    .ARM.Collect$$rtentry$$0000000D  c_w.l(__rtentry2.o)
    0x080001c6   0x080001c6   0x00000002   Code   RO         1701    .ARM.Collect$$rtexit$$00000000  c_w.l(rtexit.o)
    0x080001c8   0x080001c8   0x00000000   Code   RO         1716    .ARM.Collect$$rtexit$$00000002  c_w.l(rtexit2.o)
    0x080001c8   0x080001c8   0x00000004   Code   RO         1717    .ARM.Collect$$rtexit$$00000003  c_w.l(rtexit2.o)
    0x080001cc   0x080001cc   0x00000006   Code   RO         1718    .ARM.Collect$$rtexit$$00000004  c_w.l(rtexit2.o)
    0x080001d2   0x080001d2   0x00000002   PAD
    0x080001d4   0x080001d4   0x00000040   Code   RO            4    .text               startup_stm32f103xb.o
    0x08000214   0x08000214   0x00000040   Code   RO         1374    .text               c_w.l(noretval__2snprintf.o)
    0x08000254   0x08000254   0x0000004e   Code   RO         1378    .text               c_w.l(_printf_pad.o)
    0x080002a2   0x080002a2   0x00000002   PAD
    0x080002a4   0x080002a4   0x00000078   Code   RO         1380    .text               c_w.l(_printf_dec.o)
    0x0800031c   0x0800031c   0x00000138   Code   RO         1394    .text               c_w.l(__printf_flags_wp.o)
    0x08000454   0x08000454   0x00000080   Code   RO         1405    .text               c_w.l(assert.o)
    0x080004d4   0x080004d4   0x0000003e   Code   RO         1407    .text               c_w.l(strlen.o)
    0x08000512   0x08000512   0x0000004e   Code   RO         1409    .text               c_w.l(rt_memclr_w.o)
    0x08000560   0x08000560   0x00000006   Code   RO         1411    .text               c_w.l(heapauxi.o)
    0x08000566   0x08000566   0x00000016   Code   RO         1485    .text               c_w.l(_rserrno.o)
    0x0800057c   0x0800057c   0x000000b2   Code   RO         1487    .text               c_w.l(_printf_intcommon.o)
    0x0800062e   0x0800062e   0x0000041c   Code   RO         1489    .text               c_w.l(_printf_fp_dec.o)
    0x08000a4a   0x08000a4a   0x00000002   PAD
    0x08000a4c   0x08000a4c   0x00000030   Code   RO         1493    .text               c_w.l(_printf_char_common.o)
    0x08000a7c   0x08000a7c   0x00000010   Code   RO         1495    .text               c_w.l(_snputc.o)
    0x08000a8c   0x08000a8c   0x00000016   Code   RO         1498    .text               c_w.l(abort.o)
    0x08000aa2   0x08000aa2   0x00000014   Code   RO         1500    .text               c_w.l(assert_puts.o)
    0x08000ab6   0x08000ab6   0x0000000e   Code   RO         1543    .text               c_w.l(sys_wrch.o)
    0x08000ac4   0x08000ac4   0x0000000c   Code   RO         1545    .text               c_w.l(sys_exit.o)
    0x08000ad0   0x08000ad0   0x00000008   Code   RO         1569    .text               c_w.l(rt_locale_intlibspace.o)
    0x08000ad8   0x08000ad8   0x00000008   Code   RO         1574    .text               c_w.l(rt_errno_addr_intlibspace.o)
    0x08000ae0   0x08000ae0   0x0000008a   Code   RO         1576    .text               c_w.l(lludiv10.o)
    0x08000b6a   0x08000b6a   0x00000002   PAD
    0x08000b6c   0x08000b6c   0x00000080   Code   RO         1578    .text               c_w.l(_printf_fp_infnan.o)
    0x08000bec   0x08000bec   0x000000e4   Code   RO         1582    .text               c_w.l(bigflt0.o)
    0x08000cd0   0x08000cd0   0x0000000e   Code   RO         1612    .text               c_w.l(defsig_abrt_outer.o)
    0x08000cde   0x08000cde   0x00000002   PAD
    0x08000ce0   0x08000ce0   0x00000008   Code   RO         1626    .text               c_w.l(libspace.o)
    0x08000ce8   0x08000ce8   0x00000002   Code   RO         1629    .text               c_w.l(use_no_semi.o)
    0x08000cea   0x08000cea   0x00000000   Code   RO         1631    .text               c_w.l(indicate_semi.o)
    0x08000cea   0x08000cea   0x0000004a   Code   RO         1632    .text               c_w.l(sys_stackheap_outer.o)
    0x08000d34   0x08000d34   0x00000012   Code   RO         1638    .text               c_w.l(exit.o)
    0x08000d46   0x08000d46   0x0000000a   Code   RO         1640    .text               c_w.l(defsig_exit.o)
    0x08000d50   0x08000d50   0x00000030   Code   RO         1642    .text               c_w.l(defsig_abrt_inner.o)
    0x08000d80   0x08000d80   0x00000080   Code   RO         1644    .text               c_w.l(strcmpv7m.o)
    0x08000e00   0x08000e00   0x00000032   Code   RO         1707    .text               c_w.l(defsig_general.o)
    0x08000e32   0x08000e32   0x00000002   PAD
    0x08000e34   0x08000e34   0x0000000c   Code   RO          123    .text.ADC1_2_IRQHandler  stm32f1xx_it.o
    0x08000e40   0x08000e40   0x0000000c   Code   RO         1158    .text.ADC_AttachContext  adc_utils.o
    0x08000e4c   0x08000e4c   0x00000034   Code   RO         1160    .text.ADC_Context_init  adc_utils.o
    0x08000e80   0x08000e80   0x00000056   Code   RO          193    .text.ADC_ConversionStop_Disable  stm32f1xx_hal_adc.o
    0x08000ed6   0x08000ed6   0x00000002   PAD
    0x08000ed8   0x08000ed8   0x00000050   Code   RO          215    .text.ADC_DMAConvCplt  stm32f1xx_hal_adc.o
    0x08000f28   0x08000f28   0x00000016   Code   RO          219    .text.ADC_DMAError  stm32f1xx_hal_adc.o
    0x08000f3e   0x08000f3e   0x00000002   PAD
    0x08000f40   0x08000f40   0x00000006   Code   RO          217    .text.ADC_DMAHalfConvCplt  stm32f1xx_hal_adc.o
    0x08000f46   0x08000f46   0x00000002   PAD
    0x08000f48   0x08000f48   0x0000008c   Code   RO          201    .text.ADC_Enable    stm32f1xx_hal_adc.o
    0x08000fd4   0x08000fd4   0x000000c6   Code   RO         1212    .text.ADC_Processing  adc_utils.o
    0x0800109a   0x0800109a   0x00000002   PAD
    0x0800109c   0x0800109c   0x00000048   Code   RO         1198    .text.ADC_to_current  adc_utils.o
    0x080010e4   0x080010e4   0x00000070   Code   RO         1194    .text.ADC_to_temperture  adc_utils.o
    0x08001154   0x08001154   0x00000032   Code   RO         1192    .text.ADC_to_voltage  adc_utils.o
    0x08001186   0x08001186   0x00000002   PAD
    0x08001188   0x08001188   0x00000042   Code   RO         1078    .text.Action_EnterInit  pwm_fsm.o
    0x080011ca   0x080011ca   0x00000002   PAD
    0x080011cc   0x080011cc   0x00000004   Code   RO         1090    .text.Action_EnterRunning  pwm_fsm.o
    0x080011d0   0x080011d0   0x00000034   Code   RO         1080    .text.Action_EnterSoftStart  pwm_fsm.o
    0x08001204   0x08001204   0x00000004   Code   RO         1082    .text.Action_EnterStandby  pwm_fsm.o
    0x08001208   0x08001208   0x00000004   Code   RO         1092    .text.Action_FailSoftStop  pwm_fsm.o
    0x0800120c   0x0800120c   0x00000004   Code   RO         1094    .text.Action_None   pwm_fsm.o
    0x08001210   0x08001210   0x00000004   Code   RO         1096    .text.Action_RecoveryMode  pwm_fsm.o
    0x08001214   0x08001214   0x00000004   Code   RO         1102    .text.Action_ResetSystem  pwm_fsm.o
    0x08001218   0x08001218   0x00000004   Code   RO         1088    .text.Action_Shutdown  pwm_fsm.o
    0x0800121c   0x0800121c   0x00000004   Code   RO         1100    .text.Action_SoftRestart  pwm_fsm.o
    0x08001220   0x08001220   0x00000004   Code   RO         1086    .text.Action_SoftStop  pwm_fsm.o
    0x08001224   0x08001224   0x00000038   Code   RO         1084    .text.Action_StartSweep  pwm_fsm.o
    0x0800125c   0x0800125c   0x00000004   Code   RO         1098    .text.Action_Tune   pwm_fsm.o
    0x08001260   0x08001260   0x00000002   Code   RO          109    .text.BusFault_Handler  stm32f1xx_it.o
    0x08001262   0x08001262   0x00000002   PAD
    0x08001264   0x08001264   0x0000000a   Code   RO         1182    .text.CC_Func_Finishing  adc_utils.o
    0x0800126e   0x0800126e   0x00000002   PAD
    0x08001270   0x08001270   0x00000022   Code   RO         1166    .text.CC_Func_GetTrig  adc_utils.o
    0x08001292   0x08001292   0x00000002   PAD
    0x08001294   0x08001294   0x00000058   Code   RO         1176    .text.CC_Func_Measuringccuracy  adc_utils.o
    0x080012ec   0x080012ec   0x0000004c   Code   RO         1174    .text.CC_Func_Processing  adc_utils.o
    0x08001338   0x08001338   0x00000058   Code   RO         1178    .text.CC_Func_ResetTrig  adc_utils.o
    0x08001390   0x08001390   0x00000034   Code   RO         1172    .text.CC_Func_Sampling  adc_utils.o
    0x080013c4   0x080013c4   0x00000048   Code   RO         1180    .text.CC_Func_SetAWD  adc_utils.o
    0x0800140c   0x0800140c   0x00000044   Code   RO         1168    .text.CC_Func_SetTrig  adc_utils.o
    0x08001450   0x08001450   0x0000001c   Code   RO         1170    .text.CC_Func_Start  adc_utils.o
    0x0800146c   0x0800146c   0x00000002   Code   RO         1357    .text.DI_AttachContext  digital_inpuet.o
    0x0800146e   0x0800146e   0x00000002   PAD
    0x08001470   0x08001470   0x0000000c   Code   RO          121    .text.DMA1_Channel1_IRQHandler  stm32f1xx_it.o
    0x0800147c   0x0800147c   0x00000092   Code   RO         1208    .text.DMA_Processing  adc_utils.o
    0x0800150e   0x0800150e   0x00000002   PAD
    0x08001510   0x08001510   0x00000018   Code   RO         1204    .text.DMA_Sampling  adc_utils.o
    0x08001528   0x08001528   0x00000002   Code   RO          115    .text.DebugMon_Handler  stm32f1xx_it.o
    0x0800152a   0x0800152a   0x00000002   PAD
    0x0800152c   0x0800152c   0x00000008   Code   RO         1112    .text.DequeueEvent  pwm_fsm.o
    0x08001534   0x08001534   0x00000024   Code   RO         1347    .text.DequeueEvent_ctx  event_queue.o
    0x08001558   0x08001558   0x00000028   Code   RO          989    .text.Enable_ProtectionInterrupts  pwm.o
    0x08001580   0x08001580   0x00000020   Code   RO         1345    .text.EnqueueEvent_ctx  event_queue.o
    0x080015a0   0x080015a0   0x0000000a   Code   RO           19    .text.Error_Handler  main.o
    0x080015aa   0x080015aa   0x00000002   PAD
    0x080015ac   0x080015ac   0x0000000c   Code   RO         1332    .text.FSM_Tick_Attach  fsm_tick.o
    0x080015b8   0x080015b8   0x00000082   Code   RO         1334    .text.FSM_Tick_OnPeriodElapsed  fsm_tick.o
    0x0800163a   0x0800163a   0x00000002   PAD
    0x0800163c   0x0800163c   0x000000ea   Code   RO          251    .text.HAL_ADCEx_Calibration_Start  stm32f1xx_hal_adc_ex.o
    0x08001726   0x08001726   0x00000002   PAD
    0x08001728   0x08001728   0x000001c4   Code   RO          273    .text.HAL_ADCEx_InjectedConfigChannel  stm32f1xx_hal_adc_ex.o
    0x080018ec   0x080018ec   0x0000004c   Code   RO         1186    .text.HAL_ADCEx_InjectedConvCpltCallback  adc_utils.o
    0x08001938   0x08001938   0x00000026   Code   RO          267    .text.HAL_ADCEx_InjectedGetValue  stm32f1xx_hal_adc_ex.o
    0x0800195e   0x0800195e   0x00000002   PAD
    0x08001960   0x08001960   0x000000b4   Code   RO          259    .text.HAL_ADCEx_InjectedStart_IT  stm32f1xx_hal_adc_ex.o
    0x08001a14   0x08001a14   0x00000054   Code   RO          261    .text.HAL_ADCEx_InjectedStop_IT  stm32f1xx_hal_adc_ex.o
    0x08001a68   0x08001a68   0x00000054   Code   RO          237    .text.HAL_ADC_AnalogWDGConfig  stm32f1xx_hal_adc.o
    0x08001abc   0x08001abc   0x0000010e   Code   RO          235    .text.HAL_ADC_ConfigChannel  stm32f1xx_hal_adc.o
    0x08001bca   0x08001bca   0x00000002   PAD
    0x08001bcc   0x08001bcc   0x00000072   Code   RO         1184    .text.HAL_ADC_ConvCpltCallback  adc_utils.o
    0x08001c3e   0x08001c3e   0x00000002   PAD
    0x08001c40   0x08001c40   0x00000002   Code   RO          231    .text.HAL_ADC_ConvHalfCpltCallback  stm32f1xx_hal_adc.o
    0x08001c42   0x08001c42   0x00000002   PAD
    0x08001c44   0x08001c44   0x00000002   Code   RO          233    .text.HAL_ADC_ErrorCallback  stm32f1xx_hal_adc.o
    0x08001c46   0x08001c46   0x00000002   PAD
    0x08001c48   0x08001c48   0x000000ee   Code   RO          225    .text.HAL_ADC_IRQHandler  stm32f1xx_hal_adc.o
    0x08001d36   0x08001d36   0x00000002   PAD
    0x08001d38   0x08001d38   0x00000160   Code   RO          189    .text.HAL_ADC_Init  stm32f1xx_hal_adc.o
    0x08001e98   0x08001e98   0x0000005c   Code   RO         1188    .text.HAL_ADC_LevelOutOfWindowCallback  adc_utils.o
    0x08001ef4   0x08001ef4   0x000000b6   Code   RO           47    .text.HAL_ADC_MspInit  adc.o
    0x08001faa   0x08001faa   0x00000002   PAD
    0x08001fac   0x08001fac   0x00000136   Code   RO          213    .text.HAL_ADC_Start_DMA  stm32f1xx_hal_adc.o
    0x080020e2   0x080020e2   0x00000002   PAD
    0x080020e4   0x080020e4   0x0000008c   Code   RO          203    .text.HAL_ADC_Stop  stm32f1xx_hal_adc.o
    0x08002170   0x08002170   0x000000ac   Code   RO          221    .text.HAL_ADC_Stop_DMA  stm32f1xx_hal_adc.o
    0x0800221c   0x0800221c   0x00000040   Code   RO          430    .text.HAL_DMA_Abort  stm32f1xx_hal_dma.o
    0x0800225c   0x0800225c   0x00000168   Code   RO          436    .text.HAL_DMA_IRQHandler  stm32f1xx_hal_dma.o
    0x080023c4   0x080023c4   0x00000086   Code   RO          422    .text.HAL_DMA_Init  stm32f1xx_hal_dma.o
    0x0800244a   0x0800244a   0x00000002   PAD
    0x0800244c   0x0800244c   0x0000009c   Code   RO          428    .text.HAL_DMA_Start_IT  stm32f1xx_hal_dma.o
    0x080024e8   0x080024e8   0x00000028   Code   RO          305    .text.HAL_Delay     stm32f1xx_hal.o
    0x08002510   0x08002510   0x00000200   Code   RO          398    .text.HAL_GPIO_Init  stm32f1xx_hal_gpio.o
    0x08002710   0x08002710   0x0000000a   Code   RO          404    .text.HAL_GPIO_WritePin  stm32f1xx_hal_gpio.o
    0x0800271a   0x0800271a   0x00000002   PAD
    0x0800271c   0x0800271c   0x0000000c   Code   RO          297    .text.HAL_GetTick   stm32f1xx_hal.o
    0x08002728   0x08002728   0x00000060   Code   RO          619    .text.HAL_IWDG_Init  stm32f1xx_hal_iwdg.o
    0x08002788   0x08002788   0x0000001a   Code   RO          295    .text.HAL_IncTick   stm32f1xx_hal.o
    0x080027a2   0x080027a2   0x00000002   PAD
    0x080027a4   0x080027a4   0x00000026   Code   RO          285    .text.HAL_Init      stm32f1xx_hal.o
    0x080027ca   0x080027ca   0x00000002   PAD
    0x080027cc   0x080027cc   0x00000050   Code   RO          287    .text.HAL_InitTick  stm32f1xx_hal.o
    0x0800281c   0x0800281c   0x00000042   Code   RO          138    .text.HAL_MspInit   stm32f1xx_hal_msp.o
    0x0800285e   0x0800285e   0x00000002   PAD
    0x08002860   0x08002860   0x00000020   Code   RO          458    .text.HAL_NVIC_EnableIRQ  stm32f1xx_hal_cortex.o
    0x08002880   0x08002880   0x00000056   Code   RO          456    .text.HAL_NVIC_SetPriority  stm32f1xx_hal_cortex.o
    0x080028d6   0x080028d6   0x00000002   PAD
    0x080028d8   0x080028d8   0x00000020   Code   RO          454    .text.HAL_NVIC_SetPriorityGrouping  stm32f1xx_hal_cortex.o
    0x080028f8   0x080028f8   0x0000000e   Code   RO          159    .text.HAL_PWM_GetARR  pwm_hal.o
    0x08002906   0x08002906   0x00000002   PAD
    0x08002908   0x08002908   0x00000026   Code   RO          147    .text.HAL_PWM_Init  pwm_hal.o
    0x0800292e   0x0800292e   0x00000002   PAD
    0x08002930   0x08002930   0x00000010   Code   RO          161    .text.HAL_PWM_Reset_Counter  pwm_hal.o
    0x08002940   0x08002940   0x00000010   Code   RO          149    .text.HAL_PWM_SetARR  pwm_hal.o
    0x08002950   0x08002950   0x0000003e   Code   RO          151    .text.HAL_PWM_SetCompare  pwm_hal.o
    0x0800298e   0x0800298e   0x00000002   PAD
    0x08002990   0x08002990   0x00000016   Code   RO          153    .text.HAL_PWM_SetDeadTime  pwm_hal.o
    0x080029a6   0x080029a6   0x00000002   PAD
    0x080029a8   0x080029a8   0x00000032   Code   RO          155    .text.HAL_PWM_Start  pwm_hal.o
    0x080029da   0x080029da   0x00000002   PAD
    0x080029dc   0x080029dc   0x0000002e   Code   RO          157    .text.HAL_PWM_Stop  pwm_hal.o
    0x08002a0a   0x08002a0a   0x00000002   PAD
    0x08002a0c   0x08002a0c   0x0000002c   Code   RO          163    .text.HAL_PWM_TIMER_Disable  pwm_hal.o
    0x08002a38   0x08002a38   0x00000014   Code   RO          165    .text.HAL_PWM_TIMER_Enable  pwm_hal.o
    0x08002a4c   0x08002a4c   0x000000fc   Code   RO          388    .text.HAL_RCCEx_GetPeriphCLKFreq  stm32f1xx_hal_rcc_ex.o
    0x08002b48   0x08002b48   0x000000fe   Code   RO          384    .text.HAL_RCCEx_PeriphCLKConfig  stm32f1xx_hal_rcc_ex.o
    0x08002c46   0x08002c46   0x00000002   PAD
    0x08002c48   0x08002c48   0x000001ba   Code   RO          350    .text.HAL_RCC_ClockConfig  stm32f1xx_hal_rcc.o
    0x08002e02   0x08002e02   0x00000002   PAD
    0x08002e04   0x08002e04   0x00000026   Code   RO          364    .text.HAL_RCC_GetPCLK2Freq  stm32f1xx_hal_rcc.o
    0x08002e2a   0x08002e2a   0x00000002   PAD
    0x08002e2c   0x08002e2c   0x00000340   Code   RO          348    .text.HAL_RCC_OscConfig  stm32f1xx_hal_rcc.o
    0x0800316c   0x0800316c   0x0000002c   Code   RO          466    .text.HAL_SYSTICK_Config  stm32f1xx_hal_cortex.o
    0x08003198   0x08003198   0x00000002   Code   RO          936    .text.HAL_TIMEx_BreakCallback  stm32f1xx_hal_tim_ex.o
    0x0800319a   0x0800319a   0x00000002   PAD
    0x0800319c   0x0800319c   0x00000002   Code   RO          932    .text.HAL_TIMEx_CommutCallback  stm32f1xx_hal_tim_ex.o
    0x0800319e   0x0800319e   0x00000002   PAD
    0x080031a0   0x080031a0   0x00000050   Code   RO          928    .text.HAL_TIMEx_ConfigBreakDeadTime  stm32f1xx_hal_tim_ex.o
    0x080031f0   0x080031f0   0x0000007a   Code   RO          926    .text.HAL_TIMEx_MasterConfigSynchronization  stm32f1xx_hal_tim_ex.o
    0x0800326a   0x0800326a   0x00000002   PAD
    0x0800326c   0x0800326c   0x000000b0   Code   RO          896    .text.HAL_TIMEx_PWMN_Start  stm32f1xx_hal_tim_ex.o
    0x0800331c   0x0800331c   0x00000088   Code   RO          898    .text.HAL_TIMEx_PWMN_Stop  stm32f1xx_hal_tim_ex.o
    0x080033a4   0x080033a4   0x000000e6   Code   RO          631    .text.HAL_TIM_Base_Init  stm32f1xx_hal_tim.o
    0x0800348a   0x0800348a   0x00000002   PAD
    0x0800348c   0x0800348c   0x000000d6   Code   RO           89    .text.HAL_TIM_Base_MspInit  tim.o
    0x08003562   0x08003562   0x00000002   PAD
    0x08003564   0x08003564   0x00000066   Code   RO          645    .text.HAL_TIM_Base_Start_IT  stm32f1xx_hal_tim.o
    0x080035ca   0x080035ca   0x00000002   PAD
    0x080035cc   0x080035cc   0x000001a2   Code   RO          811    .text.HAL_TIM_ConfigClockSource  stm32f1xx_hal_tim.o
    0x0800376e   0x0800376e   0x00000002   PAD
    0x08003770   0x08003770   0x000000ce   Code   RO         1319    .text.HAL_TIM_IC_CaptureCallback  input_capture_utils.o
    0x0800383e   0x0800383e   0x00000002   PAD
    0x08003840   0x08003840   0x00000172   Code   RO          781    .text.HAL_TIM_IC_ConfigChannel  stm32f1xx_hal_tim.o
    0x080039b2   0x080039b2   0x00000002   PAD
    0x080039b4   0x080039b4   0x000000e6   Code   RO          705    .text.HAL_TIM_IC_Init  stm32f1xx_hal_tim.o
    0x08003a9a   0x08003a9a   0x00000002   PAD
    0x08003a9c   0x08003a9c   0x00000002   Code   RO          707    .text.HAL_TIM_IC_MspInit  stm32f1xx_hal_tim.o
    0x08003a9e   0x08003a9e   0x00000002   PAD
    0x08003aa0   0x08003aa0   0x00000126   Code   RO          717    .text.HAL_TIM_IC_Start_IT  stm32f1xx_hal_tim.o
    0x08003bc6   0x08003bc6   0x00000002   PAD
    0x08003bc8   0x08003bc8   0x0000014a   Code   RO          765    .text.HAL_TIM_IRQHandler  stm32f1xx_hal_tim.o
    0x08003d12   0x08003d12   0x00000002   PAD
    0x08003d14   0x08003d14   0x00000002   Code   RO          769    .text.HAL_TIM_OC_DelayElapsedCallback  stm32f1xx_hal_tim.o
    0x08003d16   0x08003d16   0x00000002   PAD
    0x08003d18   0x08003d18   0x000001fe   Code   RO          785    .text.HAL_TIM_PWM_ConfigChannel  stm32f1xx_hal_tim.o
    0x08003f16   0x08003f16   0x00000002   PAD
    0x08003f18   0x08003f18   0x000000e6   Code   RO          685    .text.HAL_TIM_PWM_Init  stm32f1xx_hal_tim.o
    0x08003ffe   0x08003ffe   0x00000002   PAD
    0x08004000   0x08004000   0x00000002   Code   RO          687    .text.HAL_TIM_PWM_MspInit  stm32f1xx_hal_tim.o
    0x08004002   0x08004002   0x00000002   PAD
    0x08004004   0x08004004   0x00000002   Code   RO          771    .text.HAL_TIM_PWM_PulseFinishedCallback  stm32f1xx_hal_tim.o
    0x08004006   0x08004006   0x00000002   PAD
    0x08004008   0x08004008   0x000000be   Code   RO          693    .text.HAL_TIM_PWM_Start  stm32f1xx_hal_tim.o
    0x080040c6   0x080040c6   0x00000002   PAD
    0x080040c8   0x080040c8   0x000000a2   Code   RO          695    .text.HAL_TIM_PWM_Stop  stm32f1xx_hal_tim.o
    0x0800416a   0x0800416a   0x00000002   PAD
    0x0800416c   0x0800416c   0x0000000e   Code   RO           21    .text.HAL_TIM_PeriodElapsedCallback  main.o
    0x0800417a   0x0800417a   0x00000002   PAD
    0x0800417c   0x0800417c   0x00000034   Code   RO          821    .text.HAL_TIM_ReadCapturedValue  stm32f1xx_hal_tim.o
    0x080041b0   0x080041b0   0x00000002   Code   RO          775    .text.HAL_TIM_TriggerCallback  stm32f1xx_hal_tim.o
    0x080041b2   0x080041b2   0x00000002   PAD
    0x080041b4   0x080041b4   0x00000002   Code   RO          105    .text.HardFault_Handler  stm32f1xx_it.o
    0x080041b6   0x080041b6   0x00000002   PAD
    0x080041b8   0x080041b8   0x0000000c   Code   RO         1313    .text.IC_AttachContext  input_capture_utils.o
    0x080041c4   0x080041c4   0x00000070   Code   RO         1317    .text.IC_Init       input_capture_utils.o
    0x08004234   0x08004234   0x00000018   Code   RO         1206    .text.INJECT_Sampling  adc_utils.o
    0x0800424c   0x0800424c   0x0000005a   Code   RO           70    .text.IWDG_Start_F1  iwdg.o
    0x080042a6   0x080042a6   0x00000002   PAD
    0x080042a8   0x080042a8   0x00000028   Code   RO          967    .text.Key_Read      key.o
    0x080042d0   0x080042d0   0x00000112   Code   RO           45    .text.MX_ADC1_Init  adc.o
    0x080043e2   0x080043e2   0x00000002   PAD
    0x080043e4   0x080043e4   0x00000034   Code   RO           61    .text.MX_DMA_Init   dma.o
    0x08004418   0x08004418   0x000000f6   Code   RO           36    .text.MX_GPIO_Init  gpio.o
    0x0800450e   0x0800450e   0x00000002   PAD
    0x08004510   0x08004510   0x0000002e   Code   RO           72    .text.MX_IWDG_Init  iwdg.o
    0x0800453e   0x0800453e   0x00000002   PAD
    0x08004540   0x08004540   0x000001fa   Code   RO           83    .text.MX_TIM1_Init  tim.o
    0x0800473a   0x0800473a   0x00000002   PAD
    0x0800473c   0x0800473c   0x0000007a   Code   RO           87    .text.MX_TIM2_Init  tim.o
    0x080047b6   0x080047b6   0x00000002   PAD
    0x080047b8   0x080047b8   0x00000002   Code   RO          107    .text.MemManage_Handler  stm32f1xx_it.o
    0x080047ba   0x080047ba   0x00000002   PAD
    0x080047bc   0x080047bc   0x00000002   Code   RO          103    .text.NMI_Handler   stm32f1xx_it.o
    0x080047be   0x080047be   0x00000002   PAD
    0x080047c0   0x080047c0   0x00000002   Code   RO          977    .text.PWM_AttachContext  pwm.o
    0x080047c2   0x080047c2   0x00000002   PAD
    0x080047c4   0x080047c4   0x00000066   Code   RO         1106    .text.PWM_FSM_HandleEvent  pwm_fsm.o
    0x0800482a   0x0800482a   0x00000002   PAD
    0x0800482c   0x0800482c   0x00000030   Code   RO         1108    .text.PWM_FSM_Init  pwm_fsm.o
    0x0800485c   0x0800485c   0x00000002   Code   RO          117    .text.PendSV_Handler  stm32f1xx_it.o
    0x0800485e   0x0800485e   0x00000002   PAD
    0x08004860   0x08004860   0x00000002   Code   RO          113    .text.SVC_Handler   stm32f1xx_it.o
    0x08004862   0x08004862   0x00000002   PAD
    0x08004864   0x08004864   0x000000a2   Code   RO         1033    .text.SevenSeg_BufferUpdate  sevenseg.o
    0x08004906   0x08004906   0x00000002   PAD
    0x08004908   0x08004908   0x0000006c   Code   RO         1029    .text.SevenSeg_Init  sevenseg.o
    0x08004974   0x08004974   0x00000002   Code   RO         1063    .text.SevenSeg_InitMode  value_to_string.o
    0x08004976   0x08004976   0x00000002   PAD
    0x08004978   0x08004978   0x00000002   Code   RO         1065    .text.SevenSeg_OffMode  value_to_string.o
    0x0800497a   0x0800497a   0x00000002   PAD
    0x0800497c   0x0800497c   0x000000c8   Code   RO         1047    .text.SevenSeg_TempertureConvertToString  value_to_string.o
    0x08004a44   0x08004a44   0x00000078   Code   RO         1031    .text.SevenSeg_Update  sevenseg.o
    0x08004abc   0x08004abc   0x00000060   Code   RO         1053    .text.Sevenseg_CurrentConvertToString  value_to_string.o
    0x08004b1c   0x08004b1c   0x00000040   Code   RO         1059    .text.Sevenseg_ErrorConvertToString  value_to_string.o
    0x08004b5c   0x08004b5c   0x0000003c   Code   RO         1051    .text.Sevenseg_FrequencyConvertToString  value_to_string.o
    0x08004b98   0x08004b98   0x0000003c   Code   RO         1049    .text.Sevenseg_PowerConvertToString  value_to_string.o
    0x08004bd4   0x08004bd4   0x00000014   Code   RO         1057    .text.Sevenseg_StateConvertToString  value_to_string.o
    0x08004be8   0x08004be8   0x00000028   Code   RO         1061    .text.Sevenseg_TimeConvertToString  value_to_string.o
    0x08004c10   0x08004c10   0x0000002c   Code   RO         1055    .text.Sevenseg_VoltageConvertToString  value_to_string.o
    0x08004c3c   0x08004c3c   0x00000004   Code   RO          119    .text.SysTick_Handler  stm32f1xx_it.o
    0x08004c40   0x08004c40   0x00000096   Code   RO           13    .text.SystemClock_Config  main.o
    0x08004cd6   0x08004cd6   0x00000002   PAD
    0x08004cd8   0x08004cd8   0x00000002   Code   RO          950    .text.SystemInit    system_stm32f1xx.o
    0x08004cda   0x08004cda   0x00000002   PAD
    0x08004cdc   0x08004cdc   0x0000000c   Code   RO          125    .text.TIM1_BRK_IRQHandler  stm32f1xx_it.o
    0x08004ce8   0x08004ce8   0x0000000c   Code   RO          127    .text.TIM1_CC_IRQHandler  stm32f1xx_it.o
    0x08004cf4   0x08004cf4   0x0000000c   Code   RO          129    .text.TIM2_IRQHandler  stm32f1xx_it.o
    0x08004d00   0x08004d00   0x00000002   Code   RO          111    .text.UsageFault_Handler  stm32f1xx_it.o
    0x08004d02   0x08004d02   0x00000002   PAD
    0x08004d04   0x08004d04   0x00000022   Code   RO         1216    .text.calibratingCurrent  adc_utils.o
    0x08004d26   0x08004d26   0x00000002   PAD
    0x08004d28   0x08004d28   0x00000004   Code   RO          987    .text.clear_fault_flags  pwm.o
    0x08004d2c   0x08004d2c   0x00000016   Code   RO         1252    .text.init_DMA_Processing  fsm_init.o
    0x08004d42   0x08004d42   0x00000002   PAD
    0x08004d44   0x08004d44   0x0000001c   Code   RO         1250    .text.init_DMA_Sampling  fsm_init.o
    0x08004d60   0x08004d60   0x00000002   Code   RO         1258    .text.init_Finishing  fsm_init.o
    0x08004d62   0x08004d62   0x00000002   PAD
    0x08004d64   0x08004d64   0x0000001a   Code   RO         1256    .text.init_calibratingCurrent  fsm_init.o
    0x08004d7e   0x08004d7e   0x00000002   PAD
    0x08004d80   0x08004d80   0x00000006   Code   RO         1248    .text.init_connectPower  fsm_init.o
    0x08004d86   0x08004d86   0x00000002   PAD
    0x08004d88   0x08004d88   0x00000016   Code   RO         1254    .text.init_safatyCheck  fsm_init.o
    0x08004d9e   0x08004d9e   0x00000002   PAD
    0x08004da0   0x08004da0   0x0000017c   Code   RO           11    .text.main          main.o
    0x08004f1c   0x08004f1c   0x0000003c   Code   RO         1162    .text.manual_ADC_Enable  adc_utils.o
    0x08004f58   0x08004f58   0x0000000a   Code   RO          979    .text.manual_PWM_Disable  pwm.o
    0x08004f62   0x08004f62   0x00000002   PAD
    0x08004f64   0x08004f64   0x0000000a   Code   RO          995    .text.manual_PWM_Enable  pwm.o
    0x08004f6e   0x08004f6e   0x00000002   PAD
    0x08004f70   0x08004f70   0x0000000a   Code   RO          991    .text.manual_Timers_Enable  pwm.o
    0x08004f7a   0x08004f7a   0x00000002   PAD
    0x08004f7c   0x08004f7c   0x00000022   Code   RO          981    .text.manual_Timers_Reset  pwm.o
    0x08004f9e   0x08004f9e   0x00000002   PAD
    0x08004fa0   0x08004fa0   0x00000028   Code   RO          985    .text.reset_PWM_control_variables  pwm.o
    0x08004fc8   0x08004fc8   0x00000002   Code   RO         1301    .text.resonanceSweep_Finishing  fsm_resonance_sweep.o
    0x08004fca   0x08004fca   0x00000002   PAD
    0x08004fcc   0x08004fcc   0x00000002   Code   RO         1295    .text.resonanceSweep_processing  fsm_resonance_sweep.o
    0x08004fce   0x08004fce   0x00000002   PAD
    0x08004fd0   0x08004fd0   0x00000002   Code   RO         1297    .text.resonanceSweep_safatyCheck  fsm_resonance_sweep.o
    0x08004fd2   0x08004fd2   0x00000002   PAD
    0x08004fd4   0x08004fd4   0x00000048   Code   RO         1293    .text.resonanceSweep_sampling  fsm_resonance_sweep.o
    0x0800501c   0x0800501c   0x00000002   Code   RO         1299    .text.resonanceSweep_settingChanges  fsm_resonance_sweep.o
    0x0800501e   0x0800501e   0x00000002   PAD
    0x08005020   0x08005020   0x000000a2   Code   RO         1214    .text.safatyCheck   adc_utils.o
    0x080050c2   0x080050c2   0x00000002   PAD
    0x080050c4   0x080050c4   0x00000026   Code   RO          997    .text.set_PWM_control_variables  pwm.o
    0x080050ea   0x080050ea   0x00000002   PAD
    0x080050ec   0x080050ec   0x0000000a   Code   RO          993    .text.set_PWM_frequency  pwm.o
    0x080050f6   0x080050f6   0x00000002   PAD
    0x080050f8   0x080050f8   0x00000016   Code   RO         1274    .text.ss_Processing  fsm_soft_start.o
    0x0800510e   0x0800510e   0x00000002   PAD
    0x08005110   0x08005110   0x00000002   Code   RO         1280    .text.ss_finishing  fsm_soft_start.o
    0x08005112   0x08005112   0x00000002   PAD
    0x08005114   0x08005114   0x00000016   Code   RO         1276    .text.ss_safatyCheck  fsm_soft_start.o
    0x0800512a   0x0800512a   0x00000002   PAD
    0x0800512c   0x0800512c   0x00000034   Code   RO         1272    .text.ss_sampling   fsm_soft_start.o
    0x08005160   0x08005160   0x0000009a   Code   RO         1270    .text.ss_set_freq_ramp  fsm_soft_start.o
    0x080051fa   0x080051fa   0x00000002   PAD
    0x080051fc   0x080051fc   0x00000068   Code   RO         1278    .text.ss_tun_power  fsm_soft_start.o
    0x08005264   0x08005264   0x00000002   Code   RO         1128    .text.stateHardStop  pwm_fsm.o
    0x08005266   0x08005266   0x00000002   PAD
    0x08005268   0x08005268   0x00000002   Code   RO         1144    .text.stateHardStop_keyCallback  pwm_fsm.o
    0x0800526a   0x0800526a   0x00000002   PAD
    0x0800526c   0x0800526c   0x0000002a   Code   RO         1116    .text.stateInit     pwm_fsm.o
    0x08005296   0x08005296   0x00000002   PAD
    0x08005298   0x08005298   0x0000002c   Code   RO         1132    .text.stateInit_keyCallback  pwm_fsm.o
    0x080052c4   0x080052c4   0x00000002   Code   RO         1124    .text.stateRecovery  pwm_fsm.o
    0x080052c6   0x080052c6   0x00000002   PAD
    0x080052c8   0x080052c8   0x0000002c   Code   RO         1140    .text.stateRecovery_keyCallback  pwm_fsm.o
    0x080052f4   0x080052f4   0x0000002a   Code   RO         1120    .text.stateResonanceSweep  pwm_fsm.o
    0x0800531e   0x0800531e   0x00000002   PAD
    0x08005320   0x08005320   0x0000002c   Code   RO         1136    .text.stateResonanceSweep_keyCallback  pwm_fsm.o
    0x0800534c   0x0800534c   0x00000002   Code   RO         1122    .text.stateRunning  pwm_fsm.o
    0x0800534e   0x0800534e   0x00000002   PAD
    0x08005350   0x08005350   0x0000002c   Code   RO         1138    .text.stateRunning_keyCallback  pwm_fsm.o
    0x0800537c   0x0800537c   0x0000002a   Code   RO         1118    .text.stateSoftStart  pwm_fsm.o
    0x080053a6   0x080053a6   0x00000002   PAD
    0x080053a8   0x080053a8   0x0000002c   Code   RO         1134    .text.stateSoftStart_keyCallback  pwm_fsm.o
    0x080053d4   0x080053d4   0x00000002   Code   RO         1126    .text.stateSoftStop  pwm_fsm.o
    0x080053d6   0x080053d6   0x00000002   PAD
    0x080053d8   0x080053d8   0x00000002   Code   RO         1142    .text.stateSoftStop_keyCallback  pwm_fsm.o
    0x080053da   0x080053da   0x00000002   PAD
    0x080053dc   0x080053dc   0x00000002   Code   RO         1114    .text.stateStandby  pwm_fsm.o
    0x080053de   0x080053de   0x00000002   PAD
    0x080053e0   0x080053e0   0x0000002c   Code   RO         1130    .text.stateStandby_keyCallback  pwm_fsm.o
    0x0800540c   0x0800540c   0x0000003e   Code   RO         1585    CL$$btod_d2e        c_w.l(btod.o)
    0x0800544a   0x0800544a   0x00000046   Code   RO         1587    CL$$btod_d2e_denorm_low  c_w.l(btod.o)
    0x08005490   0x08005490   0x00000060   Code   RO         1586    CL$$btod_d2e_norm_op1  c_w.l(btod.o)
    0x080054f0   0x080054f0   0x00000338   Code   RO         1595    CL$$btod_div_common  c_w.l(btod.o)
    0x08005828   0x08005828   0x000000dc   Code   RO         1592    CL$$btod_e2e        c_w.l(btod.o)
    0x08005904   0x08005904   0x0000002a   Code   RO         1589    CL$$btod_ediv       c_w.l(btod.o)
    0x0800592e   0x0800592e   0x0000002a   Code   RO         1588    CL$$btod_emul       c_w.l(btod.o)
    0x08005958   0x08005958   0x00000244   Code   RO         1594    CL$$btod_mult_common  c_w.l(btod.o)
    0x08005b9c   0x08005b9c   0x00000028   Code   RO         1624    i.__ARM_fpclassify  m_ws.l(fpclassify.o)
    0x08005bc4   0x08005bc4   0x0000000a   Code   RO         1529    i.__mathlib_flt_divzero  m_ws.l(funder.o)
    0x08005bce   0x08005bce   0x00000006   Code   RO         1530    i.__mathlib_flt_infnan  m_ws.l(funder.o)
    0x08005bd4   0x08005bd4   0x00000008   Code   RO         1532    i.__mathlib_flt_invalid  m_ws.l(funder.o)
    0x08005bdc   0x08005bdc   0x0000000e   Code   RO         1392    i._is_digit         c_w.l(__printf_wp.o)
    0x08005bea   0x08005bea   0x00000002   PAD
    0x08005bec   0x08005bec   0x00000190   Code   RO         1476    i.logf              m_ws.l(logf.o)
    0x08005d7c   0x08005d7c   0x0000004c   Code   RO         1481    i.sqrt              m_ws.l(sqrt.o)
    0x08005dc8   0x08005dc8   0x0000002c   Code   RO         1610    locale$$code        c_w.l(lc_numeric_c.o)
    0x08005df4   0x08005df4   0x00000018   Code   RO         1616    x$fpl$dcmpinf       fz_ws.l(dcmpi.o)
    0x08005e0c   0x08005e0c   0x00000078   Code   RO         1502    x$fpl$deqf          fz_ws.l(deqf.o)
    0x08005e84   0x08005e84   0x00000026   Code   RO         1431    x$fpl$dfltu         fz_ws.l(dflt_clz.o)
    0x08005eaa   0x08005eaa   0x00000002   PAD
    0x08005eac   0x08005eac   0x00000078   Code   RO         1504    x$fpl$dgeqf         fz_ws.l(dgeqf.o)
    0x08005f24   0x08005f24   0x00000078   Code   RO         1506    x$fpl$dleqf         fz_ws.l(dleqf.o)
    0x08005f9c   0x08005f9c   0x0000009c   Code   RO         1508    x$fpl$dnaninf       fz_ws.l(dnaninf.o)
    0x08006038   0x08006038   0x0000000c   Code   RO         1510    x$fpl$dretinf       fz_ws.l(dretinf.o)
    0x08006044   0x08006044   0x000001cc   Code   RO         1514    x$fpl$dsqrt         fz_ws.l(dsqrt_noumaal.o)
    0x08006210   0x08006210   0x00000056   Code   RO         1439    x$fpl$f2d           fz_ws.l(f2d.o)
    0x08006266   0x08006266   0x00000002   PAD
    0x08006268   0x08006268   0x000000c4   Code   RO         1441    x$fpl$fadd          fz_ws.l(faddsub_clz.o)
    0x0800632c   0x0800632c   0x0000000c   Code   RO         1618    x$fpl$fcheck1       fz_ws.l(fcheck1.o)
    0x08006338   0x08006338   0x00000054   Code   RO         1421    x$fpl$fcmp          fz_ws.l(dcmp.o)
    0x0800638c   0x0800638c   0x00000054   Code   RO         1447    x$fpl$fcmp          fz_ws.l(fcmp.o)
    0x080063e0   0x080063e0   0x00000018   Code   RO         1620    x$fpl$fcmpinf       fz_ws.l(fcmpi.o)
    0x080063f8   0x080063f8   0x00000184   Code   RO         1450    x$fpl$fdiv          fz_ws.l(fdiv.o)
    0x0800657c   0x0800657c   0x00000068   Code   RO         1516    x$fpl$feqf          fz_ws.l(feqf.o)
    0x080065e4   0x080065e4   0x00000036   Code   RO         1453    x$fpl$ffix          fz_ws.l(ffix.o)
    0x0800661a   0x0800661a   0x00000002   PAD
    0x0800661c   0x0800661c   0x00000030   Code   RO         1458    x$fpl$fflt          fz_ws.l(fflt_clz.o)
    0x0800664c   0x0800664c   0x00000026   Code   RO         1457    x$fpl$ffltu         fz_ws.l(fflt_clz.o)
    0x08006672   0x08006672   0x00000002   PAD
    0x08006674   0x08006674   0x00000068   Code   RO         1518    x$fpl$fgeqf         fz_ws.l(fgeqf.o)
    0x080066dc   0x080066dc   0x00000068   Code   RO         1520    x$fpl$fleqf         fz_ws.l(fleqf.o)
    0x08006744   0x08006744   0x00000102   Code   RO         1463    x$fpl$fmul          fz_ws.l(fmul.o)
    0x08006846   0x08006846   0x0000008c   Code   RO         1522    x$fpl$fnaninf       fz_ws.l(fnaninf.o)
    0x080068d2   0x080068d2   0x0000000a   Code   RO         1524    x$fpl$fretinf       fz_ws.l(fretinf.o)
    0x080068dc   0x080068dc   0x000000ea   Code   RO         1443    x$fpl$fsub          fz_ws.l(faddsub_clz.o)
    0x080069c6   0x080069c6   0x00000004   Code   RO         1465    x$fpl$printf1       fz_ws.l(printf1.o)
    0x080069ca   0x080069ca   0x00000064   Code   RO         1699    x$fpl$retnan        fz_ws.l(retnan.o)
    0x08006a2e   0x08006a2e   0x0000004c   Code   RO         1526    x$fpl$scalbnf       fz_ws.l(scalbnf.o)
    0x08006a7a   0x08006a7a   0x00000030   Code   RO         1713    x$fpl$trapveneer    fz_ws.l(trapv.o)
    0x08006aaa   0x08006aaa   0x00000000   Code   RO         1528    x$fpl$usenofp       fz_ws.l(usenofp.o)
    0x08006aaa   0x08006aaa   0x00000011   Data   RO         1395    .constdata          c_w.l(__printf_flags_wp.o)
    0x08006abb   0x08006abb   0x00000001   PAD
    0x08006abc   0x08006abc   0x00000040   Data   RO         1477    .constdata          m_ws.l(logf.o)
    0x08006afc   0x08006afc   0x00000094   Data   RO         1583    .constdata          c_w.l(bigflt0.o)
    0x08006b90   0x08006b90   0x00000010   Data   RO          955    .rodata.AHBPrescTable  system_stm32f1xx.o
    0x08006ba0   0x08006ba0   0x00000008   Data   RO          956    .rodata.APBPrescTable  system_stm32f1xx.o
    0x08006ba8   0x08006ba8   0x00000002   Data   RO          375    .rodata.HAL_RCC_GetSysClockFreq.aPredivFactorTable  stm32f1xx_hal_rcc.o
    0x08006baa   0x08006baa   0x00000010   Data   RO          374    .rodata.cst16       stm32f1xx_hal_rcc.o
    0x08006bba   0x08006bba   0x00000002   PAD
    0x08006bbc   0x08006bbc   0x00000020   Data   RO          851    .rodata.cst16       stm32f1xx_hal_tim.o
    0x08006bdc   0x08006bdc   0x00000018   Data   RO         1261    .rodata.initMachine  fsm_init.o
    0x08006bf4   0x08006bf4   0x00000020   Data   RO         1149    .rodata.keyAct      pwm_fsm.o
    0x08006c14   0x08006c14   0x00000014   Data   RO         1304    .rodata.resonanceSweepMachine  fsm_resonance_sweep.o
    0x08006c28   0x08006c28   0x00000080   Data   RO         1038    .rodata.segmentMapASCII  sevenseg.o
    0x08006ca8   0x08006ca8   0x00000028   Data   RO         1068    .rodata.sevenSegmentModeHandler  value_to_string.o
    0x08006cd0   0x08006cd0   0x00000018   Data   RO         1282    .rodata.softStartMachine  fsm_soft_start.o
    0x08006ce8   0x08006ce8   0x00000020   Data   RO           24    .rodata.stateFunc   main.o
    0x08006d08   0x08006d08   0x00000020   Data   RO         1148    .rodata.stateTimingTable_us  pwm_fsm.o
    0x08006d28   0x08006d28   0x00000030   Data   RO         1037    .rodata.str1.1      sevenseg.o
    0x08006d58   0x08006d58   0x0000000c   Data   RO         1069    .rodata.str1.1      value_to_string.o
    0x08006d64   0x08006d64   0x00000144   Data   RO         1147    .rodata.transitions  pwm_fsm.o
    0x08006ea8   0x08006ea8   0x00000020   Data   RO         1774    Region$$Table       anon$$obj.o
    0x08006ec8   0x08006ec8   0x0000001c   Data   RO         1609    locale$$data        c_w.l(lc_numeric_c.o)


    Execution Region RW_IRAM1 (Exec base: 0x20000000, Load base: 0x08006ee8, Size: 0x000007f0, Max: 0x00005000, ABSOLUTE)

    Exec Addr    Load Addr    Size         Type   Attr      Idx    E Section Name        Object

    0x20000000   0x08006ee8   0x00000004   Data   RW          954    .data.SystemCoreClock  system_stm32f1xx.o
    0x20000004   0x08006eec   0x00000006   Data   RW           23    .data.buffer        main.o
    0x2000000a   0x08006ef2   0x00000002   PAD
    0x2000000c   0x08006ef4   0x00000024   Data   RW         1223    .data.calibrateCurrentOffset_machine  adc_utils.o
    0x20000030   0x08006f18   0x00000001   Data   RW         1260    .data.initMode      fsm_init.o
    0x20000031   0x08006f19   0x00000001   Data   RW         1067    .data.segmentMode   value_to_string.o
    0x20000032   0x08006f1a   0x00000001   Data   RW          336    .data.uwTickFreq    stm32f1xx_hal.o
    0x20000033   0x08006f1b   0x00000001   PAD
    0x20000034   0x08006f1c   0x00000004   Data   RW          335    .data.uwTickPrio    stm32f1xx_hal.o
    0x20000038        -       0x00000060   Zero   RW         1627    .bss                c_w.l(libspace.o)
    0x20000098        -       0x00000004   Zero   RW         1220    .bss.InjectTrigger  adc_utils.o
    0x2000009c        -       0x00000001   Zero   RW         1222    .bss.calibrateMode  adc_utils.o
    0x2000009d        -       0x00000001   Zero   RW         1146    .bss.errorCode      pwm_fsm.o
    0x2000009e        -       0x00000001   Zero   RW           26    .bss.evt            main.o
    0x2000009f   0x08006f20   0x00000001   PAD
    0x200000a0        -       0x00000028   Zero   RW           25    .bss.h7seg          main.o
    0x200000c8        -       0x00000030   Zero   RW           51    .bss.hadc1          adc.o
    0x200000f8        -       0x00000044   Zero   RW           52    .bss.hdma_adc1      adc.o
    0x2000013c        -       0x0000000c   Zero   RW           74    .bss.hiwdg          iwdg.o
    0x20000148        -       0x00000048   Zero   RW           93    .bss.htim1          tim.o
    0x20000190        -       0x00000048   Zero   RW           94    .bss.htim2          tim.o
    0x200001d8        -       0x00000001   Zero   RW         1303    .bss.resonanceSweepMode  fsm_resonance_sweep.o
    0x200001d9   0x08006f20   0x00000003   PAD
    0x200001dc        -       0x00000004   Zero   RW         1336    .bss.s_app          fsm_tick.o
    0x200001e0        -       0x00000004   Zero   RW         1221    .bss.s_ctx          adc_utils.o
    0x200001e4        -       0x00000004   Zero   RW         1323    .bss.s_ic           input_capture_utils.o
    0x200001e8        -       0x00000001   Zero   RW         1283    .bss.softStartMode  fsm_soft_start.o
    0x200001e9   0x08006f20   0x00000001   PAD
    0x200001ea        -       0x00000002   Zero   RW         1284    .bss.softStart_arrCounter  fsm_soft_start.o
    0x200001ec        -       0x00000004   Zero   RW          337    .bss.uwTick         stm32f1xx_hal.o
    0x200001f0        -       0x00000200   Zero   RW            2    HEAP                startup_stm32f103xb.o
    0x200003f0        -       0x00000400   Zero   RW            1    STACK               startup_stm32f103xb.o


==============================================================================

Image component sizes


      Code (inc. data)   RO Data    RW Data    ZI Data      Debug   Object Name

       456          0          0          0        116       5919   adc.o
      1744          0          0         36          9      13638   adc_utils.o
         2          0          0          0          0       1534   digital_inpuet.o
        52          0          0          0          0       2168   dma.o
        68          0          0          0          0       1776   event_queue.o
       106          0         24          1          0      10165   fsm_init.o
        80          0         20          0          1       9887   fsm_resonance_sweep.o
       356          0         24          0          3      10649   fsm_soft_start.o
       142          0          0          0          4       9171   fsm_tick.o
       246          0          0          0          0       1621   gpio.o
       330          0          0          0          4       5726   input_capture_utils.o
       136          0          0          0         12       1802   iwdg.o
        40          0          0          0          0       1419   key.o
       554          0         32          6         41      12043   main.o
       198          0          0          0          0       8366   pwm.o
       776          0        388          0          1      15601   pwm_fsm.o
       328          0          0          0          0       5260   pwm_hal.o
       390          0        176          0          0       3325   sevenseg.o
        64         26        236          0       1536        792   startup_stm32f103xb.o
       196          0          0          5          4       5739   stm32f1xx_hal.o
      1904          0          0          0          0      12734   stm32f1xx_hal_adc.o
       988          0          0          0          0       8721   stm32f1xx_hal_adc_ex.o
       194          0          0          0          0       8434   stm32f1xx_hal_cortex.o
       714          0          0          0          0       7594   stm32f1xx_hal_dma.o
       522         20          0          0          0       4619   stm32f1xx_hal_gpio.o
        96          0          0          0          0       1604   stm32f1xx_hal_iwdg.o
        66          0          0          0          0       1194   stm32f1xx_hal_msp.o
      1312          0         18          0          0       7576   stm32f1xx_hal_rcc.o
       506         20          0          0          0       3594   stm32f1xx_hal_rcc_ex.o
      3128         12         32          0          0      56411   stm32f1xx_hal_tim.o
       518          0          0          0          0      21018   stm32f1xx_hal_tim_ex.o
        80          0          0          0          0       5555   stm32f1xx_it.o
         2          0         24          4          0       1583   system_stm32f1xx.o
       842          0          0          0        144       8251   tim.o
       588         84         52          1          0       8835   value_to_string.o

    ----------------------------------------------------------------------
     17944        162       1060         56       1880     284324   Object Totals
         0          0         32          0          0          0   (incl. Generated)
       220          0          2          3          5          0   (incl. Padding)

    ----------------------------------------------------------------------

      Code (inc. data)   RO Data    RW Data    ZI Data      Debug   Library Member Name

         8          0          0          0          0         68   __main.o
       312          4         17          0          0         92   __printf_flags_wp.o
        14          0          0          0          0         68   __printf_wp.o
         0          0          0          0          0          0   __rtentry.o
        12          0          0          0          0          0   __rtentry2.o
         6          0          0          0          0          0   __rtentry4.o
        94          8          0          0          0          0   __scatter.o
        26          0          0          0          0          0   __scatter_copy.o
        28          0          0          0          0          0   __scatter_zi.o
        48          6          0          0          0         96   _printf_char_common.o
         6          0          0          0          0          0   _printf_d.o
       120         16          0          0          0         92   _printf_dec.o
         6          0          0          0          0          0   _printf_f.o
      1052          0          0          0          0        148   _printf_fp_dec.o
       128         16          0          0          0         84   _printf_fp_infnan.o
       178          0          0          0          0         88   _printf_intcommon.o
        78          0          0          0          0        108   _printf_pad.o
         0          0          0          0          0          0   _printf_percent.o
         4          0          0          0          0          0   _printf_percent_end.o
        22          0          0          0          0        100   _rserrno.o
        16          0          0          0          0         68   _snputc.o
        22          0          0          0          0         80   abort.o
       128         42          0          0          0         76   assert.o
        20          0          0          0          0         76   assert_puts.o
       228          4        148          0          0         96   bigflt0.o
      1936        128          0          0          0        668   btod.o
        48         34          0          0          0         76   defsig_abrt_inner.o
        14          0          0          0          0         80   defsig_abrt_outer.o
        10          0          0          0          0         68   defsig_exit.o
        50          0          0          0          0         88   defsig_general.o
        18          0          0          0          0         80   exit.o
         6          0          0          0          0        152   heapauxi.o
         0          0          0          0          0          0   indicate_semi.o
        44         10         28          0          0         76   lc_numeric_c.o
         2          0          0          0          0          0   libinit.o
        18          0          0          0          0          0   libinit2.o
         2          0          0          0          0          0   libshutdown.o
         2          0          0          0          0          0   libshutdown2.o
         8          4          0          0         96         68   libspace.o
       138          0          0          0          0         80   lludiv10.o
        64          6          0          0          0         84   noretval__2snprintf.o
         8          4          0          0          0         68   rt_errno_addr_intlibspace.o
         8          4          0          0          0         68   rt_locale_intlibspace.o
        78          0          0          0          0         80   rt_memclr_w.o
         2          0          0          0          0          0   rtexit.o
        10          0          0          0          0          0   rtexit2.o
       128          0          0          0          0         68   strcmpv7m.o
        62          0          0          0          0         76   strlen.o
        12          4          0          0          0         68   sys_exit.o
        74          0          0          0          0         80   sys_stackheap_outer.o
        14          0          0          0          0         76   sys_wrch.o
         2          0          0          0          0         68   use_no_semi.o
        84          0          0          0          0        196   dcmp.o
        24          0          0          0          0         68   dcmpi.o
       120          4          0          0          0         92   deqf.o
        38          0          0          0          0         68   dflt_clz.o
       120          4          0          0          0         92   dgeqf.o
       120          4          0          0          0         92   dleqf.o
       156          4          0          0          0         92   dnaninf.o
        12          0          0          0          0         68   dretinf.o
       460         56          0          0          0        120   dsqrt_noumaal.o
        86          4          0          0          0         84   f2d.o
       430          8          0          0          0        168   faddsub_clz.o
        12          4          0          0          0         68   fcheck1.o
        84          0          0          0          0        196   fcmp.o
        24          0          0          0          0         68   fcmpi.o
       388         76          0          0          0         96   fdiv.o
       104          4          0          0          0         84   feqf.o
        54          4          0          0          0         84   ffix.o
        86          0          0          0          0        136   fflt_clz.o
       104          4          0          0          0         84   fgeqf.o
       104          4          0          0          0         84   fleqf.o
       258          4          0          0          0         84   fmul.o
       140          4          0          0          0         84   fnaninf.o
        10          0          0          0          0         68   fretinf.o
         4          0          0          0          0         68   printf1.o
       100          0          0          0          0         68   retnan.o
        76          0          0          0          0         68   scalbnf.o
        48          0          0          0          0         68   trapv.o
         0          0          0          0          0          0   usenofp.o
        40          0          0          0          0         68   fpclassify.o
        24          0          0          0          0        204   funder.o
       400         38         64          0          0        132   logf.o
        76          0          0          0          0         84   sqrt.o

    ----------------------------------------------------------------------
      9126        516        258          0         96       6548   Library Totals
        26          0          1          0          0          0   (incl. Padding)

    ----------------------------------------------------------------------

      Code (inc. data)   RO Data    RW Data    ZI Data      Debug   Library Name

      5314        290        193          0         96       3512   c_w.l
      3246        188          0          0          0       2548   fz_ws.l
       540         38         64          0          0        488   m_ws.l

    ----------------------------------------------------------------------
      9126        516        258          0         96       6548   Library Totals

    ----------------------------------------------------------------------

==============================================================================


      Code (inc. data)   RO Data    RW Data    ZI Data      Debug   

     27070        678       1318         56       1976     286532   Grand Totals
     27070        678       1318         56       1976     286532   ELF Image Totals
     27070        678       1318         56          0          0   ROM Totals

==============================================================================

    Total RO  Size (Code + RO Data)                28388 (  27.72kB)
    Total RW  Size (RW Data + ZI Data)              2032 (   1.98kB)
    Total ROM Size (Code + RO Data + RW Data)      28444 (  27.78kB)

==============================================================================

