Component: Arm Compiler for Embedded 6.21 Tool: armlink [5ec1fa00]

==============================================================================

Section Cross References

    startup_stm32f103xb.o(STACK) refers (Special) to heapauxi.o(.text) for __use_two_region_memory
    startup_stm32f103xb.o(HEAP) refers (Special) to heapauxi.o(.text) for __use_two_region_memory
    startup_stm32f103xb.o(RESET) refers (Special) to heapauxi.o(.text) for __use_two_region_memory
    startup_stm32f103xb.o(RESET) refers to startup_stm32f103xb.o(STACK) for __initial_sp
    startup_stm32f103xb.o(RESET) refers to startup_stm32f103xb.o(.text) for Reset_Handler
    startup_stm32f103xb.o(RESET) refers to stm32f1xx_it.o(.text.NMI_Handler) for NMI_Handler
    startup_stm32f103xb.o(RESET) refers to stm32f1xx_it.o(.text.HardFault_Handler) for HardFault_Handler
    startup_stm32f103xb.o(RESET) refers to stm32f1xx_it.o(.text.MemManage_Handler) for MemManage_Handler
    startup_stm32f103xb.o(RESET) refers to stm32f1xx_it.o(.text.BusFault_Handler) for BusFault_Handler
    startup_stm32f103xb.o(RESET) refers to stm32f1xx_it.o(.text.UsageFault_Handler) for UsageFault_Handler
    startup_stm32f103xb.o(RESET) refers to stm32f1xx_it.o(.text.SVC_Handler) for SVC_Handler
    startup_stm32f103xb.o(RESET) refers to stm32f1xx_it.o(.text.DebugMon_Handler) for DebugMon_Handler
    startup_stm32f103xb.o(RESET) refers to stm32f1xx_it.o(.text.PendSV_Handler) for PendSV_Handler
    startup_stm32f103xb.o(RESET) refers to stm32f1xx_it.o(.text.SysTick_Handler) for SysTick_Handler
    startup_stm32f103xb.o(RESET) refers to stm32f1xx_it.o(.text.DMA1_Channel1_IRQHandler) for DMA1_Channel1_IRQHandler
    startup_stm32f103xb.o(RESET) refers to stm32f1xx_it.o(.text.ADC1_2_IRQHandler) for ADC1_2_IRQHandler
    startup_stm32f103xb.o(RESET) refers to stm32f1xx_it.o(.text.TIM1_BRK_IRQHandler) for TIM1_BRK_IRQHandler
    startup_stm32f103xb.o(RESET) refers to stm32f1xx_it.o(.text.TIM1_CC_IRQHandler) for TIM1_CC_IRQHandler
    startup_stm32f103xb.o(RESET) refers to stm32f1xx_it.o(.text.TIM2_IRQHandler) for TIM2_IRQHandler
    startup_stm32f103xb.o(.text) refers (Special) to heapauxi.o(.text) for __use_two_region_memory
    startup_stm32f103xb.o(.text) refers to system_stm32f1xx.o(.text.SystemInit) for SystemInit
    startup_stm32f103xb.o(.text) refers to __main.o(!!!main) for __main
    startup_stm32f103xb.o(.text) refers to startup_stm32f103xb.o(HEAP) for Heap_Mem
    startup_stm32f103xb.o(.text) refers to startup_stm32f103xb.o(STACK) for Stack_Mem
    main.o(.text) refers (Special) to _printf_percent.o(.ARM.Collect$$_printf_percent$$00000000) for _printf_percent
    main.o(.text) refers (Special) to _printf_d.o(.ARM.Collect$$_printf_percent$$00000009) for _printf_d
    main.o(.text) refers (Special) to _printf_dec.o(.text) for _printf_int_dec
    main.o(.text.main) refers (Special) to _printf_percent.o(.ARM.Collect$$_printf_percent$$00000000) for _printf_percent
    main.o(.text.main) refers (Special) to _printf_d.o(.ARM.Collect$$_printf_percent$$00000009) for _printf_d
    main.o(.text.main) refers (Special) to _printf_dec.o(.text) for _printf_int_dec
    main.o(.text.main) refers to rt_memclr_w.o(.text) for __aeabi_memclr4
    main.o(.text.main) refers to stm32f1xx_hal.o(.text.HAL_Init) for HAL_Init
    main.o(.text.main) refers to main.o(.text.SystemClock_Config) for SystemClock_Config
    main.o(.text.main) refers to stm32f1xx_hal.o(.text.HAL_Delay) for HAL_Delay
    main.o(.text.main) refers to gpio.o(.text.MX_GPIO_Init) for MX_GPIO_Init
    main.o(.text.main) refers to dma.o(.text.MX_DMA_Init) for MX_DMA_Init
    main.o(.text.main) refers to adc.o(.text.MX_ADC1_Init) for MX_ADC1_Init
    main.o(.text.main) refers to tim.o(.text.MX_TIM1_Init) for MX_TIM1_Init
    main.o(.text.main) refers to tim.o(.text.MX_TIM2_Init) for MX_TIM2_Init
    main.o(.text.main) refers to iwdg.o(.text.MX_IWDG_Init) for MX_IWDG_Init
    main.o(.text.main) refers to input_capture_utils.o(.text.IC_AttachContext) for IC_AttachContext
    main.o(.text.main) refers to input_capture_utils.o(.text.IC_Init) for IC_Init
    main.o(.text.main) refers to tim.o(.bss.htim1) for htim1
    main.o(.text.main) refers to stm32f1xx_hal_tim.o(.text.HAL_TIM_IC_Start_IT) for HAL_TIM_IC_Start_IT
    main.o(.text.main) refers to fsm_resonance_sweep.o(.text.Calibrate_PhaseOffset) for Calibrate_PhaseOffset
    main.o(.text.main) refers to fflt_clz.o(x$fpl$ffltu) for __aeabi_ui2f
    main.o(.text.main) refers to fmul.o(x$fpl$fmul) for __aeabi_fmul
    main.o(.text.main) refers to lroundf.o(i.lroundf) for lroundf
    main.o(.text.main) refers to noretval__2printf.o(.text) for __2printf
    main.o(.text.main) refers to puts.o(.text) for puts
    main.o(.ARM.exidx.text.main) refers (Special) to _printf_percent.o(.ARM.Collect$$_printf_percent$$00000000) for _printf_percent
    main.o(.ARM.exidx.text.main) refers (Special) to _printf_d.o(.ARM.Collect$$_printf_percent$$00000009) for _printf_d
[...]
    .text                                    0x080008f8   Section        0  sys_io.o(.text)
    .text                                    0x08000960   Section        8  libspace.o(.text)
    .text                                    0x08000968   Section        2  use_no_semi.o(.text)
    .text                                    0x0800096a   Section        0  indicate_semi.o(.text)
    .text                                    0x0800096a   Section       74  sys_stackheap_outer.o(.text)
    .text                                    0x080009b4   Section        0  h1_alloc.o(.text)
    .text                                    0x08000a12   Section        0  h1_free.o(.text)
    .text                                    0x08000a60   Section        0  setvbuf.o(.text)
    .text                                    0x08000aa8   Section        0  stdio.o(.text)
    _freopen_locked                          0x08000bb1   Thumb Code     0  fopen.o(.text)
    .text                                    0x08000bb0   Section        0  fopen.o(.text)
    .text                                    0x08000ca0   Section        0  fclose.o(.text)
    .text                                    0x08000cec   Section        0  exit.o(.text)
    .text                                    0x08000cfe   Section        0  defsig_exit.o(.text)
    .text                                    0x08000d08   Section        0  defsig_rtred_outer.o(.text)
    .text                                    0x08000d18   Section        8  rt_heap_descriptor_intlibspace.o(.text)
    .text                                    0x08000d20   Section        0  hguard.o(.text)
    .text                                    0x08000d24   Section        0  init_alloc.o(.text)
    .text                                    0x08000dae   Section        0  h1_init.o(.text)
    .text                                    0x08000dbc   Section        0  fseek.o(.text)
    .text                                    0x08000eb4   Section        0  defsig_general.o(.text)
    .text                                    0x08000ee8   Section        0  defsig_rtred_inner.o(.text)
    .text                                    0x08000f1c   Section        0  maybetermalloc1.o(.text)
    .text                                    0x08000f1c   Section        0  h1_extend.o(.text)
    .text                                    0x08000f50   Section        0  ftell.o(.text)
    .text                                    0x08000f92   Section        0  defsig_rtmem_outer.o(.text)
    .text                                    0x08000fa0   Section        0  defsig_rtmem_inner.o(.text)
    [Anonymous Symbol]                       0x08000ff0   Section        0  stm32f1xx_it.o(.text.ADC1_2_IRQHandler)
    [Anonymous Symbol]                       0x08000ffc   Section        0  stm32f1xx_it.o(.text.BusFault_Handler)
    [Anonymous Symbol]                       0x08001000   Section        0  fsm_resonance_sweep.o(.text.Calibrate_PhaseOffset)
    [Anonymous Symbol]                       0x08001090   Section        0  stm32f1xx_it.o(.text.DMA1_Channel1_IRQHandler)
    [Anonymous Symbol]                       0x0800109c   Section        0  stm32f1xx_it.o(.text.DebugMon_Handler)
    [Anonymous Symbol]                       0x080010a0   Section        0  main.o(.text.Error_Handler)
    [Anonymous Symbol]                       0x080010ac   Section        0  fsm_tick.o(.text.FSM_Tick_OnPeriodElapsed)
    [Anonymous Symbol]                       0x08001130   Section        0  stm32f1xx_hal_adc_ex.o(.text.HAL_ADCEx_InjectedConfigChannel)
    [Anonymous Symbol]                       0x080012f4   Section        0  adc_utils.o(.text.HAL_ADCEx_InjectedConvCpltCallback)
    [Anonymous Symbol]                       0x08001340   Section        0  stm32f1xx_hal_adc_ex.o(.text.HAL_ADCEx_InjectedGetValue)
    [Anonymous Symbol]                       0x08001368   Section        0  stm32f1xx_hal_adc.o(.text.HAL_ADC_AnalogWDGConfig)
    [Anonymous Symbol]                       0x080013bc   Section        0  stm32f1xx_hal_adc.o(.text.HAL_ADC_ConfigChannel)
    [Anonymous Symbol]                       0x080014cc   Section        0  adc_utils.o(.text.HAL_ADC_ConvCpltCallback)
    [Anonymous Symbol]                       0x08001540   Section        0  stm32f1xx_hal_adc.o(.text.HAL_ADC_IRQHandler)
    [Anonymous Symbol]                       0x08001630   Section        0  stm32f1xx_hal_adc.o(.text.HAL_ADC_Init)
    [Anonymous Symbol]                       0x08001790   Section        0  adc_utils.o(.text.HAL_ADC_LevelOutOfWindowCallback)
    [Anonymous Symbol]                       0x080017ec   Section        0  adc.o(.text.HAL_ADC_MspInit)
    [Anonymous Symbol]                       0x080018a4   Section        0  stm32f1xx_hal_dma.o(.text.HAL_DMA_IRQHandler)
    [Anonymous Symbol]                       0x08001a0c   Section        0  stm32f1xx_hal_dma.o(.text.HAL_DMA_Init)
    [Anonymous Symbol]                       0x08001a94   Section        0  stm32f1xx_hal.o(.text.HAL_Delay)
    [Anonymous Symbol]                       0x08001abc   Section        0  stm32f1xx_hal_gpio.o(.text.HAL_GPIO_Init)
    [Anonymous Symbol]                       0x08001cbc   Section        0  stm32f1xx_hal_gpio.o(.text.HAL_GPIO_WritePin)
    [Anonymous Symbol]                       0x08001cc8   Section        0  stm32f1xx_hal.o(.text.HAL_GetTick)
    [Anonymous Symbol]                       0x08001cd4   Section        0  stm32f1xx_hal_iwdg.o(.text.HAL_IWDG_Init)
    [Anonymous Symbol]                       0x08001d34   Section        0  stm32f1xx_hal.o(.text.HAL_IncTick)
    [Anonymous Symbol]                       0x08001d50   Section        0  stm32f1xx_hal.o(.text.HAL_Init)
    [Anonymous Symbol]                       0x08001d78   Section        0  stm32f1xx_hal.o(.text.HAL_InitTick)
    [Anonymous Symbol]                       0x08001dc8   Section        0  stm32f1xx_hal_msp.o(.text.HAL_MspInit)
    [Anonymous Symbol]                       0x08001e0c   Section        0  stm32f1xx_hal_cortex.o(.text.HAL_NVIC_EnableIRQ)
    [Anonymous Symbol]                       0x08001e2c   Section        0  stm32f1xx_hal_cortex.o(.text.HAL_NVIC_SetPriority)
    [Anonymous Symbol]                       0x08001e84   Section        0  stm32f1xx_hal_cortex.o(.text.HAL_NVIC_SetPriorityGrouping)
    [Anonymous Symbol]                       0x08001ea4   Section        0  stm32f1xx_hal_rcc_ex.o(.text.HAL_RCCEx_PeriphCLKConfig)
    [Anonymous Symbol]                       0x08001fa4   Section        0  stm32f1xx_hal_rcc.o(.text.HAL_RCC_ClockConfig)
    [Anonymous Symbol]                       0x08002160   Section        0  stm32f1xx_hal_rcc.o(.text.HAL_RCC_OscConfig)
    [Anonymous Symbol]                       0x080024a0   Section        0  stm32f1xx_hal_cortex.o(.text.HAL_SYSTICK_Config)
    [Anonymous Symbol]                       0x080024cc   Section        0  stm32f1xx_hal_tim_ex.o(.text.HAL_TIMEx_BreakCallback)
    [Anonymous Symbol]                       0x080024d0   Section        0  stm32f1xx_hal_tim_ex.o(.text.HAL_TIMEx_CommutCallback)
    [Anonymous Symbol]                       0x080024d4   Section        0  stm32f1xx_hal_tim_ex.o(.text.HAL_TIMEx_ConfigBreakDeadTime)
    [Anonymous Symbol]                       0x08002524   Section        0  stm32f1xx_hal_tim_ex.o(.text.HAL_TIMEx_MasterConfigSynchronization)
    [Anonymous Symbol]                       0x080025a0   Section        0  stm32f1xx_hal_tim.o(.text.HAL_TIM_Base_Init)
    [Anonymous Symbol]                       0x08002688   Section        0  tim.o(.text.HAL_TIM_Base_MspInit)
    [Anonymous Symbol]                       0x08002760   Section        0  stm32f1xx_hal_tim.o(.text.HAL_TIM_ConfigClockSource)
    [Anonymous Symbol]                       0x08002904   Section        0  input_capture_utils.o(.text.HAL_TIM_IC_CaptureCallback)
    [Anonymous Symbol]                       0x080029d4   Section        0  stm32f1xx_hal_tim.o(.text.HAL_TIM_IC_ConfigChannel)
    [Anonymous Symbol]                       0x08002b48   Section        0  stm32f1xx_hal_tim.o(.text.HAL_TIM_IC_Init)
    [Anonymous Symbol]                       0x08002c30   Section        0  stm32f1xx_hal_tim.o(.text.HAL_TIM_IC_MspInit)
    [Anonymous Symbol]                       0x08002c34   Section        0  stm32f1xx_hal_tim.o(.text.HAL_TIM_IC_Start_IT)
    [Anonymous Symbol]                       0x08002d5c   Section        0  stm32f1xx_hal_tim.o(.text.HAL_TIM_IRQHandler)
    [Anonymous Symbol]                       0x08002ea8   Section        0  stm32f1xx_hal_tim.o(.text.HAL_TIM_OC_DelayElapsedCallback)
    [Anonymous Symbol]                       0x08002eac   Section        0  stm32f1xx_hal_tim.o(.text.HAL_TIM_PWM_ConfigChannel)
    [Anonymous Symbol]                       0x080030ac   Section        0  stm32f1xx_hal_tim.o(.text.HAL_TIM_PWM_Init)
    [Anonymous Symbol]                       0x08003194   Section        0  stm32f1xx_hal_tim.o(.text.HAL_TIM_PWM_MspInit)
    [Anonymous Symbol]                       0x08003198   Section        0  stm32f1xx_hal_tim.o(.text.HAL_TIM_PWM_PulseFinishedCallback)
    [Anonymous Symbol]                       0x0800319c   Section        0  main.o(.text.HAL_TIM_PeriodElapsedCallback)
    [Anonymous Symbol]                       0x080031ac   Section        0  stm32f1xx_hal_tim.o(.text.HAL_TIM_ReadCapturedValue)
    [Anonymous Symbol]                       0x080031e0   Section        0  stm32f1xx_hal_tim.o(.text.HAL_TIM_TriggerCallback)
    [Anonymous Symbol]                       0x080031e4   Section        0  stm32f1xx_it.o(.text.HardFault_Handler)
    [Anonymous Symbol]                       0x080031e8   Section        0  input_capture_utils.o(.text.IC_AttachContext)
    [Anonymous Symbol]                       0x080031f4   Section        0  input_capture_utils.o(.text.IC_Init)
    [Anonymous Symbol]                       0x08003264   Section        0  input_capture_utils.o(.text.IC_getSample)
    [Anonymous Symbol]                       0x08003298   Section        0  input_capture_utils.o(.text.IC_processSample)
    [Anonymous Symbol]                       0x08003310   Section        0  adc.o(.text.MX_ADC1_Init)
    [Anonymous Symbol]                       0x08003424   Section        0  dma.o(.text.MX_DMA_Init)
    [Anonymous Symbol]                       0x08003458   Section        0  gpio.o(.text.MX_GPIO_Init)
    [Anonymous Symbol]                       0x08003550   Section        0  iwdg.o(.text.MX_IWDG_Init)
    [Anonymous Symbol]                       0x08003580   Section        0  tim.o(.text.MX_TIM1_Init)
    [Anonymous Symbol]                       0x0800377c   Section        0  tim.o(.text.MX_TIM2_Init)
    [Anonymous Symbol]                       0x080037f8   Section        0  stm32f1xx_it.o(.text.MemManage_Handler)
    [Anonymous Symbol]                       0x080037fc   Section        0  stm32f1xx_it.o(.text.NMI_Handler)
    [Anonymous Symbol]                       0x08003800   Section        0  stm32f1xx_it.o(.text.PendSV_Handler)
    [Anonymous Symbol]                       0x08003804   Section        0  stm32f1xx_it.o(.text.SVC_Handler)
    [Anonymous Symbol]                       0x08003808   Section        0  stm32f1xx_it.o(.text.SysTick_Handler)
    [Anonymous Symbol]                       0x0800380c   Section        0  main.o(.text.SystemClock_Config)
    [Anonymous Symbol]                       0x080038a4   Section        0  system_stm32f1xx.o(.text.SystemInit)
    [Anonymous Symbol]                       0x080038a8   Section        0  stm32f1xx_it.o(.text.TIM1_BRK_IRQHandler)
    [Anonymous Symbol]                       0x080038b4   Section        0  stm32f1xx_it.o(.text.TIM1_CC_IRQHandler)
    [Anonymous Symbol]                       0x080038c0   Section        0  stm32f1xx_it.o(.text.TIM2_IRQHandler)
    [Anonymous Symbol]                       0x080038cc   Section        0  stm32f1xx_it.o(.text.UsageFault_Handler)
    [Anonymous Symbol]                       0x080038d0   Section        0  input_capture_utils.o(.text.calc_phase_deg)
    [Anonymous Symbol]                       0x08003940   Section        0  main.o(.text.main)
    i._is_digit                              0x08003a18   Section        0  __printf_wp.o(i._is_digit)
    i.fputc                                  0x08003a26   Section        0  fputc.o(i.fputc)
    i.lroundf                                0x08003a42   Section        0  lroundf.o(i.lroundf)
    x$fpl$fadd                               0x08003ad4   Section      196  faddsub_clz.o(x$fpl$fadd)
    _fadd1                                   0x08003ae3   Thumb Code     0  faddsub_clz.o(x$fpl$fadd)
    x$fpl$fcmp                               0x08003b98   Section       84  fcmp.o(x$fpl$fcmp)
    x$fpl$fcmpinf                            0x08003bec   Section       24  fcmpi.o(x$fpl$fcmpinf)
    _fdiv1                                   0x08003c05   Thumb Code     0  fdiv.o(x$fpl$fdiv)
    x$fpl$fdiv                               0x08003c04   Section      388  fdiv.o(x$fpl$fdiv)
    x$fpl$feqf                               0x08003d88   Section      104  feqf.o(x$fpl$feqf)
    x$fpl$ffixr                              0x08003df0   Section       82  ffix.o(x$fpl$ffixr)
    x$fpl$ffixu                              0x08003e44   Section       62  ffixu.o(x$fpl$ffixu)
    x$fpl$ffltu                              0x08003e84   Section       38  fflt_clz.o(x$fpl$ffltu)
    x$fpl$fgeqf                              0x08003eac   Section      104  fgeqf.o(x$fpl$fgeqf)
    x$fpl$fleqf                              0x08003f14   Section      104  fleqf.o(x$fpl$fleqf)
    x$fpl$fmul                               0x08003f7c   Section      258  fmul.o(x$fpl$fmul)
    x$fpl$fnaninf                            0x0800407e   Section      140  fnaninf.o(x$fpl$fnaninf)
    x$fpl$fretinf                            0x0800410a   Section       10  fretinf.o(x$fpl$fretinf)
    x$fpl$frnd                               0x08004114   Section       96  frnd.o(x$fpl$frnd)
    x$fpl$fsub                               0x08004174   Section      234  faddsub_clz.o(x$fpl$fsub)
    _fsub1                                   0x08004183   Thumb Code     0  faddsub_clz.o(x$fpl$fsub)
    maptable                                 0x0800425e   Data          17  __printf_flags_wp.o(.constdata)
    .constdata                               0x0800425e   Section       17  __printf_flags_wp.o(.constdata)
    x$fpl$usenofp                            0x0800425e   Section        0  usenofp.o(x$fpl$usenofp)
    .constdata                               0x0800426f   Section        4  sys_io_names.o(.constdata)
    .constdata                               0x08004273   Section        4  sys_io_names.o(.constdata)
    .constdata                               0x08004277   Section        4  sys_io_names.o(.constdata)
    HAL_RCC_GetSysClockFreq.aPredivFactorTable 0x0800428b   Data           2  stm32f1xx_hal_rcc.o(.rodata.HAL_RCC_GetSysClockFreq.aPredivFactorTable)
    [Anonymous Symbol]                       0x0800428b   Section        0  stm32f1xx_hal_rcc.o(.rodata.HAL_RCC_GetSysClockFreq.aPredivFactorTable)
    HAL_RCC_GetSysClockFreq.aPLLMULFactorTable 0x0800428d   Data          16  stm32f1xx_hal_rcc.o(.rodata.cst16)
    [Anonymous Symbol]                       0x0800428d   Section        0  stm32f1xx_hal_rcc.o(.rodata.cst16)
    .Lswitch.table.HAL_TIM_IC_Start_IT       0x080042a0   Data          16  stm32f1xx_hal_tim.o(.rodata.cst16)
    .Lswitch.table.HAL_TIM_IC_Stop_IT        0x080042b0   Data          16  stm32f1xx_hal_tim.o(.rodata.cst16)
    .data                                    0x20000000   Section        4  stdio_streams.o(.data)
    .data                                    0x20000004   Section        4  stdio_streams.o(.data)
    .data                                    0x20000008   Section        4  stdio_streams.o(.data)
    .bss                                     0x20000018   Section       84  stdio_streams.o(.bss)
    .bss                                     0x2000006c   Section       84  stdio_streams.o(.bss)
    .bss                                     0x200000c0   Section       84  stdio_streams.o(.bss)
    .bss                                     0x20000114   Section       96  libspace.o(.bss)
    s_app                                    0x20000284   Data           4  fsm_tick.o(.bss.s_app)
    [Anonymous Symbol]                       0x20000284   Section        0  fsm_tick.o(.bss.s_app)
    s_ctx                                    0x20000288   Data           4  adc_utils.o(.bss.s_ctx)
    [Anonymous Symbol]                       0x20000288   Section        0  adc_utils.o(.bss.s_ctx)
    s_ic                                     0x2000028c   Data           4  input_capture_utils.o(.bss.s_ic)
    [Anonymous Symbol]                       0x2000028c   Section        0  input_capture_utils.o(.bss.s_ic)
    Heap_Mem                                 0x20000298   Data         512  startup_stm32f103xb.o(HEAP)
    HEAP                                     0x20000298   Section      512  startup_stm32f103xb.o(HEAP)
    Stack_Mem                                0x20000498   Data        1024  startup_stm32f103xb.o(STACK)
    STACK                                    0x20000498   Section     1024  startup_stm32f103xb.o(STACK)
    __initial_sp                             0x20000898   Data           0  startup_stm32f103xb.o(STACK)

    Global Symbols

    Symbol Name                              Value     Ov Type        Size  Object(Section)

    BuildAttributes$$THM_ISAv4$P$D$K$B$S$PE$A:L22UL41UL21$X:L11$S22US41US21$IEEE1$IW$~IW$USESV6$~STKCKD$USESV7$~SHL$OTIME$ROPI$IEEEX$EBA8$UX$STANDARDLIB$REQ8$PRES8$EABIv2 0x00000000   Number         0  anon$$obj.o ABSOLUTE
    __fp_init_empty                          0x00000000   Number         0  fpinit_empty.o ABSOLUTE
    _printf_flags                            0x00000000   Number         0  printf_stubs.o ABSOLUTE
    _printf_return_value                     0x00000000   Number         0  printf_stubs.o ABSOLUTE
    _printf_sizespec                         0x00000000   Number         0  printf_stubs.o ABSOLUTE
    _printf_widthprec                        0x00000000   Number         0  printf_stubs.o ABSOLUTE
    __ARM_exceptions_init                     - Undefined Weak Reference
    __alloca_initialize                       - Undefined Weak Reference
    __arm_preinit_                            - Undefined Weak Reference
    __arm_relocate_pie_                       - Undefined Weak Reference
    __cpp_initialize__aeabi_                  - Undefined Weak Reference
    __cxa_finalize                            - Undefined Weak Reference
    __sigvec_lookup                           - Undefined Weak Reference
    __user_heap_extent                        - Undefined Weak Reference
    _atexit_init                              - Undefined Weak Reference
    _call_atexit_fns                          - Undefined Weak Reference
    _clock_init                               - Undefined Weak Reference
    _fp_trap_init                             - Undefined Weak Reference
    _fp_trap_shutdown                         - Undefined Weak Reference
    _get_lc_collate                           - Undefined Weak Reference
    _get_lc_ctype                             - Undefined Weak Reference
    _get_lc_monetary                          - Undefined Weak Reference
    _get_lc_time                              - Undefined Weak Reference
    _getenv_init                              - Undefined Weak Reference
    _handle_redirection                       - Undefined Weak Reference
    _mutex_acquire                            - Undefined Weak Reference
    _mutex_free                               - Undefined Weak Reference
    _mutex_release                            - Undefined Weak Reference
    _printf_truncate_signed                   - Undefined Weak Reference
    _printf_truncate_unsigned                 - Undefined Weak Reference
    _rand_init                                - Undefined Weak Reference
    _signal_finish                            - Undefined Weak Reference
    _signal_init                              - Undefined Weak Reference
    __Vectors_Size                           0x000000ec   Number         0  startup_stm32f103xb.o ABSOLUTE
    __Vectors                                0x08000000   Data           4  startup_stm32f103xb.o(RESET)
    __Vectors_End                            0x080000ec   Data           0  startup_stm32f103xb.o(RESET)
    __main                                   0x080000ed   Thumb Code     8  __main.o(!!!main)
    __scatterload                            0x080000f5   Thumb Code     0  __scatter.o(!!!scatter)
    __scatterload_rt2                        0x080000f5   Thumb Code    84  __scatter.o(!!!scatter)
    __scatterload_rt2_thumb_only             0x080000f5   Thumb Code     0  __scatter.o(!!!scatter)
    __scatterload_loop                       0x080000ff   Thumb Code     0  __scatter.o(!!!scatter)
    __scatterload_copy                       0x08000151   Thumb Code    26  __scatter_copy.o(!!handler_copy)
    __scatterload_null                       0x0800016d   Thumb Code     2  __scatter.o(!!handler_null)
    __scatterload_zeroinit                   0x08000171   Thumb Code    28  __scatter_zi.o(!!handler_zi)
    _printf_d                                0x0800018d   Thumb Code     0  _printf_d.o(.ARM.Collect$$_printf_percent$$00000009)
    _printf_percent                          0x0800018d   Thumb Code     0  _printf_percent.o(.ARM.Collect$$_printf_percent$$00000000)
    _printf_percent_end                      0x08000193   Thumb Code     0  _printf_percent_end.o(.ARM.Collect$$_printf_percent$$00000017)
    __rt_lib_init                            0x08000197   Thumb Code     0  libinit.o(.ARM.Collect$$libinit$$00000000)
    __rt_lib_init_fp_1                       0x08000199   Thumb Code     0  libinit2.o(.ARM.Collect$$libinit$$00000002)
    __rt_lib_init_heap_2                     0x08000199   Thumb Code     0  libinit2.o(.ARM.Collect$$libinit$$00000007)
    __rt_lib_init_preinit_1                  0x08000199   Thumb Code     0  libinit2.o(.ARM.Collect$$libinit$$00000006)
    __rt_lib_init_relocate_pie_1             0x08000199   Thumb Code     0  libinit2.o(.ARM.Collect$$libinit$$00000004)
    __rt_lib_init_atexit_1                   0x080001a1   Thumb Code     0  libinit2.o(.ARM.Collect$$libinit$$0000001D)
    __rt_lib_init_clock_1                    0x080001a1   Thumb Code     0  libinit2.o(.ARM.Collect$$libinit$$00000023)
    __rt_lib_init_fp_trap_1                  0x080001a1   Thumb Code     0  libinit2.o(.ARM.Collect$$libinit$$00000021)
    __rt_lib_init_getenv_1                   0x080001a1   Thumb Code     0  libinit2.o(.ARM.Collect$$libinit$$00000025)
    __rt_lib_init_heap_1                     0x080001a1   Thumb Code     0  libinit2.o(.ARM.Collect$$libinit$$0000000C)
    __rt_lib_init_lc_collate_1               0x080001a1   Thumb Code     0  libinit2.o(.ARM.Collect$$libinit$$00000013)
    __rt_lib_init_lc_ctype_1                 0x080001a1   Thumb Code     0  libinit2.o(.ARM.Collect$$libinit$$00000015)
    __rt_lib_init_lc_monetary_1              0x080001a1   Thumb Code     0  libinit2.o(.ARM.Collect$$libinit$$00000017)
    __rt_lib_init_lc_numeric_1               0x080001a1   Thumb Code     0  libinit2.o(.ARM.Collect$$libinit$$00000019)
    __rt_lib_init_lc_time_1                  0x080001a1   Thumb Code     0  libinit2.o(.ARM.Collect$$libinit$$0000001B)
    __rt_lib_init_rand_1                     0x080001a1   Thumb Code     0  libinit2.o(.ARM.Collect$$libinit$$00000010)
    __rt_lib_init_signal_1                   0x080001a1   Thumb Code     0  libinit2.o(.ARM.Collect$$libinit$$0000001F)
    __rt_lib_init_stdio_2                    0x080001a1   Thumb Code     0  libinit2.o(.ARM.Collect$$libinit$$00000026)
    __rt_lib_init_user_alloc_1               0x080001a1   Thumb Code     0  libinit2.o(.ARM.Collect$$libinit$$0000000E)
    __rt_lib_init_alloca_1                   0x080001a5   Thumb Code     0  libinit2.o(.ARM.Collect$$libinit$$00000030)
    __rt_lib_init_argv_1                     0x080001a5   Thumb Code     0  libinit2.o(.ARM.Collect$$libinit$$0000002E)
    __rt_lib_init_cpp_1                      0x080001a5   Thumb Code     0  libinit2.o(.ARM.Collect$$libinit$$00000034)
    __rt_lib_init_exceptions_1               0x080001a5   Thumb Code     0  libinit2.o(.ARM.Collect$$libinit$$00000032)
    __rt_lib_init_return                     0x080001a5   Thumb Code     0  libinit2.o(.ARM.Collect$$libinit$$00000035)
    __rt_lib_init_stdio_1                    0x080001a5   Thumb Code     0  libinit2.o(.ARM.Collect$$libinit$$00000027)
    __rt_lib_shutdown                        0x080001a7   Thumb Code     0  libshutdown.o(.ARM.Collect$$libshutdown$$00000000)
    __rt_lib_shutdown_cpp_1                  0x080001a9   Thumb Code     0  libshutdown2.o(.ARM.Collect$$libshutdown$$00000002)
    __rt_lib_shutdown_stdio_2                0x080001a9   Thumb Code     0  libshutdown2.o(.ARM.Collect$$libshutdown$$00000003)
    __rt_lib_shutdown_fp_trap_1              0x080001ad   Thumb Code     0  libshutdown2.o(.ARM.Collect$$libshutdown$$00000007)
    __rt_lib_shutdown_heap_1                 0x080001ad   Thumb Code     0  libshutdown2.o(.ARM.Collect$$libshutdown$$0000000F)
    __rt_lib_shutdown_return                 0x080001ad   Thumb Code     0  libshutdown2.o(.ARM.Collect$$libshutdown$$00000010)
    __rt_lib_shutdown_signal_1               0x080001ad   Thumb Code     0  libshutdown2.o(.ARM.Collect$$libshutdown$$0000000A)
    __rt_lib_shutdown_stdio_1                0x080001ad   Thumb Code     0  libshutdown2.o(.ARM.Collect$$libshutdown$$00000004)
    __rt_lib_shutdown_user_alloc_1           0x080001ad   Thumb Code     0  libshutdown2.o(.ARM.Collect$$libshutdown$$0000000C)
    __rt_entry                               0x080001af   Thumb Code     0  __rtentry.o(.ARM.Collect$$rtentry$$00000000)
    __rt_entry_presh_1                       0x080001af   Thumb Code     0  __rtentry2.o(.ARM.Collect$$rtentry$$00000002)
    __rt_entry_sh                            0x080001af   Thumb Code     0  __rtentry4.o(.ARM.Collect$$rtentry$$00000004)
    __rt_entry_li                            0x080001b5   Thumb Code     0  __rtentry2.o(.ARM.Collect$$rtentry$$0000000A)
    __rt_entry_postsh_1                      0x080001b5   Thumb Code     0  __rtentry2.o(.ARM.Collect$$rtentry$$00000009)
    __rt_entry_main                          0x080001b9   Thumb Code     0  __rtentry2.o(.ARM.Collect$$rtentry$$0000000D)
    __rt_entry_postli_1                      0x080001b9   Thumb Code     0  __rtentry2.o(.ARM.Collect$$rtentry$$0000000C)
    __rt_exit                                0x080001c1   Thumb Code     0  rtexit.o(.ARM.Collect$$rtexit$$00000000)
    __rt_exit_ls                             0x080001c3   Thumb Code     0  rtexit2.o(.ARM.Collect$$rtexit$$00000003)
    __rt_exit_prels_1                        0x080001c3   Thumb Code     0  rtexit2.o(.ARM.Collect$$rtexit$$00000002)
    __rt_exit_exit                           0x080001c7   Thumb Code     0  rtexit2.o(.ARM.Collect$$rtexit$$00000004)
    Reset_Handler                            0x080001cd   Thumb Code     8  startup_stm32f103xb.o(.text)
    CAN1_RX1_IRQHandler                      0x080001e7   Thumb Code     0  startup_stm32f103xb.o(.text)
    CAN1_SCE_IRQHandler                      0x080001e7   Thumb Code     0  startup_stm32f103xb.o(.text)
    DMA1_Channel2_IRQHandler                 0x080001e7   Thumb Code     0  startup_stm32f103xb.o(.text)
    DMA1_Channel3_IRQHandler                 0x080001e7   Thumb Code     0  startup_stm32f103xb.o(.text)
    DMA1_Channel4_IRQHandler                 0x080001e7   Thumb Code     0  startup_stm32f103xb.o(.text)
    DMA1_Channel5_IRQHandler                 0x080001e7   Thumb Code     0  startup_stm32f103xb.o(.text)
    DMA1_Channel6_IRQHandler                 0x080001e7   Thumb Code     0  startup_stm32f103xb.o(.text)
    DMA1_Channel7_IRQHandler                 0x080001e7   Thumb Code     0  startup_stm32f103xb.o(.text)
    EXTI0_IRQHandler                         0x080001e7   Thumb Code     0  startup_stm32f103xb.o(.text)
    EXTI15_10_IRQHandler                     0x080001e7   Thumb Code     0  startup_stm32f103xb.o(.text)
    EXTI1_IRQHandler                         0x080001e7   Thumb Code     0  startup_stm32f103xb.o(.text)
    EXTI2_IRQHandler                         0x080001e7   Thumb Code     0  startup_stm32f103xb.o(.text)
    EXTI3_IRQHandler                         0x080001e7   Thumb Code     0  startup_stm32f103xb.o(.text)
    EXTI4_IRQHandler                         0x080001e7   Thumb Code     0  startup_stm32f103xb.o(.text)
    EXTI9_5_IRQHandler                       0x080001e7   Thumb Code     0  startup_stm32f103xb.o(.text)
    FLASH_IRQHandler                         0x080001e7   Thumb Code     0  startup_stm32f103xb.o(.text)
    I2C1_ER_IRQHandler                       0x080001e7   Thumb Code     0  startup_stm32f103xb.o(.text)
    I2C1_EV_IRQHandler                       0x080001e7   Thumb Code     0  startup_stm32f103xb.o(.text)
    I2C2_ER_IRQHandler                       0x080001e7   Thumb Code     0  startup_stm32f103xb.o(.text)
    I2C2_EV_IRQHandler                       0x080001e7   Thumb Code     0  startup_stm32f103xb.o(.text)
    PVD_IRQHandler                           0x080001e7   Thumb Code     0  startup_stm32f103xb.o(.text)
    RCC_IRQHandler                           0x080001e7   Thumb Code     0  startup_stm32f103xb.o(.text)
    RTC_Alarm_IRQHandler                     0x080001e7   Thumb Code     0  startup_stm32f103xb.o(.text)
    RTC_IRQHandler                           0x080001e7   Thumb Code     0  startup_stm32f103xb.o(.text)
    SPI1_IRQHandler                          0x080001e7   Thumb Code     0  startup_stm32f103xb.o(.text)
    SPI2_IRQHandler                          0x080001e7   Thumb Code     0  startup_stm32f103xb.o(.text)
    TAMPER_IRQHandler                        0x080001e7   Thumb Code     0  startup_stm32f103xb.o(.text)
    TIM1_TRG_COM_IRQHandler                  0x080001e7   Thumb Code     0  startup_stm32f103xb.o(.text)
    TIM1_UP_IRQHandler                       0x080001e7   Thumb Code     0  startup_stm32f103xb.o(.text)
    TIM3_IRQHandler                          0x080001e7   Thumb Code     0  startup_stm32f103xb.o(.text)
    TIM4_IRQHandler                          0x080001e7   Thumb Code     0  startup_stm32f103xb.o(.text)
    USART1_IRQHandler                        0x080001e7   Thumb Code     0  startup_stm32f103xb.o(.text)
    USART2_IRQHandler                        0x080001e7   Thumb Code     0  startup_stm32f103xb.o(.text)
    USART3_IRQHandler                        0x080001e7   Thumb Code     0  startup_stm32f103xb.o(.text)
    USBWakeUp_IRQHandler                     0x080001e7   Thumb Code     0  startup_stm32f103xb.o(.text)
    USB_HP_CAN1_TX_IRQHandler                0x080001e7   Thumb Code     0  startup_stm32f103xb.o(.text)
    USB_LP_CAN1_RX0_IRQHandler               0x080001e7   Thumb Code     0  startup_stm32f103xb.o(.text)
    WWDG_IRQHandler                          0x080001e7   Thumb Code     0  startup_stm32f103xb.o(.text)
    __user_initial_stackheap                 0x080001e9   Thumb Code     0  startup_stm32f103xb.o(.text)
    __2printf                                0x0800020d   Thumb Code    20  noretval__2printf.o(.text)
    _printf_int_dec                          0x08000225   Thumb Code   104  _printf_dec.o(.text)
    __printf                                 0x0800029d   Thumb Code   308  __printf_flags_wp.o(.text)
    puts                                     0x080003d5   Thumb Code    40  puts.o(.text)
    strlen                                   0x08000401   Thumb Code    62  strlen.o(.text)
    __aeabi_memclr4                          0x0800043f   Thumb Code     0  rt_memclr_w.o(.text)
    __aeabi_memclr8                          0x0800043f   Thumb Code     0  rt_memclr_w.o(.text)
    __rt_memclr_w                            0x0800043f   Thumb Code     0  rt_memclr_w.o(.text)
    _memset_w                                0x08000443   Thumb Code    74  rt_memclr_w.o(.text)
    __use_two_region_memory                  0x0800048d   Thumb Code     2  heapauxi.o(.text)
    __rt_heap_escrow                         0x0800048f   Thumb Code     2  heapauxi.o(.text)
    __rt_heap_expand                         0x08000491   Thumb Code     2  heapauxi.o(.text)
    __read_errno                             0x08000493   Thumb Code    10  _rserrno.o(.text)
    __set_errno                              0x0800049d   Thumb Code    12  _rserrno.o(.text)
    _printf_int_common                       0x080004a9   Thumb Code   178  _printf_intcommon.o(.text)
    _printf_char_common                      0x08000567   Thumb Code    32  _printf_char_common.o(.text)
    _printf_char_file                        0x0800058d   Thumb Code    32  _printf_char_file.o(.text)
    _ttywrch                                 0x080005b1   Thumb Code    14  sys_wrch.o(.text)
    _sys_exit                                0x080005c1   Thumb Code     8  sys_exit.o(.text)
    __aeabi_errno_addr                       0x080005cd   Thumb Code     8  rt_errno_addr_intlibspace.o(.text)
    __errno$intlibspace                      0x080005cd   Thumb Code     0  rt_errno_addr_intlibspace.o(.text)
    __rt_errno_addr$intlibspace              0x080005cd   Thumb Code     0  rt_errno_addr_intlibspace.o(.text)
    ferror                                   0x080005d5   Thumb Code     8  ferror.o(.text)
    __flsbuf                                 0x080005dd   Thumb Code   482  flsbuf.o(.text)
    __flsbuf_byte                            0x080005dd   Thumb Code     0  flsbuf.o(.text)
    __flsbuf_wide                            0x080005dd   Thumb Code     0  flsbuf.o(.text)
    _initio                                  0x080007c1   Thumb Code   210  initio.o(.text)
    _terminateio                             0x08000893   Thumb Code    56  initio.o(.text)
    _sys_open                                0x080008f9   Thumb Code    20  sys_io.o(.text)
    _sys_close                               0x0800090d   Thumb Code    12  sys_io.o(.text)
    _sys_write                               0x08000919   Thumb Code    16  sys_io.o(.text)
    _sys_read                                0x08000929   Thumb Code    14  sys_io.o(.text)
    _sys_istty                               0x08000937   Thumb Code    12  sys_io.o(.text)
    _sys_seek                                0x08000943   Thumb Code    14  sys_io.o(.text)
    _sys_ensure                              0x08000951   Thumb Code     2  sys_io.o(.text)
    _sys_flen                                0x08000953   Thumb Code    12  sys_io.o(.text)
    __user_libspace                          0x08000961   Thumb Code     8  libspace.o(.text)
    __user_perproc_libspace                  0x08000961   Thumb Code     0  libspace.o(.text)
    __user_perthread_libspace                0x08000961   Thumb Code     0  libspace.o(.text)
    __I$use$semihosting                      0x08000969   Thumb Code     0  use_no_semi.o(.text)
    __use_no_semihosting_swi                 0x08000969   Thumb Code     2  use_no_semi.o(.text)
    __semihosting_library_function           0x0800096b   Thumb Code     0  indicate_semi.o(.text)
    __user_setup_stackheap                   0x0800096b   Thumb Code    74  sys_stackheap_outer.o(.text)
    malloc                                   0x080009b5   Thumb Code    94  h1_alloc.o(.text)
    free                                     0x08000a13   Thumb Code    78  h1_free.o(.text)
    setvbuf                                  0x08000a61   Thumb Code    70  setvbuf.o(.text)
    _seterr                                  0x08000aa9   Thumb Code    20  stdio.o(.text)
    _writebuf                                0x08000abd   Thumb Code   108  stdio.o(.text)
    _fflush                                  0x08000b29   Thumb Code    70  stdio.o(.text)
    _deferredlazyseek                        0x08000b6f   Thumb Code    60  stdio.o(.text)
    freopen                                  0x08000bb1   Thumb Code   160  fopen.o(.text)
    fopen                                    0x08000c51   Thumb Code    74  fopen.o(.text)
    _fclose_internal                         0x08000ca1   Thumb Code    76  fclose.o(.text)
    fclose                                   0x08000ca1   Thumb Code     0  fclose.o(.text)
    exit                                     0x08000ced   Thumb Code    18  exit.o(.text)
    __sig_exit                               0x08000cff   Thumb Code    10  defsig_exit.o(.text)
    __rt_SIGRTRED                            0x08000d09   Thumb Code    14  defsig_rtred_outer.o(.text)
    __rt_heap_descriptor                     0x08000d19   Thumb Code     8  rt_heap_descriptor_intlibspace.o(.text)
    __use_no_heap                            0x08000d21   Thumb Code     2  hguard.o(.text)
    __heap$guard                             0x08000d23   Thumb Code     2  hguard.o(.text)
    _terminate_user_alloc                    0x08000d25   Thumb Code     2  init_alloc.o(.text)
    _init_user_alloc                         0x08000d27   Thumb Code     2  init_alloc.o(.text)
    __Heap_Full                              0x08000d29   Thumb Code    34  init_alloc.o(.text)
    __Heap_Broken                            0x08000d4b   Thumb Code     6  init_alloc.o(.text)
    _init_alloc                              0x08000d51   Thumb Code    94  init_alloc.o(.text)
    __Heap_Initialize                        0x08000daf   Thumb Code     8  h1_init.o(.text)
    __Heap_DescSize                          0x08000db7   Thumb Code     4  h1_init.o(.text)
    _fseek                                   0x08000dbd   Thumb Code   242  fseek.o(.text)
    fseek                                    0x08000dbd   Thumb Code     0  fseek.o(.text)
    __default_signal_display                 0x08000eb5   Thumb Code    50  defsig_general.o(.text)
    __rt_SIGRTRED_inner                      0x08000ee9   Thumb Code    14  defsig_rtred_inner.o(.text)
    __Heap_ProvideMemory                     0x08000f1d   Thumb Code    52  h1_extend.o(.text)
    _maybe_terminate_alloc                   0x08000f1d   Thumb Code     0  maybetermalloc1.o(.text)
    _ftell_internal                          0x08000f51   Thumb Code    66  ftell.o(.text)
    ftell                                    0x08000f51   Thumb Code     0  ftell.o(.text)
    __rt_SIGRTMEM                            0x08000f93   Thumb Code    14  defsig_rtmem_outer.o(.text)
    __rt_SIGRTMEM_inner                      0x08000fa1   Thumb Code    22  defsig_rtmem_inner.o(.text)
    ADC1_2_IRQHandler                        0x08000ff1   Thumb Code    12  stm32f1xx_it.o(.text.ADC1_2_IRQHandler)
    BusFault_Handler                         0x08000ffd   Thumb Code     2  stm32f1xx_it.o(.text.BusFault_Handler)
    Calibrate_PhaseOffset                    0x08001001   Thumb Code   142  fsm_resonance_sweep.o(.text.Calibrate_PhaseOffset)
    DMA1_Channel1_IRQHandler                 0x08001091   Thumb Code    12  stm32f1xx_it.o(.text.DMA1_Channel1_IRQHandler)
    DebugMon_Handler                         0x0800109d   Thumb Code     2  stm32f1xx_it.o(.text.DebugMon_Handler)
    Error_Handler                            0x080010a1   Thumb Code    10  main.o(.text.Error_Handler)
    FSM_Tick_OnPeriodElapsed                 0x080010ad   Thumb Code   130  fsm_tick.o(.text.FSM_Tick_OnPeriodElapsed)
    HAL_ADCEx_InjectedConfigChannel          0x08001131   Thumb Code   452  stm32f1xx_hal_adc_ex.o(.text.HAL_ADCEx_InjectedConfigChannel)
    HAL_ADCEx_InjectedConvCpltCallback       0x080012f5   Thumb Code    76  adc_utils.o(.text.HAL_ADCEx_InjectedConvCpltCallback)
    HAL_ADCEx_InjectedGetValue               0x08001341   Thumb Code    38  stm32f1xx_hal_adc_ex.o(.text.HAL_ADCEx_InjectedGetValue)
    HAL_ADC_AnalogWDGConfig                  0x08001369   Thumb Code    84  stm32f1xx_hal_adc.o(.text.HAL_ADC_AnalogWDGConfig)
    HAL_ADC_ConfigChannel                    0x080013bd   Thumb Code   270  stm32f1xx_hal_adc.o(.text.HAL_ADC_ConfigChannel)
    HAL_ADC_ConvCpltCallback                 0x080014cd   Thumb Code   114  adc_utils.o(.text.HAL_ADC_ConvCpltCallback)
    HAL_ADC_IRQHandler                       0x08001541   Thumb Code   238  stm32f1xx_hal_adc.o(.text.HAL_ADC_IRQHandler)
    HAL_ADC_Init                             0x08001631   Thumb Code   352  stm32f1xx_hal_adc.o(.text.HAL_ADC_Init)
    HAL_ADC_LevelOutOfWindowCallback         0x08001791   Thumb Code    92  adc_utils.o(.text.HAL_ADC_LevelOutOfWindowCallback)
    HAL_ADC_MspInit                          0x080017ed   Thumb Code   182  adc.o(.text.HAL_ADC_MspInit)
    HAL_DMA_IRQHandler                       0x080018a5   Thumb Code   360  stm32f1xx_hal_dma.o(.text.HAL_DMA_IRQHandler)
    HAL_DMA_Init                             0x08001a0d   Thumb Code   134  stm32f1xx_hal_dma.o(.text.HAL_DMA_Init)
    HAL_Delay                                0x08001a95   Thumb Code    40  stm32f1xx_hal.o(.text.HAL_Delay)
    HAL_GPIO_Init                            0x08001abd   Thumb Code   512  stm32f1xx_hal_gpio.o(.text.HAL_GPIO_Init)
    HAL_GPIO_WritePin                        0x08001cbd   Thumb Code    10  stm32f1xx_hal_gpio.o(.text.HAL_GPIO_WritePin)
    HAL_GetTick                              0x08001cc9   Thumb Code    12  stm32f1xx_hal.o(.text.HAL_GetTick)
    HAL_IWDG_Init                            0x08001cd5   Thumb Code    96  stm32f1xx_hal_iwdg.o(.text.HAL_IWDG_Init)
    HAL_IncTick                              0x08001d35   Thumb Code    26  stm32f1xx_hal.o(.text.HAL_IncTick)
    HAL_Init                                 0x08001d51   Thumb Code    38  stm32f1xx_hal.o(.text.HAL_Init)
    HAL_InitTick                             0x08001d79   Thumb Code    80  stm32f1xx_hal.o(.text.HAL_InitTick)
    HAL_MspInit                              0x08001dc9   Thumb Code    66  stm32f1xx_hal_msp.o(.text.HAL_MspInit)
    HAL_NVIC_EnableIRQ                       0x08001e0d   Thumb Code    32  stm32f1xx_hal_cortex.o(.text.HAL_NVIC_EnableIRQ)
    HAL_NVIC_SetPriority                     0x08001e2d   Thumb Code    86  stm32f1xx_hal_cortex.o(.text.HAL_NVIC_SetPriority)
    HAL_NVIC_SetPriorityGrouping             0x08001e85   Thumb Code    32  stm32f1xx_hal_cortex.o(.text.HAL_NVIC_SetPriorityGrouping)
    HAL_RCCEx_PeriphCLKConfig                0x08001ea5   Thumb Code   254  stm32f1xx_hal_rcc_ex.o(.text.HAL_RCCEx_PeriphCLKConfig)
    HAL_RCC_ClockConfig                      0x08001fa5   Thumb Code   442  stm32f1xx_hal_rcc.o(.text.HAL_RCC_ClockConfig)
    HAL_RCC_OscConfig                        0x08002161   Thumb Code   832  stm32f1xx_hal_rcc.o(.text.HAL_RCC_OscConfig)
    HAL_SYSTICK_Config                       0x080024a1   Thumb Code    44  stm32f1xx_hal_cortex.o(.text.HAL_SYSTICK_Config)
    HAL_TIMEx_BreakCallback                  0x080024cd   Thumb Code     2  stm32f1xx_hal_tim_ex.o(.text.HAL_TIMEx_BreakCallback)
    HAL_TIMEx_CommutCallback                 0x080024d1   Thumb Code     2  stm32f1xx_hal_tim_ex.o(.text.HAL_TIMEx_CommutCallback)
    HAL_TIMEx_ConfigBreakDeadTime            0x080024d5   Thumb Code    80  stm32f1xx_hal_tim_ex.o(.text.HAL_TIMEx_ConfigBreakDeadTime)
    HAL_TIMEx_MasterConfigSynchronization    0x08002525   Thumb Code   122  stm32f1xx_hal_tim_ex.o(.text.HAL_TIMEx_MasterConfigSynchronization)
    HAL_TIM_Base_Init                        0x080025a1   Thumb Code   230  stm32f1xx_hal_tim.o(.text.HAL_TIM_Base_Init)
    HAL_TIM_Base_MspInit                     0x08002689   Thumb Code   214  tim.o(.text.HAL_TIM_Base_MspInit)
    HAL_TIM_ConfigClockSource                0x08002761   Thumb Code   418  stm32f1xx_hal_tim.o(.text.HAL_TIM_ConfigClockSource)
    HAL_TIM_IC_CaptureCallback               0x08002905   Thumb Code   206  input_capture_utils.o(.text.HAL_TIM_IC_CaptureCallback)
    HAL_TIM_IC_ConfigChannel                 0x080029d5   Thumb Code   370  stm32f1xx_hal_tim.o(.text.HAL_TIM_IC_ConfigChannel)
    HAL_TIM_IC_Init                          0x08002b49   Thumb Code   230  stm32f1xx_hal_tim.o(.text.HAL_TIM_IC_Init)
    HAL_TIM_IC_MspInit                       0x08002c31   Thumb Code     2  stm32f1xx_hal_tim.o(.text.HAL_TIM_IC_MspInit)
    HAL_TIM_IC_Start_IT                      0x08002c35   Thumb Code   294  stm32f1xx_hal_tim.o(.text.HAL_TIM_IC_Start_IT)
    HAL_TIM_IRQHandler                       0x08002d5d   Thumb Code   330  stm32f1xx_hal_tim.o(.text.HAL_TIM_IRQHandler)
    HAL_TIM_OC_DelayElapsedCallback          0x08002ea9   Thumb Code     2  stm32f1xx_hal_tim.o(.text.HAL_TIM_OC_DelayElapsedCallback)
    HAL_TIM_PWM_ConfigChannel                0x08002ead   Thumb Code   510  stm32f1xx_hal_tim.o(.text.HAL_TIM_PWM_ConfigChannel)
    HAL_TIM_PWM_Init                         0x080030ad   Thumb Code   230  stm32f1xx_hal_tim.o(.text.HAL_TIM_PWM_Init)
    HAL_TIM_PWM_MspInit                      0x08003195   Thumb Code     2  stm32f1xx_hal_tim.o(.text.HAL_TIM_PWM_MspInit)
    HAL_TIM_PWM_PulseFinishedCallback        0x08003199   Thumb Code     2  stm32f1xx_hal_tim.o(.text.HAL_TIM_PWM_PulseFinishedCallback)
    HAL_TIM_PeriodElapsedCallback            0x0800319d   Thumb Code    14  main.o(.text.HAL_TIM_PeriodElapsedCallback)
    HAL_TIM_ReadCapturedValue                0x080031ad   Thumb Code    52  stm32f1xx_hal_tim.o(.text.HAL_TIM_ReadCapturedValue)
    HAL_TIM_TriggerCallback                  0x080031e1   Thumb Code     2  stm32f1xx_hal_tim.o(.text.HAL_TIM_TriggerCallback)
    HardFault_Handler                        0x080031e5   Thumb Code     2  stm32f1xx_it.o(.text.HardFault_Handler)
    IC_AttachContext                         0x080031e9   Thumb Code    12  input_capture_utils.o(.text.IC_AttachContext)
    IC_Init                                  0x080031f5   Thumb Code   112  input_capture_utils.o(.text.IC_Init)
    IC_getSample                             0x08003265   Thumb Code    52  input_capture_utils.o(.text.IC_getSample)
    IC_processSample                         0x08003299   Thumb Code   120  input_capture_utils.o(.text.IC_processSample)
    MX_ADC1_Init                             0x08003311   Thumb Code   274  adc.o(.text.MX_ADC1_Init)
    MX_DMA_Init                              0x08003425   Thumb Code    52  dma.o(.text.MX_DMA_Init)
    MX_GPIO_Init                             0x08003459   Thumb Code   246  gpio.o(.text.MX_GPIO_Init)
    MX_IWDG_Init                             0x08003551   Thumb Code    46  iwdg.o(.text.MX_IWDG_Init)
    MX_TIM1_Init                             0x08003581   Thumb Code   506  tim.o(.text.MX_TIM1_Init)
    MX_TIM2_Init                             0x0800377d   Thumb Code   122  tim.o(.text.MX_TIM2_Init)
    MemManage_Handler                        0x080037f9   Thumb Code     2  stm32f1xx_it.o(.text.MemManage_Handler)
    NMI_Handler                              0x080037fd   Thumb Code     2  stm32f1xx_it.o(.text.NMI_Handler)
    PendSV_Handler                           0x08003801   Thumb Code     2  stm32f1xx_it.o(.text.PendSV_Handler)
    SVC_Handler                              0x08003805   Thumb Code     2  stm32f1xx_it.o(.text.SVC_Handler)
    SysTick_Handler                          0x08003809   Thumb Code     4  stm32f1xx_it.o(.text.SysTick_Handler)
    SystemClock_Config                       0x0800380d   Thumb Code   150  main.o(.text.SystemClock_Config)
    SystemInit                               0x080038a5   Thumb Code     2  system_stm32f1xx.o(.text.SystemInit)
    TIM1_BRK_IRQHandler                      0x080038a9   Thumb Code    12  stm32f1xx_it.o(.text.TIM1_BRK_IRQHandler)
    TIM1_CC_IRQHandler                       0x080038b5   Thumb Code    12  stm32f1xx_it.o(.text.TIM1_CC_IRQHandler)
    TIM2_IRQHandler                          0x080038c1   Thumb Code    12  stm32f1xx_it.o(.text.TIM2_IRQHandler)
    UsageFault_Handler                       0x080038cd   Thumb Code     2  stm32f1xx_it.o(.text.UsageFault_Handler)
    calc_phase_deg                           0x080038d1   Thumb Code   112  input_capture_utils.o(.text.calc_phase_deg)
    main                                     0x08003941   Thumb Code   156  main.o(.text.main)
    _is_digit                                0x08003a19   Thumb Code    14  __printf_wp.o(i._is_digit)
    fputc                                    0x08003a27   Thumb Code    28  fputc.o(i.fputc)
    lroundf                                  0x08003a43   Thumb Code   146  lroundf.o(i.lroundf)
    __aeabi_fadd                             0x08003ad5   Thumb Code     0  faddsub_clz.o(x$fpl$fadd)
    _fadd                                    0x08003ad5   Thumb Code   196  faddsub_clz.o(x$fpl$fadd)
    __aeabi_fcmpeq                           0x08003b99   Thumb Code     0  fcmp.o(x$fpl$fcmp)
    _feq                                     0x08003b99   Thumb Code    14  fcmp.o(x$fpl$fcmp)
    _fneq                                    0x08003ba7   Thumb Code    14  fcmp.o(x$fpl$fcmp)
    __aeabi_fcmpgt                           0x08003bb5   Thumb Code     0  fcmp.o(x$fpl$fcmp)
    _fgr                                     0x08003bb5   Thumb Code    14  fcmp.o(x$fpl$fcmp)
    __aeabi_fcmpge                           0x08003bc3   Thumb Code     0  fcmp.o(x$fpl$fcmp)
    _fgeq                                    0x08003bc3   Thumb Code    14  fcmp.o(x$fpl$fcmp)
    __aeabi_fcmple                           0x08003bd1   Thumb Code     0  fcmp.o(x$fpl$fcmp)
    _fleq                                    0x08003bd1   Thumb Code    14  fcmp.o(x$fpl$fcmp)
    __aeabi_fcmplt                           0x08003bdf   Thumb Code     0  fcmp.o(x$fpl$fcmp)
    _fls                                     0x08003bdf   Thumb Code    14  fcmp.o(x$fpl$fcmp)
    __fpl_fcmp_Inf                           0x08003bed   Thumb Code    24  fcmpi.o(x$fpl$fcmpinf)
    __aeabi_fdiv                             0x08003c05   Thumb Code     0  fdiv.o(x$fpl$fdiv)
    _fdiv                                    0x08003c05   Thumb Code   384  fdiv.o(x$fpl$fdiv)
    __aeabi_cfcmpeq                          0x08003d89   Thumb Code     0  feqf.o(x$fpl$feqf)
    _fcmpeq                                  0x08003d89   Thumb Code   104  feqf.o(x$fpl$feqf)
    _ffix_r                                  0x08003df1   Thumb Code    82  ffix.o(x$fpl$ffixr)
    __aeabi_f2uiz                            0x08003e45   Thumb Code     0  ffixu.o(x$fpl$ffixu)
    _ffixu                                   0x08003e45   Thumb Code    62  ffixu.o(x$fpl$ffixu)
    __aeabi_ui2f                             0x08003e85   Thumb Code     0  fflt_clz.o(x$fpl$ffltu)
    _ffltu                                   0x08003e85   Thumb Code    38  fflt_clz.o(x$fpl$ffltu)
    _fcmpge                                  0x08003ead   Thumb Code   104  fgeqf.o(x$fpl$fgeqf)
    __aeabi_cfcmple                          0x08003f15   Thumb Code     0  fleqf.o(x$fpl$fleqf)
    _fcmple                                  0x08003f15   Thumb Code   104  fleqf.o(x$fpl$fleqf)
    __fpl_fcmple_InfNaN                      0x08003f67   Thumb Code     0  fleqf.o(x$fpl$fleqf)
    __aeabi_fmul                             0x08003f7d   Thumb Code     0  fmul.o(x$fpl$fmul)
    _fmul                                    0x08003f7d   Thumb Code   258  fmul.o(x$fpl$fmul)
    __fpl_fnaninf                            0x0800407f   Thumb Code   140  fnaninf.o(x$fpl$fnaninf)
    __fpl_fretinf                            0x0800410b   Thumb Code    10  fretinf.o(x$fpl$fretinf)
    _frnd                                    0x08004115   Thumb Code    96  frnd.o(x$fpl$frnd)
    __aeabi_fsub                             0x08004175   Thumb Code     0  faddsub_clz.o(x$fpl$fsub)
    _fsub                                    0x08004175   Thumb Code   234  faddsub_clz.o(x$fpl$fsub)
    __I$use$fp                               0x0800425e   Number         0  usenofp.o(x$fpl$usenofp)
    __stdin_name                             0x0800426f   Data           4  sys_io_names.o(.constdata)
    __stdout_name                            0x08004273   Data           4  sys_io_names.o(.constdata)
    __stderr_name                            0x08004277   Data           4  sys_io_names.o(.constdata)
    AHBPrescTable                            0x0800427b   Data          16  system_stm32f1xx.o(.rodata.AHBPrescTable)
    stateTimingTable_us                      0x080042c0   Data          32  pwm_fsm.o(.rodata.stateTimingTable_us)
    Region$$Table$$Base                      0x080042e0   Number         0  anon$$obj.o(Region$$Table)
    Region$$Table$$Limit                     0x08004300   Number         0  anon$$obj.o(Region$$Table)
    __aeabi_stdin                            0x20000000   Data           4  stdio_streams.o(.data)
    __aeabi_stdout                           0x20000004   Data           4  stdio_streams.o(.data)
    __aeabi_stderr                           0x20000008   Data           4  stdio_streams.o(.data)
    SystemCoreClock                          0x2000000c   Data           4  system_stm32f1xx.o(.data.SystemCoreClock)
    uwTickFreq                               0x20000010   Data           1  stm32f1xx_hal.o(.data.uwTickFreq)
    uwTickPrio                               0x20000014   Data           4  stm32f1xx_hal.o(.data.uwTickPrio)
    __stdin                                  0x20000018   Data          84  stdio_streams.o(.bss)
    __stdout                                 0x2000006c   Data          84  stdio_streams.o(.bss)
    __stderr                                 0x200000c0   Data          84  stdio_streams.o(.bss)
    __libspace_start                         0x20000114   Data          96  libspace.o(.bss)
    __temporary_stack_top$libspace           0x20000174   Data           0  libspace.o(.bss)
    hadc1                                    0x20000174   Data          48  adc.o(.bss.hadc1)
    hdma_adc1                                0x200001a4   Data          68  adc.o(.bss.hdma_adc1)
    hiwdg                                    0x200001e8   Data          12  iwdg.o(.bss.hiwdg)
    htim1                                    0x200001f4   Data          72  tim.o(.bss.htim1)
    htim2                                    0x2000023c   Data          72  tim.o(.bss.htim2)
    uwTick                                   0x20000290   Data           4  stm32f1xx_hal.o(.bss.uwTick)



==============================================================================

Memory Map of the image

  Image Entry point : 0x080000ed

  Load Region LR_IROM1 (Base: 0x08000000, Size: 0x00004318, Max: 0x00010000, ABSOLUTE)

    Execution Region ER_IROM1 (Exec base: 0x08000000, Load base: 0x08000000, Size: 0x00004300, Max: 0x00010000, ABSOLUTE)

    Exec Addr    Load Addr    Size         Type   Attr      Idx    E Section Name        Object

    0x08000000   0x08000000   0x000000ec   Data   RO            3    RESET               startup_stm32f103xb.o
    0x080000ec   0x080000ec   0x00000008   Code   RO         1429  * !!!main             c_w.l(__main.o)
    0x080000f4   0x080000f4   0x0000005c   Code   RO         1979    !!!scatter          c_w.l(__scatter.o)
    0x08000150   0x08000150   0x0000001a   Code   RO         1983    !!handler_copy      c_w.l(__scatter_copy.o)
    0x0800016a   0x0800016a   0x00000002   PAD
    0x0800016c   0x0800016c   0x00000002   Code   RO         1980    !!handler_null      c_w.l(__scatter.o)
    0x0800016e   0x0800016e   0x00000002   PAD
    0x08000170   0x08000170   0x0000001c   Code   RO         1985    !!handler_zi        c_w.l(__scatter_zi.o)
    0x0800018c   0x0800018c   0x00000000   Code   RO         1418    .ARM.Collect$$_printf_percent$$00000000  c_w.l(_printf_percent.o)
    0x0800018c   0x0800018c   0x00000006   Code   RO         1416    .ARM.Collect$$_printf_percent$$00000009  c_w.l(_printf_d.o)
    0x08000192   0x08000192   0x00000004   Code   RO         1521    .ARM.Collect$$_printf_percent$$00000017  c_w.l(_printf_percent_end.o)
    0x08000196   0x08000196   0x00000002   Code   RO         1799    .ARM.Collect$$libinit$$00000000  c_w.l(libinit.o)
    0x08000198   0x08000198   0x00000000   Code   RO         1801    .ARM.Collect$$libinit$$00000002  c_w.l(libinit2.o)
    0x08000198   0x08000198   0x00000000   Code   RO         1803    .ARM.Collect$$libinit$$00000004  c_w.l(libinit2.o)
    0x08000198   0x08000198   0x00000000   Code   RO         1805    .ARM.Collect$$libinit$$00000006  c_w.l(libinit2.o)
    0x08000198   0x08000198   0x00000008   Code   RO         1806    .ARM.Collect$$libinit$$00000007  c_w.l(libinit2.o)
    0x080001a0   0x080001a0   0x00000000   Code   RO         1808    .ARM.Collect$$libinit$$0000000C  c_w.l(libinit2.o)
    0x080001a0   0x080001a0   0x00000000   Code   RO         1810    .ARM.Collect$$libinit$$0000000E  c_w.l(libinit2.o)
    0x080001a0   0x080001a0   0x00000000   Code   RO         1812    .ARM.Collect$$libinit$$00000010  c_w.l(libinit2.o)
    0x080001a0   0x080001a0   0x00000000   Code   RO         1815    .ARM.Collect$$libinit$$00000013  c_w.l(libinit2.o)
    0x080001a0   0x080001a0   0x00000000   Code   RO         1817    .ARM.Collect$$libinit$$00000015  c_w.l(libinit2.o)
    0x080001a0   0x080001a0   0x00000000   Code   RO         1819    .ARM.Collect$$libinit$$00000017  c_w.l(libinit2.o)
    0x080001a0   0x080001a0   0x00000000   Code   RO         1821    .ARM.Collect$$libinit$$00000019  c_w.l(libinit2.o)
    0x080001a0   0x080001a0   0x00000000   Code   RO         1823    .ARM.Collect$$libinit$$0000001B  c_w.l(libinit2.o)
    0x080001a0   0x080001a0   0x00000000   Code   RO         1825    .ARM.Collect$$libinit$$0000001D  c_w.l(libinit2.o)
    0x080001a0   0x080001a0   0x00000000   Code   RO         1827    .ARM.Collect$$libinit$$0000001F  c_w.l(libinit2.o)
    0x080001a0   0x080001a0   0x00000000   Code   RO         1829    .ARM.Collect$$libinit$$00000021  c_w.l(libinit2.o)
    0x080001a0   0x080001a0   0x00000000   Code   RO         1831    .ARM.Collect$$libinit$$00000023  c_w.l(libinit2.o)
    0x080001a0   0x080001a0   0x00000000   Code   RO         1833    .ARM.Collect$$libinit$$00000025  c_w.l(libinit2.o)
    0x080001a0   0x080001a0   0x00000004   Code   RO         1834    .ARM.Collect$$libinit$$00000026  c_w.l(libinit2.o)
    0x080001a4   0x080001a4   0x00000000   Code   RO         1835    .ARM.Collect$$libinit$$00000027  c_w.l(libinit2.o)
    0x080001a4   0x080001a4   0x00000000   Code   RO         1839    .ARM.Collect$$libinit$$0000002E  c_w.l(libinit2.o)
    0x080001a4   0x080001a4   0x00000000   Code   RO         1841    .ARM.Collect$$libinit$$00000030  c_w.l(libinit2.o)
    0x080001a4   0x080001a4   0x00000000   Code   RO         1843    .ARM.Collect$$libinit$$00000032  c_w.l(libinit2.o)
    0x080001a4   0x080001a4   0x00000000   Code   RO         1845    .ARM.Collect$$libinit$$00000034  c_w.l(libinit2.o)
    0x080001a4   0x080001a4   0x00000002   Code   RO         1846    .ARM.Collect$$libinit$$00000035  c_w.l(libinit2.o)
    0x080001a6   0x080001a6   0x00000002   Code   RO         1972    .ARM.Collect$$libshutdown$$00000000  c_w.l(libshutdown.o)
    0x080001a8   0x080001a8   0x00000000   Code   RO         1848    .ARM.Collect$$libshutdown$$00000002  c_w.l(libshutdown2.o)
    0x080001a8   0x080001a8   0x00000004   Code   RO         1849    .ARM.Collect$$libshutdown$$00000003  c_w.l(libshutdown2.o)
    0x080001ac   0x080001ac   0x00000000   Code   RO         1850    .ARM.Collect$$libshutdown$$00000004  c_w.l(libshutdown2.o)
    0x080001ac   0x080001ac   0x00000000   Code   RO         1853    .ARM.Collect$$libshutdown$$00000007  c_w.l(libshutdown2.o)
    0x080001ac   0x080001ac   0x00000000   Code   RO         1856    .ARM.Collect$$libshutdown$$0000000A  c_w.l(libshutdown2.o)
    0x080001ac   0x080001ac   0x00000000   Code   RO         1858    .ARM.Collect$$libshutdown$$0000000C  c_w.l(libshutdown2.o)
    0x080001ac   0x080001ac   0x00000000   Code   RO         1861    .ARM.Collect$$libshutdown$$0000000F  c_w.l(libshutdown2.o)
    0x080001ac   0x080001ac   0x00000002   Code   RO         1862    .ARM.Collect$$libshutdown$$00000010  c_w.l(libshutdown2.o)
    0x080001ae   0x080001ae   0x00000000   Code   RO         1506    .ARM.Collect$$rtentry$$00000000  c_w.l(__rtentry.o)
    0x080001ae   0x080001ae   0x00000000   Code   RO         1590    .ARM.Collect$$rtentry$$00000002  c_w.l(__rtentry2.o)
    0x080001ae   0x080001ae   0x00000006   Code   RO         1602    .ARM.Collect$$rtentry$$00000004  c_w.l(__rtentry4.o)
    0x080001b4   0x080001b4   0x00000000   Code   RO         1592    .ARM.Collect$$rtentry$$00000009  c_w.l(__rtentry2.o)
    0x080001b4   0x080001b4   0x00000004   Code   RO         1593    .ARM.Collect$$rtentry$$0000000A  c_w.l(__rtentry2.o)
    0x080001b8   0x080001b8   0x00000000   Code   RO         1595    .ARM.Collect$$rtentry$$0000000C  c_w.l(__rtentry2.o)
    0x080001b8   0x080001b8   0x00000008   Code   RO         1596    .ARM.Collect$$rtentry$$0000000D  c_w.l(__rtentry2.o)
    0x080001c0   0x080001c0   0x00000002   Code   RO         1865    .ARM.Collect$$rtexit$$00000000  c_w.l(rtexit.o)
    0x080001c2   0x080001c2   0x00000000   Code   RO         1925    .ARM.Collect$$rtexit$$00000002  c_w.l(rtexit2.o)
    0x080001c2   0x080001c2   0x00000004   Code   RO         1926    .ARM.Collect$$rtexit$$00000003  c_w.l(rtexit2.o)
    0x080001c6   0x080001c6   0x00000006   Code   RO         1927    .ARM.Collect$$rtexit$$00000004  c_w.l(rtexit2.o)
    0x080001cc   0x080001cc   0x00000040   Code   RO            4    .text               startup_stm32f103xb.o
    0x0800020c   0x0800020c   0x00000018   Code   RO         1386    .text               c_w.l(noretval__2printf.o)
    0x08000224   0x08000224   0x00000078   Code   RO         1394    .text               c_w.l(_printf_dec.o)
    0x0800029c   0x0800029c   0x00000138   Code   RO         1408    .text               c_w.l(__printf_flags_wp.o)
    0x080003d4   0x080003d4   0x0000002c   Code   RO         1419    .text               c_w.l(puts.o)
    0x08000400   0x08000400   0x0000003e   Code   RO         1423    .text               c_w.l(strlen.o)
    0x0800043e   0x0800043e   0x0000004e   Code   RO         1425    .text               c_w.l(rt_memclr_w.o)
    0x0800048c   0x0800048c   0x00000006   Code   RO         1427    .text               c_w.l(heapauxi.o)
    0x08000492   0x08000492   0x00000016   Code   RO         1507    .text               c_w.l(_rserrno.o)
    0x080004a8   0x080004a8   0x000000b2   Code   RO         1509    .text               c_w.l(_printf_intcommon.o)
    0x0800055a   0x0800055a   0x00000002   PAD
    0x0800055c   0x0800055c   0x00000030   Code   RO         1515    .text               c_w.l(_printf_char_common.o)
    0x0800058c   0x0800058c   0x00000024   Code   RO         1519    .text               c_w.l(_printf_char_file.o)
    0x080005b0   0x080005b0   0x0000000e   Code   RO         1581    .text               c_w.l(sys_wrch.o)
    0x080005be   0x080005be   0x00000002   PAD
    0x080005c0   0x080005c0   0x0000000c   Code   RO         1583    .text               c_w.l(sys_exit.o)
    0x080005cc   0x080005cc   0x00000008   Code   RO         1612    .text               c_w.l(rt_errno_addr_intlibspace.o)
    0x080005d4   0x080005d4   0x00000008   Code   RO         1647    .text               c_w.l(ferror.o)
    0x080005dc   0x080005dc   0x000001e2   Code   RO         1649    .text               c_w.l(flsbuf.o)
    0x080007be   0x080007be   0x00000002   PAD
    0x080007c0   0x080007c0   0x00000138   Code   RO         1651    .text               c_w.l(initio.o)
    0x080008f8   0x080008f8   0x00000066   Code   RO         1676    .text               c_w.l(sys_io.o)
    0x0800095e   0x0800095e   0x00000002   PAD
    0x08000960   0x08000960   0x00000008   Code   RO         1683    .text               c_w.l(libspace.o)
    0x08000968   0x08000968   0x00000002   Code   RO         1686    .text               c_w.l(use_no_semi.o)
    0x0800096a   0x0800096a   0x00000000   Code   RO         1690    .text               c_w.l(indicate_semi.o)
    0x0800096a   0x0800096a   0x0000004a   Code   RO         1691    .text               c_w.l(sys_stackheap_outer.o)
    0x080009b4   0x080009b4   0x0000005e   Code   RO         1699    .text               c_w.l(h1_alloc.o)
    0x08000a12   0x08000a12   0x0000004e   Code   RO         1701    .text               c_w.l(h1_free.o)
    0x08000a60   0x08000a60   0x00000046   Code   RO         1761    .text               c_w.l(setvbuf.o)
    0x08000aa6   0x08000aa6   0x00000002   PAD
    0x08000aa8   0x08000aa8   0x00000108   Code   RO         1763    .text               c_w.l(stdio.o)
    0x08000bb0   0x08000bb0   0x000000f0   Code   RO         1768    .text               c_w.l(fopen.o)
    0x08000ca0   0x08000ca0   0x0000004c   Code   RO         1770    .text               c_w.l(fclose.o)
    0x08000cec   0x08000cec   0x00000012   Code   RO         1780    .text               c_w.l(exit.o)
    0x08000cfe   0x08000cfe   0x0000000a   Code   RO         1782    .text               c_w.l(defsig_exit.o)
    0x08000d08   0x08000d08   0x0000000e   Code   RO         1786    .text               c_w.l(defsig_rtred_outer.o)
    0x08000d16   0x08000d16   0x00000002   PAD
    0x08000d18   0x08000d18   0x00000008   Code   RO         1870    .text               c_w.l(rt_heap_descriptor_intlibspace.o)
    0x08000d20   0x08000d20   0x00000004   Code   RO         1872    .text               c_w.l(hguard.o)
    0x08000d24   0x08000d24   0x0000008a   Code   RO         1874    .text               c_w.l(init_alloc.o)
    0x08000dae   0x08000dae   0x0000000c   Code   RO         1878    .text               c_w.l(h1_init.o)
    0x08000dba   0x08000dba   0x00000002   PAD
    0x08000dbc   0x08000dbc   0x000000f8   Code   RO         1896    .text               c_w.l(fseek.o)
    0x08000eb4   0x08000eb4   0x00000032   Code   RO         1904    .text               c_w.l(defsig_general.o)
    0x08000ee6   0x08000ee6   0x00000002   PAD
    0x08000ee8   0x08000ee8   0x00000034   Code   RO         1906    .text               c_w.l(defsig_rtred_inner.o)
    0x08000f1c   0x08000f1c   0x00000000   Code   RO         1933    .text               c_w.l(maybetermalloc1.o)
    0x08000f1c   0x08000f1c   0x00000034   Code   RO         1935    .text               c_w.l(h1_extend.o)
    0x08000f50   0x08000f50   0x00000042   Code   RO         1939    .text               c_w.l(ftell.o)
    0x08000f92   0x08000f92   0x0000000e   Code   RO         1941    .text               c_w.l(defsig_rtmem_outer.o)
    0x08000fa0   0x08000fa0   0x00000050   Code   RO         1958    .text               c_w.l(defsig_rtmem_inner.o)
    0x08000ff0   0x08000ff0   0x0000000c   Code   RO          125    .text.ADC1_2_IRQHandler  stm32f1xx_it.o
    0x08000ffc   0x08000ffc   0x00000002   Code   RO          111    .text.BusFault_Handler  stm32f1xx_it.o
    0x08000ffe   0x08000ffe   0x00000002   PAD
    0x08001000   0x08001000   0x0000008e   Code   RO         1305    .text.Calibrate_PhaseOffset  fsm_resonance_sweep.o
    0x0800108e   0x0800108e   0x00000002   PAD
    0x08001090   0x08001090   0x0000000c   Code   RO          123    .text.DMA1_Channel1_IRQHandler  stm32f1xx_it.o
    0x0800109c   0x0800109c   0x00000002   Code   RO          117    .text.DebugMon_Handler  stm32f1xx_it.o
    0x0800109e   0x0800109e   0x00000002   PAD
    0x080010a0   0x080010a0   0x0000000a   Code   RO           15    .text.Error_Handler  main.o
    0x080010aa   0x080010aa   0x00000002   PAD
    0x080010ac   0x080010ac   0x00000082   Code   RO         1344    .text.FSM_Tick_OnPeriodElapsed  fsm_tick.o
    0x0800112e   0x0800112e   0x00000002   PAD
    0x08001130   0x08001130   0x000001c4   Code   RO          275    .text.HAL_ADCEx_InjectedConfigChannel  stm32f1xx_hal_adc_ex.o
    0x080012f4   0x080012f4   0x0000004c   Code   RO         1188    .text.HAL_ADCEx_InjectedConvCpltCallback  adc_utils.o
    0x08001340   0x08001340   0x00000026   Code   RO          269    .text.HAL_ADCEx_InjectedGetValue  stm32f1xx_hal_adc_ex.o
    0x08001366   0x08001366   0x00000002   PAD
    0x08001368   0x08001368   0x00000054   Code   RO          239    .text.HAL_ADC_AnalogWDGConfig  stm32f1xx_hal_adc.o
    0x080013bc   0x080013bc   0x0000010e   Code   RO          237    .text.HAL_ADC_ConfigChannel  stm32f1xx_hal_adc.o
    0x080014ca   0x080014ca   0x00000002   PAD
    0x080014cc   0x080014cc   0x00000072   Code   RO         1186    .text.HAL_ADC_ConvCpltCallback  adc_utils.o
    0x0800153e   0x0800153e   0x00000002   PAD
    0x08001540   0x08001540   0x000000ee   Code   RO          227    .text.HAL_ADC_IRQHandler  stm32f1xx_hal_adc.o
    0x0800162e   0x0800162e   0x00000002   PAD
    0x08001630   0x08001630   0x00000160   Code   RO          191    .text.HAL_ADC_Init  stm32f1xx_hal_adc.o
    0x08001790   0x08001790   0x0000005c   Code   RO         1190    .text.HAL_ADC_LevelOutOfWindowCallback  adc_utils.o
    0x080017ec   0x080017ec   0x000000b6   Code   RO           49    .text.HAL_ADC_MspInit  adc.o
    0x080018a2   0x080018a2   0x00000002   PAD
    0x080018a4   0x080018a4   0x00000168   Code   RO          438    .text.HAL_DMA_IRQHandler  stm32f1xx_hal_dma.o
    0x08001a0c   0x08001a0c   0x00000086   Code   RO          424    .text.HAL_DMA_Init  stm32f1xx_hal_dma.o
    0x08001a92   0x08001a92   0x00000002   PAD
    0x08001a94   0x08001a94   0x00000028   Code   RO          307    .text.HAL_Delay     stm32f1xx_hal.o
    0x08001abc   0x08001abc   0x00000200   Code   RO          400    .text.HAL_GPIO_Init  stm32f1xx_hal_gpio.o
    0x08001cbc   0x08001cbc   0x0000000a   Code   RO          406    .text.HAL_GPIO_WritePin  stm32f1xx_hal_gpio.o
    0x08001cc6   0x08001cc6   0x00000002   PAD
    0x08001cc8   0x08001cc8   0x0000000c   Code   RO          299    .text.HAL_GetTick   stm32f1xx_hal.o
    0x08001cd4   0x08001cd4   0x00000060   Code   RO          621    .text.HAL_IWDG_Init  stm32f1xx_hal_iwdg.o
    0x08001d34   0x08001d34   0x0000001a   Code   RO          297    .text.HAL_IncTick   stm32f1xx_hal.o
    0x08001d4e   0x08001d4e   0x00000002   PAD
    0x08001d50   0x08001d50   0x00000026   Code   RO          287    .text.HAL_Init      stm32f1xx_hal.o
    0x08001d76   0x08001d76   0x00000002   PAD
    0x08001d78   0x08001d78   0x00000050   Code   RO          289    .text.HAL_InitTick  stm32f1xx_hal.o
    0x08001dc8   0x08001dc8   0x00000042   Code   RO          140    .text.HAL_MspInit   stm32f1xx_hal_msp.o
    0x08001e0a   0x08001e0a   0x00000002   PAD
    0x08001e0c   0x08001e0c   0x00000020   Code   RO          460    .text.HAL_NVIC_EnableIRQ  stm32f1xx_hal_cortex.o
    0x08001e2c   0x08001e2c   0x00000056   Code   RO          458    .text.HAL_NVIC_SetPriority  stm32f1xx_hal_cortex.o
    0x08001e82   0x08001e82   0x00000002   PAD
    0x08001e84   0x08001e84   0x00000020   Code   RO          456    .text.HAL_NVIC_SetPriorityGrouping  stm32f1xx_hal_cortex.o
    0x08001ea4   0x08001ea4   0x000000fe   Code   RO          386    .text.HAL_RCCEx_PeriphCLKConfig  stm32f1xx_hal_rcc_ex.o
    0x08001fa2   0x08001fa2   0x00000002   PAD
    0x08001fa4   0x08001fa4   0x000001ba   Code   RO          352    .text.HAL_RCC_ClockConfig  stm32f1xx_hal_rcc.o
    0x0800215e   0x0800215e   0x00000002   PAD
    0x08002160   0x08002160   0x00000340   Code   RO          350    .text.HAL_RCC_OscConfig  stm32f1xx_hal_rcc.o
    0x080024a0   0x080024a0   0x0000002c   Code   RO          468    .text.HAL_SYSTICK_Config  stm32f1xx_hal_cortex.o
    0x080024cc   0x080024cc   0x00000002   Code   RO          938    .text.HAL_TIMEx_BreakCallback  stm32f1xx_hal_tim_ex.o
    0x080024ce   0x080024ce   0x00000002   PAD
    0x080024d0   0x080024d0   0x00000002   Code   RO          934    .text.HAL_TIMEx_CommutCallback  stm32f1xx_hal_tim_ex.o
    0x080024d2   0x080024d2   0x00000002   PAD
    0x080024d4   0x080024d4   0x00000050   Code   RO          930    .text.HAL_TIMEx_ConfigBreakDeadTime  stm32f1xx_hal_tim_ex.o
    0x08002524   0x08002524   0x0000007a   Code   RO          928    .text.HAL_TIMEx_MasterConfigSynchronization  stm32f1xx_hal_tim_ex.o
    0x0800259e   0x0800259e   0x00000002   PAD
    0x080025a0   0x080025a0   0x000000e6   Code   RO          633    .text.HAL_TIM_Base_Init  stm32f1xx_hal_tim.o
    0x08002686   0x08002686   0x00000002   PAD
    0x08002688   0x08002688   0x000000d6   Code   RO           91    .text.HAL_TIM_Base_MspInit  tim.o
    0x0800275e   0x0800275e   0x00000002   PAD
    0x08002760   0x08002760   0x000001a2   Code   RO          813    .text.HAL_TIM_ConfigClockSource  stm32f1xx_hal_tim.o
    0x08002902   0x08002902   0x00000002   PAD
    0x08002904   0x08002904   0x000000ce   Code   RO         1325    .text.HAL_TIM_IC_CaptureCallback  input_capture_utils.o
    0x080029d2   0x080029d2   0x00000002   PAD
    0x080029d4   0x080029d4   0x00000172   Code   RO          783    .text.HAL_TIM_IC_ConfigChannel  stm32f1xx_hal_tim.o
    0x08002b46   0x08002b46   0x00000002   PAD
    0x08002b48   0x08002b48   0x000000e6   Code   RO          707    .text.HAL_TIM_IC_Init  stm32f1xx_hal_tim.o
    0x08002c2e   0x08002c2e   0x00000002   PAD
    0x08002c30   0x08002c30   0x00000002   Code   RO          709    .text.HAL_TIM_IC_MspInit  stm32f1xx_hal_tim.o
    0x08002c32   0x08002c32   0x00000002   PAD
    0x08002c34   0x08002c34   0x00000126   Code   RO          719    .text.HAL_TIM_IC_Start_IT  stm32f1xx_hal_tim.o
    0x08002d5a   0x08002d5a   0x00000002   PAD
    0x08002d5c   0x08002d5c   0x0000014a   Code   RO          767    .text.HAL_TIM_IRQHandler  stm32f1xx_hal_tim.o
    0x08002ea6   0x08002ea6   0x00000002   PAD
    0x08002ea8   0x08002ea8   0x00000002   Code   RO          771    .text.HAL_TIM_OC_DelayElapsedCallback  stm32f1xx_hal_tim.o
    0x08002eaa   0x08002eaa   0x00000002   PAD
    0x08002eac   0x08002eac   0x000001fe   Code   RO          787    .text.HAL_TIM_PWM_ConfigChannel  stm32f1xx_hal_tim.o
    0x080030aa   0x080030aa   0x00000002   PAD
    0x080030ac   0x080030ac   0x000000e6   Code   RO          687    .text.HAL_TIM_PWM_Init  stm32f1xx_hal_tim.o
    0x08003192   0x08003192   0x00000002   PAD
    0x08003194   0x08003194   0x00000002   Code   RO          689    .text.HAL_TIM_PWM_MspInit  stm32f1xx_hal_tim.o
    0x08003196   0x08003196   0x00000002   PAD
    0x08003198   0x08003198   0x00000002   Code   RO          773    .text.HAL_TIM_PWM_PulseFinishedCallback  stm32f1xx_hal_tim.o
    0x0800319a   0x0800319a   0x00000002   PAD
    0x0800319c   0x0800319c   0x0000000e   Code   RO           19    .text.HAL_TIM_PeriodElapsedCallback  main.o
    0x080031aa   0x080031aa   0x00000002   PAD
    0x080031ac   0x080031ac   0x00000034   Code   RO          823    .text.HAL_TIM_ReadCapturedValue  stm32f1xx_hal_tim.o
    0x080031e0   0x080031e0   0x00000002   Code   RO          777    .text.HAL_TIM_TriggerCallback  stm32f1xx_hal_tim.o
    0x080031e2   0x080031e2   0x00000002   PAD
    0x080031e4   0x080031e4   0x00000002   Code   RO          107    .text.HardFault_Handler  stm32f1xx_it.o
    0x080031e6   0x080031e6   0x00000002   PAD
    0x080031e8   0x080031e8   0x0000000c   Code   RO         1317    .text.IC_AttachContext  input_capture_utils.o
    0x080031f4   0x080031f4   0x00000070   Code   RO         1321    .text.IC_Init       input_capture_utils.o
    0x08003264   0x08003264   0x00000034   Code   RO         1323    .text.IC_getSample  input_capture_utils.o
    0x08003298   0x08003298   0x00000078   Code   RO         1327    .text.IC_processSample  input_capture_utils.o
    0x08003310   0x08003310   0x00000112   Code   RO           47    .text.MX_ADC1_Init  adc.o
    0x08003422   0x08003422   0x00000002   PAD
    0x08003424   0x08003424   0x00000034   Code   RO           63    .text.MX_DMA_Init   dma.o
    0x08003458   0x08003458   0x000000f6   Code   RO           38    .text.MX_GPIO_Init  gpio.o
    0x0800354e   0x0800354e   0x00000002   PAD
    0x08003550   0x08003550   0x0000002e   Code   RO           74    .text.MX_IWDG_Init  iwdg.o
    0x0800357e   0x0800357e   0x00000002   PAD
    0x08003580   0x08003580   0x000001fa   Code   RO           85    .text.MX_TIM1_Init  tim.o
    0x0800377a   0x0800377a   0x00000002   PAD
    0x0800377c   0x0800377c   0x0000007a   Code   RO           89    .text.MX_TIM2_Init  tim.o
    0x080037f6   0x080037f6   0x00000002   PAD
    0x080037f8   0x080037f8   0x00000002   Code   RO          109    .text.MemManage_Handler  stm32f1xx_it.o
    0x080037fa   0x080037fa   0x00000002   PAD
    0x080037fc   0x080037fc   0x00000002   Code   RO          105    .text.NMI_Handler   stm32f1xx_it.o
    0x080037fe   0x080037fe   0x00000002   PAD
    0x08003800   0x08003800   0x00000002   Code   RO          119    .text.PendSV_Handler  stm32f1xx_it.o
    0x08003802   0x08003802   0x00000002   PAD
    0x08003804   0x08003804   0x00000002   Code   RO          115    .text.SVC_Handler   stm32f1xx_it.o
    0x08003806   0x08003806   0x00000002   PAD
    0x08003808   0x08003808   0x00000004   Code   RO          121    .text.SysTick_Handler  stm32f1xx_it.o
    0x0800380c   0x0800380c   0x00000096   Code   RO           13    .text.SystemClock_Config  main.o
    0x080038a2   0x080038a2   0x00000002   PAD
    0x080038a4   0x080038a4   0x00000002   Code   RO          952    .text.SystemInit    system_stm32f1xx.o
    0x080038a6   0x080038a6   0x00000002   PAD
    0x080038a8   0x080038a8   0x0000000c   Code   RO          127    .text.TIM1_BRK_IRQHandler  stm32f1xx_it.o
    0x080038b4   0x080038b4   0x0000000c   Code   RO          129    .text.TIM1_CC_IRQHandler  stm32f1xx_it.o
    0x080038c0   0x080038c0   0x0000000c   Code   RO          131    .text.TIM2_IRQHandler  stm32f1xx_it.o
    0x080038cc   0x080038cc   0x00000002   Code   RO          113    .text.UsageFault_Handler  stm32f1xx_it.o
    0x080038ce   0x080038ce   0x00000002   PAD
    0x080038d0   0x080038d0   0x00000070   Code   RO         1331    .text.calc_phase_deg  input_capture_utils.o
    0x08003940   0x08003940   0x000000d8   Code   RO           11    .text.main          main.o
    0x08003a18   0x08003a18   0x0000000e   Code   RO         1406    i._is_digit         c_w.l(__printf_wp.o)
    0x08003a26   0x08003a26   0x0000001c   Code   RO         1523    i.fputc             c_w.l(fputc.o)
    0x08003a42   0x08003a42   0x00000092   Code   RO         1504    i.lroundf           m_ws.l(lroundf.o)
    0x08003ad4   0x08003ad4   0x000000c4   Code   RO         1457    x$fpl$fadd          fz_ws.l(faddsub_clz.o)
    0x08003b98   0x08003b98   0x00000054   Code   RO         1463    x$fpl$fcmp          fz_ws.l(fcmp.o)
    0x08003bec   0x08003bec   0x00000018   Code   RO         1670    x$fpl$fcmpinf       fz_ws.l(fcmpi.o)
    0x08003c04   0x08003c04   0x00000184   Code   RO         1466    x$fpl$fdiv          fz_ws.l(fdiv.o)
    0x08003d88   0x08003d88   0x00000068   Code   RO         1552    x$fpl$feqf          fz_ws.l(feqf.o)
    0x08003df0   0x08003df0   0x00000052   Code   RO         1470    x$fpl$ffixr         fz_ws.l(ffix.o)
    0x08003e42   0x08003e42   0x00000002   PAD
    0x08003e44   0x08003e44   0x0000003e   Code   RO         1473    x$fpl$ffixu         fz_ws.l(ffixu.o)
    0x08003e82   0x08003e82   0x00000002   PAD
    0x08003e84   0x08003e84   0x00000026   Code   RO         1477    x$fpl$ffltu         fz_ws.l(fflt_clz.o)
    0x08003eaa   0x08003eaa   0x00000002   PAD
    0x08003eac   0x08003eac   0x00000068   Code   RO         1554    x$fpl$fgeqf         fz_ws.l(fgeqf.o)
    0x08003f14   0x08003f14   0x00000068   Code   RO         1556    x$fpl$fleqf         fz_ws.l(fleqf.o)
    0x08003f7c   0x08003f7c   0x00000102   Code   RO         1483    x$fpl$fmul          fz_ws.l(fmul.o)
    0x0800407e   0x0800407e   0x0000008c   Code   RO         1558    x$fpl$fnaninf       fz_ws.l(fnaninf.o)
    0x0800410a   0x0800410a   0x0000000a   Code   RO         1560    x$fpl$fretinf       fz_ws.l(fretinf.o)
    0x08004114   0x08004114   0x00000060   Code   RO         1562    x$fpl$frnd          fz_ws.l(frnd.o)
    0x08004174   0x08004174   0x000000ea   Code   RO         1459    x$fpl$fsub          fz_ws.l(faddsub_clz.o)
    0x0800425e   0x0800425e   0x00000000   Code   RO         1566    x$fpl$usenofp       fz_ws.l(usenofp.o)
    0x0800425e   0x0800425e   0x00000011   Data   RO         1409    .constdata          c_w.l(__printf_flags_wp.o)
    0x0800426f   0x0800426f   0x00000004   Data   RO         1678    .constdata          c_w.l(sys_io_names.o)
    0x08004273   0x08004273   0x00000004   Data   RO         1679    .constdata          c_w.l(sys_io_names.o)
    0x08004277   0x08004277   0x00000004   Data   RO         1680    .constdata          c_w.l(sys_io_names.o)
    0x0800427b   0x0800427b   0x00000010   Data   RO          957    .rodata.AHBPrescTable  system_stm32f1xx.o
    0x0800428b   0x0800428b   0x00000002   Data   RO          377    .rodata.HAL_RCC_GetSysClockFreq.aPredivFactorTable  stm32f1xx_hal_rcc.o
    0x0800428d   0x0800428d   0x00000010   Data   RO          376    .rodata.cst16       stm32f1xx_hal_rcc.o
    0x0800429d   0x0800429d   0x00000003   PAD
    0x080042a0   0x080042a0   0x00000020   Data   RO          853    .rodata.cst16       stm32f1xx_hal_tim.o
    0x080042c0   0x080042c0   0x00000020   Data   RO         1150    .rodata.stateTimingTable_us  pwm_fsm.o
    0x080042e0   0x080042e0   0x00000020   Data   RO         1978    Region$$Table       anon$$obj.o


    Execution Region RW_IRAM1 (Exec base: 0x20000000, Load base: 0x08004300, Size: 0x00000898, Max: 0x00005000, ABSOLUTE)

    Exec Addr    Load Addr    Size         Type   Attr      Idx    E Section Name        Object

    0x20000000   0x08004300   0x00000004   Data   RW         1529    .data               c_w.l(stdio_streams.o)
    0x20000004   0x08004304   0x00000004   Data   RW         1530    .data               c_w.l(stdio_streams.o)
    0x20000008   0x08004308   0x00000004   Data   RW         1531    .data               c_w.l(stdio_streams.o)
    0x2000000c   0x0800430c   0x00000004   Data   RW          956    .data.SystemCoreClock  system_stm32f1xx.o
    0x20000010   0x08004310   0x00000001   Data   RW          338    .data.uwTickFreq    stm32f1xx_hal.o
    0x20000011   0x08004311   0x00000003   PAD
    0x20000014   0x08004314   0x00000004   Data   RW          337    .data.uwTickPrio    stm32f1xx_hal.o
    0x20000018        -       0x00000054   Zero   RW         1526    .bss                c_w.l(stdio_streams.o)
    0x2000006c        -       0x00000054   Zero   RW         1527    .bss                c_w.l(stdio_streams.o)
    0x200000c0        -       0x00000054   Zero   RW         1528    .bss                c_w.l(stdio_streams.o)
    0x20000114        -       0x00000060   Zero   RW         1684    .bss                c_w.l(libspace.o)
    0x20000174        -       0x00000030   Zero   RW           53    .bss.hadc1          adc.o
    0x200001a4        -       0x00000044   Zero   RW           54    .bss.hdma_adc1      adc.o
    0x200001e8        -       0x0000000c   Zero   RW           76    .bss.hiwdg          iwdg.o
    0x200001f4        -       0x00000048   Zero   RW           95    .bss.htim1          tim.o
    0x2000023c        -       0x00000048   Zero   RW           96    .bss.htim2          tim.o
    0x20000284        -       0x00000004   Zero   RW         1346    .bss.s_app          fsm_tick.o
    0x20000288        -       0x00000004   Zero   RW         1223    .bss.s_ctx          adc_utils.o
    0x2000028c        -       0x00000004   Zero   RW         1333    .bss.s_ic           input_capture_utils.o
    0x20000290        -       0x00000004   Zero   RW          339    .bss.uwTick         stm32f1xx_hal.o
    0x20000294   0x08004318   0x00000004   PAD
    0x20000298        -       0x00000200   Zero   RW            2    HEAP                startup_stm32f103xb.o
    0x20000498        -       0x00000400   Zero   RW            1    STACK               startup_stm32f103xb.o


==============================================================================

Image component sizes


      Code (inc. data)   RO Data    RW Data    ZI Data      Debug   Object Name

       456          0          0          0        116       5919   adc.o
       282          0          0          0          4      13638   adc_utils.o
        52          0          0          0          0       2168   dma.o
       142          0          0          0          0      10529   fsm_resonance_sweep.o
       130          0          0          0          4       9227   fsm_tick.o
       246          0          0          0          0       1621   gpio.o
       614          0          0          0          4       6834   input_capture_utils.o
        46          0          0          0         12       1802   iwdg.o
       390         60          0          0          0      12715   main.o
         0          0         32          0          0      14961   pwm_fsm.o
        64         26        236          0       1536        792   startup_stm32f103xb.o
       196          0          0          5          4       5739   stm32f1xx_hal.o
       944          0          0          0          0      12734   stm32f1xx_hal_adc.o
       490          0          0          0          0       8721   stm32f1xx_hal_adc_ex.o
       194          0          0          0          0       8434   stm32f1xx_hal_cortex.o
       494          0          0          0          0       7594   stm32f1xx_hal_dma.o
       522         20          0          0          0       4619   stm32f1xx_hal_gpio.o
        96          0          0          0          0       1604   stm32f1xx_hal_iwdg.o
        66          0          0          0          0       1194   stm32f1xx_hal_msp.o
      1274          0         18          0          0       7576   stm32f1xx_hal_rcc.o
       254          0          0          0          0       3594   stm32f1xx_hal_rcc_ex.o
      2674         12         32          0          0      56411   stm32f1xx_hal_tim.o
       206          0          0          0          0      21018   stm32f1xx_hal_tim_ex.o
        80          0          0          0          0       5555   stm32f1xx_it.o
         2          0         16          4          0       1583   system_stm32f1xx.o
       842          0          0          0        144       8251   tim.o

    ----------------------------------------------------------------------
     10856        118        369         12       1828     234833   Object Totals
         0          0         32          0          0          0   (incl. Generated)
       100          0          3          3          4          0   (incl. Padding)

    ----------------------------------------------------------------------

      Code (inc. data)   RO Data    RW Data    ZI Data      Debug   Library Member Name

         8          0          0          0          0         68   __main.o
       312          4         17          0          0         92   __printf_flags_wp.o
        14          0          0          0          0         68   __printf_wp.o
         0          0          0          0          0          0   __rtentry.o
        12          0          0          0          0          0   __rtentry2.o
         6          0          0          0          0          0   __rtentry4.o
        94          8          0          0          0          0   __scatter.o
        26          0          0          0          0          0   __scatter_copy.o
        28          0          0          0          0          0   __scatter_zi.o
        48          6          0          0          0         96   _printf_char_common.o
        36          4          0          0          0         80   _printf_char_file.o
         6          0          0          0          0          0   _printf_d.o
       120         16          0          0          0         92   _printf_dec.o
       178          0          0          0          0         88   _printf_intcommon.o
         0          0          0          0          0          0   _printf_percent.o
         4          0          0          0          0          0   _printf_percent_end.o
        22          0          0          0          0        100   _rserrno.o
        10          0          0          0          0         68   defsig_exit.o
        50          0          0          0          0         88   defsig_general.o
        80         58          0          0          0         76   defsig_rtmem_inner.o
        14          0          0          0          0         80   defsig_rtmem_outer.o
        52         38          0          0          0         76   defsig_rtred_inner.o
        14          0          0          0          0         80   defsig_rtred_outer.o
        18          0          0          0          0         80   exit.o
        76          0          0          0          0         88   fclose.o
         8          0          0          0          0         68   ferror.o
       482          0          0          0          0         92   flsbuf.o
       240          6          0          0          0        128   fopen.o
        28          0          0          0          0         68   fputc.o
       248          6          0          0          0         84   fseek.o
        66          0          0          0          0         76   ftell.o
        94          0          0          0          0         80   h1_alloc.o
        52          0          0          0          0         68   h1_extend.o
        78          0          0          0          0         80   h1_free.o
        12          0          0          0          0         84   h1_init.o
         6          0          0          0          0        152   heapauxi.o
         4          0          0          0          0        136   hguard.o
         0          0          0          0          0          0   indicate_semi.o
       138          0          0          0          0        168   init_alloc.o
       312         46          0          0          0        112   initio.o
         2          0          0          0          0          0   libinit.o
        14          0          0          0          0          0   libinit2.o
         2          0          0          0          0          0   libshutdown.o
         6          0          0          0          0          0   libshutdown2.o
         8          4          0          0         96         68   libspace.o
         0          0          0          0          0          0   maybetermalloc1.o
        24          4          0          0          0         84   noretval__2printf.o
        44          4          0          0          0         84   puts.o
         8          4          0          0          0         68   rt_errno_addr_intlibspace.o
         8          4          0          0          0         68   rt_heap_descriptor_intlibspace.o
        78          0          0          0          0         80   rt_memclr_w.o
         2          0          0          0          0          0   rtexit.o
        10          0          0          0          0          0   rtexit2.o
        70          0          0          0          0         80   setvbuf.o
       264          6          0          0          0        160   stdio.o
         0          0          0         12        252          0   stdio_streams.o
        62          0          0          0          0         76   strlen.o
        12          4          0          0          0         68   sys_exit.o
       102          0          0          0          0        240   sys_io.o
         0          0         12          0          0          0   sys_io_names.o
        74          0          0          0          0         80   sys_stackheap_outer.o
        14          0          0          0          0         76   sys_wrch.o
         2          0          0          0          0         68   use_no_semi.o
       430          8          0          0          0        168   faddsub_clz.o
        84          0          0          0          0        196   fcmp.o
        24          0          0          0          0         68   fcmpi.o
       388         76          0          0          0         96   fdiv.o
       104          4          0          0          0         84   feqf.o
        82          4          0          0          0         84   ffix.o
        62          4          0          0          0         84   ffixu.o
        38          0          0          0          0         68   fflt_clz.o
       104          4          0          0          0         84   fgeqf.o
       104          4          0          0          0         84   fleqf.o
       258          4          0          0          0         84   fmul.o
       140          4          0          0          0         84   fnaninf.o
        10          0          0          0          0         68   fretinf.o
        96          4          0          0          0         76   frnd.o
         0          0          0          0          0          0   usenofp.o
       146          0          0          0          0         88   lroundf.o

    ----------------------------------------------------------------------
      5898        338         29         12        348       5432   Library Totals
        26          0          0          0          0          0   (incl. Padding)

    ----------------------------------------------------------------------

      Code (inc. data)   RO Data    RW Data    ZI Data      Debug   Library Name

      3802        222         29         12        348       4016   c_w.l
      1924        116          0          0          0       1328   fz_ws.l
       146          0          0          0          0         88   m_ws.l

    ----------------------------------------------------------------------
      5898        338         29         12        348       5432   Library Totals

    ----------------------------------------------------------------------

==============================================================================


      Code (inc. data)   RO Data    RW Data    ZI Data      Debug   

     16754        456        398         24       2176     236957   Grand Totals
     16754        456        398         24       2176     236957   ELF Image Totals
     16754        456        398         24          0          0   ROM Totals

==============================================================================

    Total RO  Size (Code + RO Data)                17152 (  16.75kB)
    Total RW  Size (RW Data + ZI Data)              2200 (   2.15kB)
    Total ROM Size (Code + RO Data + RW Data)      17176 (  16.77kB)

==============================================================================

